Component: ARM Compiler 5.06 update 6 (build 750) Tool: armlink [4d35ed]

==============================================================================

Section Cross References

    startup_stm32f401xe.o(RESET) refers to startup_stm32f401xe.o(STACK) for __initial_sp
    startup_stm32f401xe.o(RESET) refers to startup_stm32f401xe.o(.text) for Reset_Handler
    startup_stm32f401xe.o(RESET) refers to stm32f4xx_it.o(i.NMI_Handler) for NMI_Handler
    startup_stm32f401xe.o(RESET) refers to stm32f4xx_it.o(i.HardFault_Handler) for HardFault_Handler
    startup_stm32f401xe.o(RESET) refers to stm32f4xx_it.o(i.MemManage_Handler) for MemManage_Handler
    startup_stm32f401xe.o(RESET) refers to stm32f4xx_it.o(i.BusFault_Handler) for BusFault_Handler
    startup_stm32f401xe.o(RESET) refers to stm32f4xx_it.o(i.UsageFault_Handler) for UsageFault_Handler
    startup_stm32f401xe.o(RESET) refers to stm32f4xx_it.o(i.SVC_Handler) for SVC_Handler
    startup_stm32f401xe.o(RESET) refers to stm32f4xx_it.o(i.DebugMon_Handler) for DebugMon_Handler
    startup_stm32f401xe.o(RESET) refers to stm32f4xx_it.o(i.PendSV_Handler) for PendSV_Handler
    startup_stm32f401xe.o(RESET) refers to stm32f4xx_it.o(i.SysTick_Handler) for SysTick_Handler
    startup_stm32f401xe.o(.text) refers to system_stm32f4xx.o(i.SystemInit) for SystemInit
    startup_stm32f401xe.o(.text) refers to entry.o(.ARM.Collect$$$$00000000) for __main
    main.o(i.SystemClock_Config) refers to memseta.o(.text) for __aeabi_memclr4
    main.o(i.SystemClock_Config) refers to stm32f4xx_hal_rcc.o(i.HAL_RCC_OscConfig) for HAL_RCC_OscConfig
    main.o(i.SystemClock_Config) refers to stm32f4xx_hal_rcc.o(i.HAL_RCC_ClockConfig) for HAL_RCC_ClockConfig
    main.o(i.fputc) refers to stm32f4xx_hal_uart.o(i.HAL_UART_Transmit) for HAL_UART_Transmit
    main.o(i.fputc) refers to main.o(.bss) for .bss
    main.o(i.main) refers to stm32f4xx_hal.o(i.HAL_Init) for HAL_Init
    main.o(i.main) refers to main.o(i.SystemClock_Config) for SystemClock_Config
    main.o(i.main) refers to stm32f4xx_hal_uart.o(i.HAL_UART_Init) for HAL_UART_Init
    main.o(i.main) refers to 6502.o(i.reset6502) for reset6502
    main.o(i.main) refers to 6502.o(i.step6502) for step6502
    main.o(i.main) refers to main.o(.bss) for .bss
    main.o(i.read6502) refers to printf5.o(i.__0printf$5) for __2printf
    stm32f4xx_it.o(i.SysTick_Handler) refers to stm32f4xx_hal.o(i.HAL_IncTick) for HAL_IncTick
    stm32f4xx_hal_msp.o(i.HAL_UART_MspDeInit) refers to stm32f4xx_hal_gpio.o(i.HAL_GPIO_DeInit) for HAL_GPIO_DeInit
    stm32f4xx_hal_msp.o(i.HAL_UART_MspInit) refers to memseta.o(.text) for __aeabi_memclr4
    stm32f4xx_hal_msp.o(i.HAL_UART_MspInit) refers to stm32f4xx_hal_gpio.o(i.HAL_GPIO_Init) for HAL_GPIO_Init
    6502.o(i.abso) refers to main.o(i.read6502) for read6502
    6502.o(i.abso) refers to 6502.o(.data) for .data
    6502.o(i.absx) refers to main.o(i.read6502) for read6502
    6502.o(i.absx) refers to 6502.o(.data) for .data
    6502.o(i.absy) refers to main.o(i.read6502) for read6502
    6502.o(i.absy) refers to 6502.o(.data) for .data
    6502.o(i.adc) refers to 6502.o(i.getvalue) for getvalue
    6502.o(i.adc) refers to 6502.o(.data) for .data
    6502.o(i.and) refers to 6502.o(i.getvalue) for getvalue
    6502.o(i.and) refers to 6502.o(.data) for .data
    6502.o(i.asl) refers to 6502.o(i.getvalue) for getvalue
    6502.o(i.asl) refers to 6502.o(i.putvalue) for putvalue
    6502.o(i.asl) refers to 6502.o(.data) for .data
    6502.o(i.bcc) refers to 6502.o(.data) for .data
    6502.o(i.bcs) refers to 6502.o(.data) for .data
    6502.o(i.beq) refers to 6502.o(.data) for .data
    6502.o(i.bit) refers to 6502.o(i.getvalue) for getvalue
    6502.o(i.bit) refers to 6502.o(.data) for .data
    6502.o(i.bmi) refers to 6502.o(.data) for .data
    6502.o(i.bne) refers to 6502.o(.data) for .data
    6502.o(i.bpl) refers to 6502.o(.data) for .data
    6502.o(i.brk) refers to 6502.o(i.push16) for push16
    6502.o(i.brk) refers to 6502.o(i.push8) for push8
    6502.o(i.brk) refers to main.o(i.read6502) for read6502
    6502.o(i.brk) refers to 6502.o(.data) for .data
    6502.o(i.bvc) refers to 6502.o(.data) for .data
    6502.o(i.bvs) refers to 6502.o(.data) for .data
    6502.o(i.clc) refers to 6502.o(.data) for .data
    6502.o(i.cld) refers to 6502.o(.data) for .data
    6502.o(i.cli) refers to 6502.o(.data) for .data
    6502.o(i.clv) refers to 6502.o(.data) for .data
    6502.o(i.cmp) refers to 6502.o(i.getvalue) for getvalue
    6502.o(i.cmp) refers to 6502.o(.data) for .data
    6502.o(i.cpx) refers to 6502.o(i.getvalue) for getvalue
    6502.o(i.cpx) refers to 6502.o(.data) for .data
    6502.o(i.cpy) refers to 6502.o(i.getvalue) for getvalue
    6502.o(i.cpy) refers to 6502.o(.data) for .data
    6502.o(i.dcp) refers to 6502.o(i.dec) for dec
    6502.o(i.dcp) refers to 6502.o(i.cmp) for cmp
    6502.o(i.dcp) refers to 6502.o(.data) for .data
    6502.o(i.dec) refers to 6502.o(i.getvalue) for getvalue
[...]
    printfa.o(i._fp_digits) refers to dfixul.o(.text) for __aeabi_d2ulz
    printfa.o(i._fp_digits) refers to uldiv.o(.text) for __aeabi_uldivmod
    printfa.o(i._printf_core) refers (Special) to iusefp.o(.text) for __I$use$fp
    printfa.o(i._printf_core) refers to printfa.o(i._printf_pre_padding) for _printf_pre_padding
    printfa.o(i._printf_core) refers to uldiv.o(.text) for __aeabi_uldivmod
    printfa.o(i._printf_core) refers to printfa.o(i._printf_post_padding) for _printf_post_padding
    printfa.o(i._printf_core) refers to printfa.o(i._fp_digits) for _fp_digits
    printfa.o(i._printf_core) refers to uidiv.o(.text) for __aeabi_uidivmod
    printfa.o(i._printf_post_padding) refers (Special) to iusefp.o(.text) for __I$use$fp
    printfa.o(i._printf_pre_padding) refers (Special) to iusefp.o(.text) for __I$use$fp
    printfa.o(i._snputc) refers (Special) to iusefp.o(.text) for __I$use$fp
    printfa.o(i._sputc) refers (Special) to iusefp.o(.text) for __I$use$fp
    entry2.o(.ARM.Collect$$$$00000001) refers to entry2.o(.ARM.Collect$$$$00002712) for __lit__00000000
    entry2.o(.ARM.Collect$$$$00002712) refers to startup_stm32f401xe.o(STACK) for __initial_sp
    entry2.o(__vectab_stack_and_reset_area) refers to startup_stm32f401xe.o(STACK) for __initial_sp
    entry2.o(__vectab_stack_and_reset_area) refers to entry.o(.ARM.Collect$$$$00000000) for __main
    entry5.o(.ARM.Collect$$$$00000004) refers to init.o(.text) for __scatterload
    entry9a.o(.ARM.Collect$$$$0000000B) refers to main.o(i.main) for main
    entry9b.o(.ARM.Collect$$$$0000000C) refers to main.o(i.main) for main
    dadd.o(.text) refers to llshl.o(.text) for __aeabi_llsl
    dadd.o(.text) refers to llsshr.o(.text) for __aeabi_lasr
    dadd.o(.text) refers to depilogue.o(.text) for _double_epilogue
    dmul.o(.text) refers to depilogue.o(.text) for _double_epilogue
    ddiv.o(.text) refers to depilogue.o(.text) for _double_round
    dfixul.o(.text) refers to llushr.o(.text) for __aeabi_llsr
    dfixul.o(.text) refers to llshl.o(.text) for __aeabi_llsl
    init.o(.text) refers to entry5.o(.ARM.Collect$$$$00000004) for __main_after_scatterload
    depilogue.o(.text) refers to llshl.o(.text) for __aeabi_llsl
    depilogue.o(.text) refers to llushr.o(.text) for __aeabi_llsr


==============================================================================

Removing Unused input sections from the image.

    Removing startup_stm32f401xe.o(HEAP), (512 bytes).
    Removing main.o(.rev16_text), (4 bytes).
    Removing main.o(.revsh_text), (4 bytes).
    Removing main.o(.rrx_text), (6 bytes).
    Removing main.o(i.Error_Handler), (2 bytes).
    Removing stm32f4xx_it.o(.rev16_text), (4 bytes).
    Removing stm32f4xx_it.o(.revsh_text), (4 bytes).
    Removing stm32f4xx_it.o(.rrx_text), (6 bytes).
    Removing stm32f4xx_hal_msp.o(.rev16_text), (4 bytes).
    Removing stm32f4xx_hal_msp.o(.revsh_text), (4 bytes).
    Removing stm32f4xx_hal_msp.o(.rrx_text), (6 bytes).
    Removing stm32f4xx_hal_msp.o(i.HAL_UART_MspDeInit), (44 bytes).
    Removing 6502.o(.rev16_text), (4 bytes).
    Removing 6502.o(.revsh_text), (4 bytes).
    Removing 6502.o(.rrx_text), (6 bytes).
    Removing 6502.o(i.exec6502), (172 bytes).
    Removing 6502.o(i.getPC), (12 bytes).
    Removing 6502.o(i.getclockticks), (12 bytes).
    Removing 6502.o(i.hookexternal), (16 bytes).
    Removing 6502.o(i.irq6502), (60 bytes).
    Removing 6502.o(i.nmi6502), (56 bytes).
    Removing 6502.o(.data), (1 bytes).
    Removing 6502.o(.data), (1 bytes).
    Removing stm32f4xx_hal_tim.o(.rev16_text), (4 bytes).
    Removing stm32f4xx_hal_tim.o(.revsh_text), (4 bytes).
    Removing stm32f4xx_hal_tim.o(.rrx_text), (6 bytes).
    Removing stm32f4xx_hal_tim_ex.o(.rev16_text), (4 bytes).
    Removing stm32f4xx_hal_tim_ex.o(.revsh_text), (4 bytes).
    Removing stm32f4xx_hal_tim_ex.o(.rrx_text), (6 bytes).
    Removing stm32f4xx_hal_uart.o(.rev16_text), (4 bytes).
    Removing stm32f4xx_hal_uart.o(.revsh_text), (4 bytes).
    Removing stm32f4xx_hal_uart.o(.rrx_text), (6 bytes).
    Removing stm32f4xx_hal_uart.o(i.HAL_HalfDuplex_EnableReceiver), (50 bytes).
    Removing stm32f4xx_hal_uart.o(i.HAL_HalfDuplex_EnableTransmitter), (50 bytes).
    Removing stm32f4xx_hal_uart.o(i.HAL_HalfDuplex_Init), (108 bytes).
    Removing stm32f4xx_hal_uart.o(i.HAL_LIN_Init), (128 bytes).
    Removing stm32f4xx_hal_uart.o(i.HAL_LIN_SendBreak), (46 bytes).
    Removing stm32f4xx_hal_uart.o(i.HAL_MultiProcessor_EnterMuteMode), (46 bytes).
    Removing stm32f4xx_hal_uart.o(i.HAL_MultiProcessor_ExitMuteMode), (46 bytes).
    Removing stm32f4xx_hal_uart.o(i.HAL_MultiProcessor_Init), (142 bytes).
    Removing stm32f4xx_hal_uart.o(i.HAL_UART_Abort), (138 bytes).
    Removing stm32f4xx_hal_uart.o(i.HAL_UART_AbortCpltCallback), (2 bytes).
    Removing stm32f4xx_hal_uart.o(i.HAL_UART_AbortReceive), (88 bytes).
    Removing stm32f4xx_hal_uart.o(i.HAL_UART_AbortReceiveCpltCallback), (2 bytes).
    Removing stm32f4xx_hal_uart.o(i.HAL_UART_AbortReceive_IT), (92 bytes).
    Removing stm32f4xx_hal_uart.o(i.HAL_UART_AbortTransmit), (78 bytes).
    Removing stm32f4xx_hal_uart.o(i.HAL_UART_AbortTransmitCpltCallback), (2 bytes).
    Removing stm32f4xx_hal_uart.o(i.HAL_UART_AbortTransmit_IT), (84 bytes).
    Removing stm32f4xx_hal_uart.o(i.HAL_UART_Abort_IT), (172 bytes).
    Removing stm32f4xx_hal_uart.o(i.HAL_UART_DMAPause), (102 bytes).
    Removing stm32f4xx_hal_uart.o(i.HAL_UART_DMAResume), (94 bytes).
    Removing stm32f4xx_hal_uart.o(i.HAL_UART_DMAStop), (88 bytes).
    Removing stm32f4xx_hal_uart.o(i.HAL_UART_DeInit), (50 bytes).
    Removing stm32f4xx_hal_uart.o(i.HAL_UART_ErrorCallback), (2 bytes).
    Removing stm32f4xx_hal_uart.o(i.HAL_UART_GetError), (4 bytes).
    Removing stm32f4xx_hal_uart.o(i.HAL_UART_GetState), (10 bytes).
    Removing stm32f4xx_hal_uart.o(i.HAL_UART_IRQHandler), (276 bytes).
    Removing stm32f4xx_hal_uart.o(i.HAL_UART_MspDeInit), (2 bytes).
    Removing stm32f4xx_hal_uart.o(i.HAL_UART_MspInit), (2 bytes).
    Removing stm32f4xx_hal_uart.o(i.HAL_UART_Receive), (190 bytes).
    Removing stm32f4xx_hal_uart.o(i.HAL_UART_Receive_DMA), (152 bytes).
    Removing stm32f4xx_hal_uart.o(i.HAL_UART_Receive_IT), (82 bytes).
    Removing stm32f4xx_hal_uart.o(i.HAL_UART_RxCpltCallback), (2 bytes).
    Removing stm32f4xx_hal_uart.o(i.HAL_UART_RxHalfCpltCallback), (2 bytes).
    Removing stm32f4xx_hal_uart.o(i.HAL_UART_Transmit_DMA), (128 bytes).
    Removing stm32f4xx_hal_uart.o(i.HAL_UART_Transmit_IT), (62 bytes).
    Removing stm32f4xx_hal_uart.o(i.HAL_UART_TxCpltCallback), (2 bytes).
    Removing stm32f4xx_hal_uart.o(i.HAL_UART_TxHalfCpltCallback), (2 bytes).
    Removing stm32f4xx_hal_uart.o(i.UART_DMAAbortOnError), (16 bytes).
    Removing stm32f4xx_hal_uart.o(i.UART_DMAError), (74 bytes).
    Removing stm32f4xx_hal_uart.o(i.UART_DMAReceiveCplt), (60 bytes).
    Removing stm32f4xx_hal_uart.o(i.UART_DMARxAbortCallback), (42 bytes).
    Removing stm32f4xx_hal_uart.o(i.UART_DMARxHalfCplt), (10 bytes).
    Removing stm32f4xx_hal_uart.o(i.UART_DMARxOnlyAbortCallback), (20 bytes).
    Removing stm32f4xx_hal_uart.o(i.UART_DMATransmitCplt), (46 bytes).
    Removing stm32f4xx_hal_uart.o(i.UART_DMATxAbortCallback), (42 bytes).
    Removing stm32f4xx_hal_uart.o(i.UART_DMATxHalfCplt), (10 bytes).
    Removing stm32f4xx_hal_uart.o(i.UART_DMATxOnlyAbortCallback), (20 bytes).
    Removing stm32f4xx_hal_uart.o(i.UART_EndRxTransfer), (28 bytes).
    Removing stm32f4xx_hal_uart.o(i.UART_EndTxTransfer), (18 bytes).
    Removing stm32f4xx_hal_uart.o(i.UART_Receive_IT), (150 bytes).
    Removing stm32f4xx_hal_uart.o(i.UART_Transmit_IT), (98 bytes).
    Removing stm32f4xx_hal_rcc.o(.rev16_text), (4 bytes).
    Removing stm32f4xx_hal_rcc.o(.revsh_text), (4 bytes).
    Removing stm32f4xx_hal_rcc.o(.rrx_text), (6 bytes).
    Removing stm32f4xx_hal_rcc.o(i.HAL_RCC_CSSCallback), (2 bytes).
    Removing stm32f4xx_hal_rcc.o(i.HAL_RCC_DeInit), (4 bytes).
    Removing stm32f4xx_hal_rcc.o(i.HAL_RCC_DisableCSS), (12 bytes).
    Removing stm32f4xx_hal_rcc.o(i.HAL_RCC_EnableCSS), (12 bytes).
    Removing stm32f4xx_hal_rcc.o(i.HAL_RCC_GetClockConfig), (64 bytes).
    Removing stm32f4xx_hal_rcc.o(i.HAL_RCC_GetHCLKFreq), (12 bytes).
    Removing stm32f4xx_hal_rcc.o(i.HAL_RCC_GetOscConfig), (180 bytes).
    Removing stm32f4xx_hal_rcc.o(i.HAL_RCC_MCOConfig), (140 bytes).
    Removing stm32f4xx_hal_rcc.o(i.HAL_RCC_NMI_IRQHandler), (28 bytes).
    Removing stm32f4xx_hal_rcc_ex.o(.rev16_text), (4 bytes).
    Removing stm32f4xx_hal_rcc_ex.o(.revsh_text), (4 bytes).
    Removing stm32f4xx_hal_rcc_ex.o(.rrx_text), (6 bytes).
    Removing stm32f4xx_hal_rcc_ex.o(i.HAL_RCCEx_DisablePLLI2S), (52 bytes).
    Removing stm32f4xx_hal_rcc_ex.o(i.HAL_RCCEx_EnablePLLI2S), (104 bytes).
    Removing stm32f4xx_hal_rcc_ex.o(i.HAL_RCCEx_GetPeriphCLKConfig), (72 bytes).
    Removing stm32f4xx_hal_rcc_ex.o(i.HAL_RCCEx_GetPeriphCLKFreq), (92 bytes).
    Removing stm32f4xx_hal_rcc_ex.o(i.HAL_RCCEx_PeriphCLKConfig), (336 bytes).
    Removing stm32f4xx_hal_rcc_ex.o(i.HAL_RCC_DeInit), (308 bytes).
    Removing stm32f4xx_hal_flash.o(.rev16_text), (4 bytes).
    Removing stm32f4xx_hal_flash.o(.revsh_text), (4 bytes).
    Removing stm32f4xx_hal_flash.o(.rrx_text), (6 bytes).
    Removing stm32f4xx_hal_flash.o(i.FLASH_Program_Byte), (32 bytes).
    Removing stm32f4xx_hal_flash.o(i.FLASH_Program_DoubleWord), (44 bytes).
    Removing stm32f4xx_hal_flash.o(i.FLASH_Program_HalfWord), (36 bytes).
    Removing stm32f4xx_hal_flash.o(i.FLASH_Program_Word), (36 bytes).
    Removing stm32f4xx_hal_flash.o(i.FLASH_SetErrorCode), (124 bytes).
    Removing stm32f4xx_hal_flash.o(i.FLASH_WaitForLastOperation), (80 bytes).
    Removing stm32f4xx_hal_flash.o(i.HAL_FLASH_EndOfOperationCallback), (2 bytes).
    Removing stm32f4xx_hal_flash.o(i.HAL_FLASH_GetError), (12 bytes).
    Removing stm32f4xx_hal_flash.o(i.HAL_FLASH_IRQHandler), (204 bytes).
    Removing stm32f4xx_hal_flash.o(i.HAL_FLASH_Lock), (20 bytes).
    Removing stm32f4xx_hal_flash.o(i.HAL_FLASH_OB_Launch), (24 bytes).
    Removing stm32f4xx_hal_flash.o(i.HAL_FLASH_OB_Lock), (20 bytes).
    Removing stm32f4xx_hal_flash.o(i.HAL_FLASH_OB_Unlock), (40 bytes).
    Removing stm32f4xx_hal_flash.o(i.HAL_FLASH_OperationErrorCallback), (2 bytes).
    Removing stm32f4xx_hal_flash.o(i.HAL_FLASH_Program), (124 bytes).
    Removing stm32f4xx_hal_flash.o(i.HAL_FLASH_Program_IT), (108 bytes).
    Removing stm32f4xx_hal_flash.o(i.HAL_FLASH_Unlock), (44 bytes).
    Removing stm32f4xx_hal_flash.o(.bss), (32 bytes).
    Removing stm32f4xx_hal_flash_ex.o(.rev16_text), (4 bytes).
    Removing stm32f4xx_hal_flash_ex.o(.revsh_text), (4 bytes).
    Removing stm32f4xx_hal_flash_ex.o(.rrx_text), (6 bytes).
    Removing stm32f4xx_hal_flash_ex.o(i.FLASH_Erase_Sector), (80 bytes).
    Removing stm32f4xx_hal_flash_ex.o(i.FLASH_FlushCaches), (84 bytes).
    Removing stm32f4xx_hal_flash_ex.o(i.FLASH_MassErase), (40 bytes).
    Removing stm32f4xx_hal_flash_ex.o(i.HAL_FLASHEx_AdvOBGetConfig), (12 bytes).
    Removing stm32f4xx_hal_flash_ex.o(i.HAL_FLASHEx_AdvOBProgram), (60 bytes).
    Removing stm32f4xx_hal_flash_ex.o(i.HAL_FLASHEx_Erase), (152 bytes).
    Removing stm32f4xx_hal_flash_ex.o(i.HAL_FLASHEx_Erase_IT), (104 bytes).
    Removing stm32f4xx_hal_flash_ex.o(i.HAL_FLASHEx_OBGetConfig), (64 bytes).
    Removing stm32f4xx_hal_flash_ex.o(i.HAL_FLASHEx_OBProgram), (204 bytes).
    Removing stm32f4xx_hal_flash_ex.o(i.HAL_FLASHEx_OB_DeSelectPCROP), (20 bytes).
    Removing stm32f4xx_hal_flash_ex.o(i.HAL_FLASHEx_OB_SelectPCROP), (24 bytes).
    Removing stm32f4xx_hal_flash_ramfunc.o(.rev16_text), (4 bytes).
    Removing stm32f4xx_hal_flash_ramfunc.o(.revsh_text), (4 bytes).
    Removing stm32f4xx_hal_flash_ramfunc.o(.rrx_text), (6 bytes).
    Removing stm32f4xx_hal_gpio.o(.rev16_text), (4 bytes).
    Removing stm32f4xx_hal_gpio.o(.revsh_text), (4 bytes).
    Removing stm32f4xx_hal_gpio.o(.rrx_text), (6 bytes).
    Removing stm32f4xx_hal_gpio.o(i.HAL_GPIO_DeInit), (300 bytes).
    Removing stm32f4xx_hal_gpio.o(i.HAL_GPIO_EXTI_Callback), (2 bytes).
    Removing stm32f4xx_hal_gpio.o(i.HAL_GPIO_EXTI_IRQHandler), (24 bytes).
    Removing stm32f4xx_hal_gpio.o(i.HAL_GPIO_LockPin), (34 bytes).
    Removing stm32f4xx_hal_gpio.o(i.HAL_GPIO_ReadPin), (10 bytes).
    Removing stm32f4xx_hal_gpio.o(i.HAL_GPIO_TogglePin), (14 bytes).
    Removing stm32f4xx_hal_gpio.o(i.HAL_GPIO_WritePin), (10 bytes).
    Removing stm32f4xx_hal_dma_ex.o(.rev16_text), (4 bytes).
    Removing stm32f4xx_hal_dma_ex.o(.revsh_text), (4 bytes).
    Removing stm32f4xx_hal_dma_ex.o(.rrx_text), (6 bytes).
    Removing stm32f4xx_hal_dma_ex.o(i.DMA_MultiBufferSetConfig), (30 bytes).
    Removing stm32f4xx_hal_dma_ex.o(i.HAL_DMAEx_ChangeMemory), (14 bytes).
    Removing stm32f4xx_hal_dma_ex.o(i.HAL_DMAEx_MultiBufferStart), (100 bytes).
    Removing stm32f4xx_hal_dma_ex.o(i.HAL_DMAEx_MultiBufferStart_IT), (2432 bytes).
    Removing stm32f4xx_hal_dma.o(.rev16_text), (4 bytes).
    Removing stm32f4xx_hal_dma.o(.revsh_text), (4 bytes).
    Removing stm32f4xx_hal_dma.o(.rrx_text), (6 bytes).
    Removing stm32f4xx_hal_dma.o(i.DMA_CalcBaseAndBitshift), (40 bytes).
    Removing stm32f4xx_hal_dma.o(i.DMA_CheckFifoParam), (84 bytes).
    Removing stm32f4xx_hal_dma.o(i.DMA_SetConfig), (40 bytes).
    Removing stm32f4xx_hal_dma.o(i.HAL_DMA_Abort), (142 bytes).
    Removing stm32f4xx_hal_dma.o(i.HAL_DMA_Abort_IT), (36 bytes).
    Removing stm32f4xx_hal_dma.o(i.HAL_DMA_DeInit), (98 bytes).
    Removing stm32f4xx_hal_dma.o(i.HAL_DMA_GetError), (4 bytes).
    Removing stm32f4xx_hal_dma.o(i.HAL_DMA_GetState), (6 bytes).
    Removing stm32f4xx_hal_dma.o(i.HAL_DMA_IRQHandler), (416 bytes).
    Removing stm32f4xx_hal_dma.o(i.HAL_DMA_Init), (212 bytes).
    Removing stm32f4xx_hal_dma.o(i.HAL_DMA_PollForTransfer), (292 bytes).
    Removing stm32f4xx_hal_dma.o(i.HAL_DMA_RegisterCallback), (80 bytes).
    Removing stm32f4xx_hal_dma.o(i.HAL_DMA_Start), (70 bytes).
    Removing stm32f4xx_hal_dma.o(i.HAL_DMA_Start_IT), (110 bytes).
    Removing stm32f4xx_hal_dma.o(i.HAL_DMA_UnRegisterCallback), (96 bytes).
    Removing stm32f4xx_hal_dma.o(.constdata), (8 bytes).
    Removing stm32f4xx_hal_pwr.o(.rev16_text), (4 bytes).
    Removing stm32f4xx_hal_pwr.o(.revsh_text), (4 bytes).
    Removing stm32f4xx_hal_pwr.o(.rrx_text), (6 bytes).
    Removing stm32f4xx_hal_pwr.o(i.HAL_PWR_ConfigPVD), (124 bytes).
    Removing stm32f4xx_hal_pwr.o(i.HAL_PWR_DeInit), (24 bytes).
    Removing stm32f4xx_hal_pwr.o(i.HAL_PWR_DisableBkUpAccess), (12 bytes).
    Removing stm32f4xx_hal_pwr.o(i.HAL_PWR_DisablePVD), (12 bytes).
    Removing stm32f4xx_hal_pwr.o(i.HAL_PWR_DisableSEVOnPend), (16 bytes).
    Removing stm32f4xx_hal_pwr.o(i.HAL_PWR_DisableSleepOnExit), (16 bytes).
    Removing stm32f4xx_hal_pwr.o(i.HAL_PWR_DisableWakeUpPin), (16 bytes).
    Removing stm32f4xx_hal_pwr.o(i.HAL_PWR_EnableBkUpAccess), (12 bytes).
    Removing stm32f4xx_hal_pwr.o(i.HAL_PWR_EnablePVD), (12 bytes).
    Removing stm32f4xx_hal_pwr.o(i.HAL_PWR_EnableSEVOnPend), (16 bytes).
    Removing stm32f4xx_hal_pwr.o(i.HAL_PWR_EnableSleepOnExit), (16 bytes).
    Removing stm32f4xx_hal_pwr.o(i.HAL_PWR_EnableWakeUpPin), (16 bytes).
    Removing stm32f4xx_hal_pwr.o(i.HAL_PWR_EnterSLEEPMode), (32 bytes).
    Removing stm32f4xx_hal_pwr.o(i.HAL_PWR_EnterSTANDBYMode), (32 bytes).
    Removing stm32f4xx_hal_pwr.o(i.HAL_PWR_EnterSTOPMode), (56 bytes).
    Removing stm32f4xx_hal_pwr.o(i.HAL_PWR_PVDCallback), (2 bytes).
    Removing stm32f4xx_hal_pwr.o(i.HAL_PWR_PVD_IRQHandler), (28 bytes).
    Removing stm32f4xx_hal_pwr_ex.o(.rev16_text), (4 bytes).
    Removing stm32f4xx_hal_pwr_ex.o(.revsh_text), (4 bytes).
    Removing stm32f4xx_hal_pwr_ex.o(.rrx_text), (6 bytes).
    Removing stm32f4xx_hal_pwr_ex.o(i.HAL_PWREx_ControlVoltageScaling), (176 bytes).
    Removing stm32f4xx_hal_pwr_ex.o(i.HAL_PWREx_DisableBkUpReg), (60 bytes).
    Removing stm32f4xx_hal_pwr_ex.o(i.HAL_PWREx_DisableFlashPowerDown), (12 bytes).
    Removing stm32f4xx_hal_pwr_ex.o(i.HAL_PWREx_DisableLowRegulatorLowVoltage), (12 bytes).
    Removing stm32f4xx_hal_pwr_ex.o(i.HAL_PWREx_DisableMainRegulatorLowVoltage), (12 bytes).
    Removing stm32f4xx_hal_pwr_ex.o(i.HAL_PWREx_EnableBkUpReg), (60 bytes).
    Removing stm32f4xx_hal_pwr_ex.o(i.HAL_PWREx_EnableFlashPowerDown), (12 bytes).
    Removing stm32f4xx_hal_pwr_ex.o(i.HAL_PWREx_EnableLowRegulatorLowVoltage), (12 bytes).
    Removing stm32f4xx_hal_pwr_ex.o(i.HAL_PWREx_EnableMainRegulatorLowVoltage), (12 bytes).
    Removing stm32f4xx_hal_pwr_ex.o(i.HAL_PWREx_GetVoltageRange), (16 bytes).
    Removing stm32f4xx_hal_cortex.o(.rev16_text), (4 bytes).
    Removing stm32f4xx_hal_cortex.o(.revsh_text), (4 bytes).
    Removing stm32f4xx_hal_cortex.o(.rrx_text), (6 bytes).
    Removing stm32f4xx_hal_cortex.o(i.HAL_MPU_ConfigRegion), (84 bytes).
    Removing stm32f4xx_hal_cortex.o(i.HAL_MPU_Disable), (28 bytes).
    Removing stm32f4xx_hal_cortex.o(i.HAL_MPU_Enable), (36 bytes).
    Removing stm32f4xx_hal_cortex.o(i.HAL_NVIC_ClearPendingIRQ), (26 bytes).
    Removing stm32f4xx_hal_cortex.o(i.HAL_NVIC_DisableIRQ), (34 bytes).
    Removing stm32f4xx_hal_cortex.o(i.HAL_NVIC_EnableIRQ), (26 bytes).
    Removing stm32f4xx_hal_cortex.o(i.HAL_NVIC_GetActive), (36 bytes).
    Removing stm32f4xx_hal_cortex.o(i.HAL_NVIC_GetPendingIRQ), (36 bytes).
    Removing stm32f4xx_hal_cortex.o(i.HAL_NVIC_GetPriority), (82 bytes).
    Removing stm32f4xx_hal_cortex.o(i.HAL_NVIC_GetPriorityGrouping), (16 bytes).
    Removing stm32f4xx_hal_cortex.o(i.HAL_NVIC_SetPendingIRQ), (26 bytes).
    Removing stm32f4xx_hal_cortex.o(i.HAL_NVIC_SystemReset), (36 bytes).
    Removing stm32f4xx_hal_cortex.o(i.HAL_SYSTICK_CLKSourceConfig), (24 bytes).
    Removing stm32f4xx_hal_cortex.o(i.HAL_SYSTICK_Callback), (2 bytes).
    Removing stm32f4xx_hal_cortex.o(i.HAL_SYSTICK_IRQHandler), (8 bytes).
    Removing stm32f4xx_hal.o(.rev16_text), (4 bytes).
    Removing stm32f4xx_hal.o(.revsh_text), (4 bytes).
    Removing stm32f4xx_hal.o(.rrx_text), (6 bytes).
    Removing stm32f4xx_hal.o(i.HAL_DBGMCU_DisableDBGSleepMode), (16 bytes).
    Removing stm32f4xx_hal.o(i.HAL_DBGMCU_DisableDBGStandbyMode), (16 bytes).
    Removing stm32f4xx_hal.o(i.HAL_DBGMCU_DisableDBGStopMode), (16 bytes).
    Removing stm32f4xx_hal.o(i.HAL_DBGMCU_EnableDBGSleepMode), (16 bytes).
    Removing stm32f4xx_hal.o(i.HAL_DBGMCU_EnableDBGStandbyMode), (16 bytes).
    Removing stm32f4xx_hal.o(i.HAL_DBGMCU_EnableDBGStopMode), (16 bytes).
    Removing stm32f4xx_hal.o(i.HAL_DeInit), (52 bytes).
    Removing stm32f4xx_hal.o(i.HAL_Delay), (36 bytes).
    Removing stm32f4xx_hal.o(i.HAL_DisableCompensationCell), (12 bytes).
    Removing stm32f4xx_hal.o(i.HAL_EnableCompensationCell), (12 bytes).
    Removing stm32f4xx_hal.o(i.HAL_GetDEVID), (16 bytes).
    Removing stm32f4xx_hal.o(i.HAL_GetHalVersion), (8 bytes).
    Removing stm32f4xx_hal.o(i.HAL_GetREVID), (12 bytes).
    Removing stm32f4xx_hal.o(i.HAL_GetTickFreq), (12 bytes).
    Removing stm32f4xx_hal.o(i.HAL_GetTickPrio), (12 bytes).
    Removing stm32f4xx_hal.o(i.HAL_GetUIDw0), (12 bytes).
    Removing stm32f4xx_hal.o(i.HAL_GetUIDw1), (12 bytes).
    Removing stm32f4xx_hal.o(i.HAL_GetUIDw2), (12 bytes).
    Removing stm32f4xx_hal.o(i.HAL_MspDeInit), (2 bytes).
    Removing stm32f4xx_hal.o(i.HAL_MspInit), (2 bytes).
    Removing stm32f4xx_hal.o(i.HAL_ResumeTick), (14 bytes).
    Removing stm32f4xx_hal.o(i.HAL_SetTickFreq), (36 bytes).
    Removing stm32f4xx_hal.o(i.HAL_SuspendTick), (14 bytes).
    Removing stm32f4xx_hal_exti.o(.rev16_text), (4 bytes).
    Removing stm32f4xx_hal_exti.o(.revsh_text), (4 bytes).
    Removing stm32f4xx_hal_exti.o(.rrx_text), (6 bytes).
    Removing stm32f4xx_hal_exti.o(i.HAL_EXTI_ClearConfigLine), (108 bytes).
    Removing stm32f4xx_hal_exti.o(i.HAL_EXTI_ClearPending), (20 bytes).
    Removing stm32f4xx_hal_exti.o(i.HAL_EXTI_GenerateSWI), (20 bytes).
    Removing stm32f4xx_hal_exti.o(i.HAL_EXTI_GetConfigLine), (156 bytes).
    Removing stm32f4xx_hal_exti.o(i.HAL_EXTI_GetHandle), (12 bytes).
    Removing stm32f4xx_hal_exti.o(i.HAL_EXTI_GetPending), (24 bytes).
    Removing stm32f4xx_hal_exti.o(i.HAL_EXTI_IRQHandler), (36 bytes).
    Removing stm32f4xx_hal_exti.o(i.HAL_EXTI_RegisterCallback), (14 bytes).
    Removing stm32f4xx_hal_exti.o(i.HAL_EXTI_SetConfigLine), (168 bytes).
    Removing system_stm32f4xx.o(.rev16_text), (4 bytes).
    Removing system_stm32f4xx.o(.revsh_text), (4 bytes).
    Removing system_stm32f4xx.o(.rrx_text), (6 bytes).
    Removing system_stm32f4xx.o(i.SystemCoreClockUpdate), (124 bytes).
    Removing dadd.o(.text), (334 bytes).
    Removing dmul.o(.text), (228 bytes).
    Removing ddiv.o(.text), (222 bytes).
    Removing dfixul.o(.text), (48 bytes).
    Removing cdrcmple.o(.text), (48 bytes).
    Removing depilogue.o(.text), (186 bytes).

276 unused section(s) (total 15738 bytes) removed from the image.

==============================================================================

Image Symbol Table

    Local Symbols

    Symbol Name                              Value     Ov Type        Size  Object(Section)

    ../Drivers/STM32F4xx_HAL_Driver/Src/stm32f4xx_hal.c 0x00000000   Number         0  stm32f4xx_hal.o ABSOLUTE
    ../Drivers/STM32F4xx_HAL_Driver/Src/stm32f4xx_hal_cortex.c 0x00000000   Number         0  stm32f4xx_hal_cortex.o ABSOLUTE
    ../Drivers/STM32F4xx_HAL_Driver/Src/stm32f4xx_hal_dma.c 0x00000000   Number         0  stm32f4xx_hal_dma.o ABSOLUTE
    ../Drivers/STM32F4xx_HAL_Driver/Src/stm32f4xx_hal_dma_ex.c 0x00000000   Number         0  stm32f4xx_hal_dma_ex.o ABSOLUTE
    ../Drivers/STM32F4xx_HAL_Driver/Src/stm32f4xx_hal_exti.c 0x00000000   Number         0  stm32f4xx_hal_exti.o ABSOLUTE
    ../Drivers/STM32F4xx_HAL_Driver/Src/stm32f4xx_hal_flash.c 0x00000000   Number         0  stm32f4xx_hal_flash.o ABSOLUTE
    ../Drivers/STM32F4xx_HAL_Driver/Src/stm32f4xx_hal_flash_ex.c 0x00000000   Number         0  stm32f4xx_hal_flash_ex.o ABSOLUTE
    ../Drivers/STM32F4xx_HAL_Driver/Src/stm32f4xx_hal_flash_ramfunc.c 0x00000000   Number         0  stm32f4xx_hal_flash_ramfunc.o ABSOLUTE
    ../Drivers/STM32F4xx_HAL_Driver/Src/stm32f4xx_hal_gpio.c 0x00000000   Number         0  stm32f4xx_hal_gpio.o ABSOLUTE
    ../Drivers/STM32F4xx_HAL_Driver/Src/stm32f4xx_hal_pwr.c 0x00000000   Number         0  stm32f4xx_hal_pwr.o ABSOLUTE
    ../Drivers/STM32F4xx_HAL_Driver/Src/stm32f4xx_hal_pwr_ex.c 0x00000000   Number         0  stm32f4xx_hal_pwr_ex.o ABSOLUTE
    ../Drivers/STM32F4xx_HAL_Driver/Src/stm32f4xx_hal_rcc.c 0x00000000   Number         0  stm32f4xx_hal_rcc.o ABSOLUTE
    ../Drivers/STM32F4xx_HAL_Driver/Src/stm32f4xx_hal_rcc_ex.c 0x00000000   Number         0  stm32f4xx_hal_rcc_ex.o ABSOLUTE
    ../Drivers/STM32F4xx_HAL_Driver/Src/stm32f4xx_hal_tim.c 0x00000000   Number         0  stm32f4xx_hal_tim.o ABSOLUTE
    ../Drivers/STM32F4xx_HAL_Driver/Src/stm32f4xx_hal_tim_ex.c 0x00000000   Number         0  stm32f4xx_hal_tim_ex.o ABSOLUTE
    ../Drivers/STM32F4xx_HAL_Driver/Src/stm32f4xx_hal_uart.c 0x00000000   Number         0  stm32f4xx_hal_uart.o ABSOLUTE
    ../Src/main.c                            0x00000000   Number         0  main.o ABSOLUTE
    ../Src/stm32f4xx_hal_msp.c               0x00000000   Number         0  stm32f4xx_hal_msp.o ABSOLUTE
    ../Src/stm32f4xx_it.c                    0x00000000   Number         0  stm32f4xx_it.o ABSOLUTE
    ../Src/system_stm32f4xx.c                0x00000000   Number         0  system_stm32f4xx.o ABSOLUTE
    ../clib/../cmprslib/zerorunl2.c          0x00000000   Number         0  __dczerorl2.o ABSOLUTE
    ../clib/microlib/division.c              0x00000000   Number         0  uidiv.o ABSOLUTE
    ../clib/microlib/division.c              0x00000000   Number         0  uldiv.o ABSOLUTE
    ../clib/microlib/init/entry.s            0x00000000   Number         0  entry10b.o ABSOLUTE
    ../clib/microlib/init/entry.s            0x00000000   Number         0  entry11a.o ABSOLUTE
    ../clib/microlib/init/entry.s            0x00000000   Number         0  entry10a.o ABSOLUTE
    ../clib/microlib/init/entry.s            0x00000000   Number         0  entry9b.o ABSOLUTE
    ../clib/microlib/init/entry.s            0x00000000   Number         0  entry2.o ABSOLUTE
    ../clib/microlib/init/entry.s            0x00000000   Number         0  entry9a.o ABSOLUTE
    ../clib/microlib/init/entry.s            0x00000000   Number         0  entry5.o ABSOLUTE
    ../clib/microlib/init/entry.s            0x00000000   Number         0  entry8a.o ABSOLUTE
    ../clib/microlib/init/entry.s            0x00000000   Number         0  entry7a.o ABSOLUTE
    ../clib/microlib/init/entry.s            0x00000000   Number         0  entry11b.o ABSOLUTE
    ../clib/microlib/init/entry.s            0x00000000   Number         0  entry8b.o ABSOLUTE
    ../clib/microlib/init/entry.s            0x00000000   Number         0  entry.o ABSOLUTE
    ../clib/microlib/init/entry.s            0x00000000   Number         0  entry7b.o ABSOLUTE
    ../clib/microlib/longlong.c              0x00000000   Number         0  llsshr.o ABSOLUTE
    ../clib/microlib/longlong.c              0x00000000   Number         0  llushr.o ABSOLUTE
    ../clib/microlib/longlong.c              0x00000000   Number         0  llshl.o ABSOLUTE
    ../clib/microlib/printf/printf.c         0x00000000   Number         0  printfb.o ABSOLUTE
    ../clib/microlib/printf/printf.c         0x00000000   Number         0  printf1.o ABSOLUTE
    ../clib/microlib/printf/printf.c         0x00000000   Number         0  printf0.o ABSOLUTE
    ../clib/microlib/printf/printf.c         0x00000000   Number         0  printf2.o ABSOLUTE
    ../clib/microlib/printf/printf.c         0x00000000   Number         0  printf3.o ABSOLUTE
    ../clib/microlib/printf/printf.c         0x00000000   Number         0  printf4.o ABSOLUTE
    ../clib/microlib/printf/printf.c         0x00000000   Number         0  printf6.o ABSOLUTE
    ../clib/microlib/printf/printf.c         0x00000000   Number         0  printf7.o ABSOLUTE
    ../clib/microlib/printf/printf.c         0x00000000   Number         0  printf8.o ABSOLUTE
    ../clib/microlib/printf/printf.c         0x00000000   Number         0  printfa.o ABSOLUTE
    ../clib/microlib/printf/printf.c         0x00000000   Number         0  printf5.o ABSOLUTE
    ../clib/microlib/printf/stubs.s          0x00000000   Number         0  stubs.o ABSOLUTE
    ../clib/microlib/stdio/streams.c         0x00000000   Number         0  stdout.o ABSOLUTE
    ../clib/microlib/string/memset.c         0x00000000   Number         0  memseta.o ABSOLUTE
    ../clib/microlib/stubs.s                 0x00000000   Number         0  iusefp.o ABSOLUTE
    ../fplib/microlib/fpadd.c                0x00000000   Number         0  dadd.o ABSOLUTE
    ../fplib/microlib/fpdiv.c                0x00000000   Number         0  ddiv.o ABSOLUTE
    ../fplib/microlib/fpepilogue.c           0x00000000   Number         0  depilogue.o ABSOLUTE
    ../fplib/microlib/fpfix.c                0x00000000   Number         0  dfixul.o ABSOLUTE
    ../fplib/microlib/fpmul.c                0x00000000   Number         0  dmul.o ABSOLUTE
    ..\Drivers\STM32F4xx_HAL_Driver\Src\stm32f4xx_hal.c 0x00000000   Number         0  stm32f4xx_hal.o ABSOLUTE
    ..\Drivers\STM32F4xx_HAL_Driver\Src\stm32f4xx_hal_cortex.c 0x00000000   Number         0  stm32f4xx_hal_cortex.o ABSOLUTE
    ..\Drivers\STM32F4xx_HAL_Driver\Src\stm32f4xx_hal_dma.c 0x00000000   Number         0  stm32f4xx_hal_dma.o ABSOLUTE
    ..\Drivers\STM32F4xx_HAL_Driver\Src\stm32f4xx_hal_dma_ex.c 0x00000000   Number         0  stm32f4xx_hal_dma_ex.o ABSOLUTE
    ..\Drivers\STM32F4xx_HAL_Driver\Src\stm32f4xx_hal_exti.c 0x00000000   Number         0  stm32f4xx_hal_exti.o ABSOLUTE
    ..\Drivers\STM32F4xx_HAL_Driver\Src\stm32f4xx_hal_flash.c 0x00000000   Number         0  stm32f4xx_hal_flash.o ABSOLUTE
    ..\Drivers\STM32F4xx_HAL_Driver\Src\stm32f4xx_hal_flash_ex.c 0x00000000   Number         0  stm32f4xx_hal_flash_ex.o ABSOLUTE
    ..\Drivers\STM32F4xx_HAL_Driver\Src\stm32f4xx_hal_flash_ramfunc.c 0x00000000   Number         0  stm32f4xx_hal_flash_ramfunc.o ABSOLUTE
    ..\Drivers\STM32F4xx_HAL_Driver\Src\stm32f4xx_hal_gpio.c 0x00000000   Number         0  stm32f4xx_hal_gpio.o ABSOLUTE
    ..\Drivers\STM32F4xx_HAL_Driver\Src\stm32f4xx_hal_pwr.c 0x00000000   Number         0  stm32f4xx_hal_pwr.o ABSOLUTE
    ..\Drivers\STM32F4xx_HAL_Driver\Src\stm32f4xx_hal_pwr_ex.c 0x00000000   Number         0  stm32f4xx_hal_pwr_ex.o ABSOLUTE
    ..\Drivers\STM32F4xx_HAL_Driver\Src\stm32f4xx_hal_rcc.c 0x00000000   Number         0  stm32f4xx_hal_rcc.o ABSOLUTE
    ..\Drivers\STM32F4xx_HAL_Driver\Src\stm32f4xx_hal_rcc_ex.c 0x00000000   Number         0  stm32f4xx_hal_rcc_ex.o ABSOLUTE
    ..\Drivers\STM32F4xx_HAL_Driver\Src\stm32f4xx_hal_tim.c 0x00000000   Number         0  stm32f4xx_hal_tim.o ABSOLUTE
    ..\Drivers\STM32F4xx_HAL_Driver\Src\stm32f4xx_hal_tim_ex.c 0x00000000   Number         0  stm32f4xx_hal_tim_ex.o ABSOLUTE
    ..\Drivers\STM32F4xx_HAL_Driver\Src\stm32f4xx_hal_uart.c 0x00000000   Number         0  stm32f4xx_hal_uart.o ABSOLUTE
    ..\Src\6502.c                            0x00000000   Number         0  6502.o ABSOLUTE
    ..\Src\main.c                            0x00000000   Number         0  main.o ABSOLUTE
    ..\Src\stm32f4xx_hal_msp.c               0x00000000   Number         0  stm32f4xx_hal_msp.o ABSOLUTE
    ..\Src\stm32f4xx_it.c                    0x00000000   Number         0  stm32f4xx_it.o ABSOLUTE
    ..\Src\system_stm32f4xx.c                0x00000000   Number         0  system_stm32f4xx.o ABSOLUTE
    ..\\Src\\6502.c                          0x00000000   Number         0  6502.o ABSOLUTE
    cdrcmple.s                               0x00000000   Number         0  cdrcmple.o ABSOLUTE
    dc.s                                     0x00000000   Number         0  dc.o ABSOLUTE
    handlers.s                               0x00000000   Number         0  handlers.o ABSOLUTE
    init.s                                   0x00000000   Number         0  init.o ABSOLUTE
    startup_stm32f401xe.s                    0x00000000   Number         0  startup_stm32f401xe.o ABSOLUTE
    RESET                                    0x08000000   Section      404  startup_stm32f401xe.o(RESET)
    .ARM.Collect$$$$00000000                 0x08000194   Section        0  entry.o(.ARM.Collect$$$$00000000)
    .ARM.Collect$$$$00000001                 0x08000194   Section        4  entry2.o(.ARM.Collect$$$$00000001)
    .ARM.Collect$$$$00000004                 0x08000198   Section        4  entry5.o(.ARM.Collect$$$$00000004)
    .ARM.Collect$$$$00000008                 0x0800019c   Section        0  entry7b.o(.ARM.Collect$$$$00000008)
    .ARM.Collect$$$$0000000A                 0x0800019c   Section        0  entry8b.o(.ARM.Collect$$$$0000000A)
    .ARM.Collect$$$$0000000B                 0x0800019c   Section        8  entry9a.o(.ARM.Collect$$$$0000000B)
    .ARM.Collect$$$$0000000D                 0x080001a4   Section        0  entry10a.o(.ARM.Collect$$$$0000000D)
    .ARM.Collect$$$$0000000F                 0x080001a4   Section        0  entry11a.o(.ARM.Collect$$$$0000000F)
    .ARM.Collect$$$$00002712                 0x080001a4   Section        4  entry2.o(.ARM.Collect$$$$00002712)
    __lit__00000000                          0x080001a4   Data           4  entry2.o(.ARM.Collect$$$$00002712)
    .text                                    0x080001a8   Section       36  startup_stm32f401xe.o(.text)
    $v0                                      0x080001a8   Number         0  startup_stm32f401xe.o(.text)
    .text                                    0x080001cc   Section        0  uldiv.o(.text)
    .text                                    0x0800022e   Section        0  memseta.o(.text)
    .text                                    0x08000252   Section        0  llshl.o(.text)
    .text                                    0x08000270   Section        0  llushr.o(.text)
    .text                                    0x08000290   Section       36  init.o(.text)
    .text                                    0x080002b4   Section        0  __dczerorl2.o(.text)
    i.BusFault_Handler                       0x0800030a   Section        0  stm32f4xx_it.o(i.BusFault_Handler)
    i.DebugMon_Handler                       0x0800030c   Section        0  stm32f4xx_it.o(i.DebugMon_Handler)
    i.HAL_GPIO_Init                          0x08000310   Section        0  stm32f4xx_hal_gpio.o(i.HAL_GPIO_Init)
    i.HAL_GetTick                            0x080004a4   Section        0  stm32f4xx_hal.o(i.HAL_GetTick)
    i.HAL_IncTick                            0x080004b0   Section        0  stm32f4xx_hal.o(i.HAL_IncTick)
    i.HAL_Init                               0x080004c0   Section        0  stm32f4xx_hal.o(i.HAL_Init)
    i.HAL_InitTick                           0x080004f4   Section        0  stm32f4xx_hal.o(i.HAL_InitTick)
    i.HAL_MspInit                            0x08000534   Section        0  stm32f4xx_hal_msp.o(i.HAL_MspInit)
    i.HAL_NVIC_SetPriority                   0x08000564   Section        0  stm32f4xx_hal_cortex.o(i.HAL_NVIC_SetPriority)
    i.HAL_NVIC_SetPriorityGrouping           0x080005a4   Section        0  stm32f4xx_hal_cortex.o(i.HAL_NVIC_SetPriorityGrouping)
    i.HAL_RCC_ClockConfig                    0x080005c8   Section        0  stm32f4xx_hal_rcc.o(i.HAL_RCC_ClockConfig)
    i.HAL_RCC_GetPCLK1Freq                   0x080006fc   Section        0  stm32f4xx_hal_rcc.o(i.HAL_RCC_GetPCLK1Freq)
    i.HAL_RCC_GetPCLK2Freq                   0x0800071c   Section        0  stm32f4xx_hal_rcc.o(i.HAL_RCC_GetPCLK2Freq)
    i.HAL_RCC_GetSysClockFreq                0x0800073c   Section        0  stm32f4xx_hal_rcc.o(i.HAL_RCC_GetSysClockFreq)
    i.HAL_RCC_OscConfig                      0x080007a0   Section        0  stm32f4xx_hal_rcc.o(i.HAL_RCC_OscConfig)
    i.HAL_SYSTICK_Config                     0x08000afc   Section        0  stm32f4xx_hal_cortex.o(i.HAL_SYSTICK_Config)
    i.HAL_UART_Init                          0x08000b24   Section        0  stm32f4xx_hal_uart.o(i.HAL_UART_Init)
    i.HAL_UART_MspInit                       0x08000b88   Section        0  stm32f4xx_hal_msp.o(i.HAL_UART_MspInit)
    i.HAL_UART_Transmit                      0x08000bf4   Section        0  stm32f4xx_hal_uart.o(i.HAL_UART_Transmit)
    i.HardFault_Handler                      0x08000cae   Section        0  stm32f4xx_it.o(i.HardFault_Handler)
    i.MemManage_Handler                      0x08000cb0   Section        0  stm32f4xx_it.o(i.MemManage_Handler)
    i.NMI_Handler                            0x08000cb2   Section        0  stm32f4xx_it.o(i.NMI_Handler)
    i.PendSV_Handler                         0x08000cb4   Section        0  stm32f4xx_it.o(i.PendSV_Handler)
    i.SVC_Handler                            0x08000cb6   Section        0  stm32f4xx_it.o(i.SVC_Handler)
    i.SysTick_Handler                        0x08000cb8   Section        0  stm32f4xx_it.o(i.SysTick_Handler)
    i.SystemClock_Config                     0x08000cbc   Section        0  main.o(i.SystemClock_Config)
    i.SystemInit                             0x08000d30   Section        0  system_stm32f4xx.o(i.SystemInit)
    i.UART_SetConfig                         0x08000d4c   Section        0  stm32f4xx_hal_uart.o(i.UART_SetConfig)
    UART_SetConfig                           0x08000d4d   Thumb Code   286  stm32f4xx_hal_uart.o(i.UART_SetConfig)
    i.UART_WaitOnFlagUntilTimeout            0x08000e74   Section        0  stm32f4xx_hal_uart.o(i.UART_WaitOnFlagUntilTimeout)
    UART_WaitOnFlagUntilTimeout              0x08000e75   Thumb Code   100  stm32f4xx_hal_uart.o(i.UART_WaitOnFlagUntilTimeout)
    i.UsageFault_Handler                     0x08000ed8   Section        0  stm32f4xx_it.o(i.UsageFault_Handler)
    i.__0printf$5                            0x08000edc   Section        0  printf5.o(i.__0printf$5)
    i.__NVIC_SetPriority                     0x08000efc   Section        0  stm32f4xx_hal_cortex.o(i.__NVIC_SetPriority)
    __NVIC_SetPriority                       0x08000efd   Thumb Code    32  stm32f4xx_hal_cortex.o(i.__NVIC_SetPriority)
    i.__scatterload_copy                     0x08000f1c   Section       14  handlers.o(i.__scatterload_copy)
    i.__scatterload_null                     0x08000f2a   Section        2  handlers.o(i.__scatterload_null)
    i.__scatterload_zeroinit                 0x08000f2c   Section       14  handlers.o(i.__scatterload_zeroinit)
    i._printf_core                           0x08000f3c   Section        0  printf5.o(i._printf_core)
    _printf_core                             0x08000f3d   Thumb Code   658  printf5.o(i._printf_core)
    i.abso                                   0x080011fc   Section        0  6502.o(i.abso)
    abso                                     0x080011fd   Thumb Code    36  6502.o(i.abso)
    i.absx                                   0x08001224   Section        0  6502.o(i.absx)
    absx                                     0x08001225   Thumb Code    56  6502.o(i.absx)
    i.absy                                   0x08001260   Section        0  6502.o(i.absy)
    absy                                     0x08001261   Thumb Code    56  6502.o(i.absy)
    i.acc                                    0x0800129c   Section        0  6502.o(i.acc)
    acc                                      0x0800129d   Thumb Code     2  6502.o(i.acc)
    i.adc                                    0x080012a0   Section        0  6502.o(i.adc)
    adc                                      0x080012a1   Thumb Code   172  6502.o(i.adc)
    i.and                                    0x08001350   Section        0  6502.o(i.and)
    and                                      0x08001351   Thumb Code    58  6502.o(i.and)
    i.asl                                    0x08001390   Section        0  6502.o(i.asl)
    asl                                      0x08001391   Thumb Code    84  6502.o(i.asl)
    i.bcc                                    0x080013e8   Section        0  6502.o(i.bcc)
    bcc                                      0x080013e9   Thumb Code    54  6502.o(i.bcc)
    i.bcs                                    0x08001424   Section        0  6502.o(i.bcs)
    bcs                                      0x08001425   Thumb Code    54  6502.o(i.bcs)
    i.beq                                    0x08001460   Section        0  6502.o(i.beq)
    beq                                      0x08001461   Thumb Code    54  6502.o(i.beq)
    i.bit                                    0x0800149c   Section        0  6502.o(i.bit)
    bit                                      0x0800149d   Thumb Code    44  6502.o(i.bit)
    i.bmi                                    0x080014cc   Section        0  6502.o(i.bmi)
    bmi                                      0x080014cd   Thumb Code    54  6502.o(i.bmi)
    i.bne                                    0x08001508   Section        0  6502.o(i.bne)
    bne                                      0x08001509   Thumb Code    54  6502.o(i.bne)
    i.bpl                                    0x08001544   Section        0  6502.o(i.bpl)
    bpl                                      0x08001545   Thumb Code    54  6502.o(i.bpl)
    i.brk                                    0x08001580   Section        0  6502.o(i.brk)
    brk                                      0x08001581   Thumb Code    60  6502.o(i.brk)
    i.bvc                                    0x080015c0   Section        0  6502.o(i.bvc)
    bvc                                      0x080015c1   Thumb Code    54  6502.o(i.bvc)
    i.bvs                                    0x080015fc   Section        0  6502.o(i.bvs)
    bvs                                      0x080015fd   Thumb Code    54  6502.o(i.bvs)
    i.clc                                    0x08001638   Section        0  6502.o(i.clc)
    clc                                      0x08001639   Thumb Code    12  6502.o(i.clc)
    i.cld                                    0x08001648   Section        0  6502.o(i.cld)
    cld                                      0x08001649   Thumb Code    12  6502.o(i.cld)
    i.cli                                    0x08001658   Section        0  6502.o(i.cli)
    cli                                      0x08001659   Thumb Code    12  6502.o(i.cli)
    i.clv                                    0x08001668   Section        0  6502.o(i.clv)
    clv                                      0x08001669   Thumb Code    12  6502.o(i.clv)
    i.cmp                                    0x08001678   Section        0  6502.o(i.cmp)
    cmp                                      0x08001679   Thumb Code    80  6502.o(i.cmp)
    i.cpx                                    0x080016cc   Section        0  6502.o(i.cpx)
    cpx                                      0x080016cd   Thumb Code    76  6502.o(i.cpx)
    i.cpy                                    0x0800171c   Section        0  6502.o(i.cpy)
    cpy                                      0x0800171d   Thumb Code    76  6502.o(i.cpy)
    i.dcp                                    0x0800176c   Section        0  6502.o(i.dcp)
    dcp                                      0x0800176d   Thumb Code    40  6502.o(i.dcp)
    i.dec                                    0x08001798   Section        0  6502.o(i.dec)
    dec                                      0x08001799   Thumb Code    62  6502.o(i.dec)
    i.dex                                    0x080017dc   Section        0  6502.o(i.dex)
    dex                                      0x080017dd   Thumb Code    50  6502.o(i.dex)
    i.dey                                    0x08001814   Section        0  6502.o(i.dey)
    dey                                      0x08001815   Thumb Code    50  6502.o(i.dey)
    i.eor                                    0x0800184c   Section        0  6502.o(i.eor)
    eor                                      0x0800184d   Thumb Code    62  6502.o(i.eor)
    i.fputc                                  0x08001890   Section        0  main.o(i.fputc)
    i.getvalue                               0x080018a8   Section        0  6502.o(i.getvalue)
    getvalue                                 0x080018a9   Thumb Code    28  6502.o(i.getvalue)
    i.imm                                    0x080018cc   Section        0  6502.o(i.imm)
    imm                                      0x080018cd   Thumb Code    12  6502.o(i.imm)
    i.imp                                    0x080018dc   Section        0  6502.o(i.imp)
    imp                                      0x080018dd   Thumb Code     2  6502.o(i.imp)
    i.inc                                    0x080018e0   Section        0  6502.o(i.inc)
    inc                                      0x080018e1   Thumb Code    62  6502.o(i.inc)
    i.ind                                    0x08001924   Section        0  6502.o(i.ind)
    ind                                      0x08001925   Thumb Code    62  6502.o(i.ind)
    i.indx                                   0x08001968   Section        0  6502.o(i.indx)
    indx                                     0x08001969   Thumb Code    44  6502.o(i.indx)
    i.indy                                   0x08001998   Section        0  6502.o(i.indy)
    indy                                     0x08001999   Thumb Code    60  6502.o(i.indy)
    i.inx                                    0x080019d8   Section        0  6502.o(i.inx)
    inx                                      0x080019d9   Thumb Code    50  6502.o(i.inx)
    i.iny                                    0x08001a10   Section        0  6502.o(i.iny)
    iny                                      0x08001a11   Thumb Code    50  6502.o(i.iny)
    i.isb                                    0x08001a48   Section        0  6502.o(i.isb)
    isb                                      0x08001a49   Thumb Code    40  6502.o(i.isb)
    i.jmp                                    0x08001a74   Section        0  6502.o(i.jmp)
    jmp                                      0x08001a75   Thumb Code     8  6502.o(i.jmp)
    i.jsr                                    0x08001a80   Section        0  6502.o(i.jsr)
    jsr                                      0x08001a81   Thumb Code    20  6502.o(i.jsr)
    i.lax                                    0x08001a98   Section        0  6502.o(i.lax)
    lax                                      0x08001a99   Thumb Code    14  6502.o(i.lax)
    i.lda                                    0x08001aa8   Section        0  6502.o(i.lda)
    lda                                      0x08001aa9   Thumb Code    56  6502.o(i.lda)
    i.ldx                                    0x08001ae4   Section        0  6502.o(i.ldx)
    ldx                                      0x08001ae5   Thumb Code    56  6502.o(i.ldx)
    i.ldy                                    0x08001b20   Section        0  6502.o(i.ldy)
    ldy                                      0x08001b21   Thumb Code    56  6502.o(i.ldy)
    i.lsr                                    0x08001b5c   Section        0  6502.o(i.lsr)
    lsr                                      0x08001b5d   Thumb Code    80  6502.o(i.lsr)
    i.main                                   0x08001bb0   Section        0  main.o(i.main)
    i.nop                                    0x08001bec   Section        0  6502.o(i.nop)
    nop                                      0x08001bed   Thumb Code    38  6502.o(i.nop)
    i.ora                                    0x08001c18   Section        0  6502.o(i.ora)
    ora                                      0x08001c19   Thumb Code    62  6502.o(i.ora)
    i.pha                                    0x08001c5c   Section        0  6502.o(i.pha)
    pha                                      0x08001c5d   Thumb Code     8  6502.o(i.pha)
    i.php                                    0x08001c68   Section        0  6502.o(i.php)
    php                                      0x08001c69   Thumb Code    12  6502.o(i.php)
    i.pla                                    0x08001c78   Section        0  6502.o(i.pla)
    pla                                      0x08001c79   Thumb Code    46  6502.o(i.pla)
    i.plp                                    0x08001cac   Section        0  6502.o(i.plp)
    plp                                      0x08001cad   Thumb Code    16  6502.o(i.plp)
    i.pull16                                 0x08001cc0   Section        0  6502.o(i.pull16)
    i.pull8                                  0x08001cf4   Section        0  6502.o(i.pull8)
    i.push16                                 0x08001d0c   Section        0  6502.o(i.push16)
    i.push8                                  0x08001d3c   Section        0  6502.o(i.push8)
    i.putvalue                               0x08001d54   Section        0  6502.o(i.putvalue)
    putvalue                                 0x08001d55   Thumb Code    30  6502.o(i.putvalue)
    i.read6502                               0x08001d7c   Section        0  main.o(i.read6502)
    i.rel                                    0x08001da0   Section        0  6502.o(i.rel)
    rel                                      0x08001da1   Thumb Code    28  6502.o(i.rel)
    i.reset6502                              0x08001dc0   Section        0  6502.o(i.reset6502)
    i.rla                                    0x08001df8   Section        0  6502.o(i.rla)
    rla                                      0x08001df9   Thumb Code    40  6502.o(i.rla)
    i.rol                                    0x08001e24   Section        0  6502.o(i.rol)
    rol                                      0x08001e25   Thumb Code    84  6502.o(i.rol)
    i.ror                                    0x08001e7c   Section        0  6502.o(i.ror)
    ror                                      0x08001e7d   Thumb Code    88  6502.o(i.ror)
    i.rra                                    0x08001ed8   Section        0  6502.o(i.rra)
    rra                                      0x08001ed9   Thumb Code    40  6502.o(i.rra)
    i.rti                                    0x08001f04   Section        0  6502.o(i.rti)
    rti                                      0x08001f05   Thumb Code    20  6502.o(i.rti)
    i.rts                                    0x08001f1c   Section        0  6502.o(i.rts)
    rts                                      0x08001f1d   Thumb Code    16  6502.o(i.rts)
    i.sax                                    0x08001f30   Section        0  6502.o(i.sax)
    sax                                      0x08001f31   Thumb Code    50  6502.o(i.sax)
    i.sbc                                    0x08001f68   Section        0  6502.o(i.sbc)
    sbc                                      0x08001f69   Thumb Code   182  6502.o(i.sbc)
    i.sec                                    0x08002024   Section        0  6502.o(i.sec)
    sec                                      0x08002025   Thumb Code    12  6502.o(i.sec)
    i.sed                                    0x08002034   Section        0  6502.o(i.sed)
    sed                                      0x08002035   Thumb Code    12  6502.o(i.sed)
    i.sei                                    0x08002044   Section        0  6502.o(i.sei)
    sei                                      0x08002045   Thumb Code    12  6502.o(i.sei)
    i.slo                                    0x08002054   Section        0  6502.o(i.slo)
    slo                                      0x08002055   Thumb Code    40  6502.o(i.slo)
    i.sre                                    0x08002080   Section        0  6502.o(i.sre)
    sre                                      0x08002081   Thumb Code    40  6502.o(i.sre)
    i.sta                                    0x080020ac   Section        0  6502.o(i.sta)
    sta                                      0x080020ad   Thumb Code     8  6502.o(i.sta)
    i.step6502                               0x080020b8   Section        0  6502.o(i.step6502)
    i.stx                                    0x0800212c   Section        0  6502.o(i.stx)
    stx                                      0x0800212d   Thumb Code     8  6502.o(i.stx)
    i.sty                                    0x08002138   Section        0  6502.o(i.sty)
    sty                                      0x08002139   Thumb Code     8  6502.o(i.sty)
    i.tax                                    0x08002144   Section        0  6502.o(i.tax)
    tax                                      0x08002145   Thumb Code    44  6502.o(i.tax)
    i.tay                                    0x08002174   Section        0  6502.o(i.tay)
    tay                                      0x08002175   Thumb Code    44  6502.o(i.tay)
    i.tsx                                    0x080021a4   Section        0  6502.o(i.tsx)
    tsx                                      0x080021a5   Thumb Code    44  6502.o(i.tsx)
    i.txa                                    0x080021d4   Section        0  6502.o(i.txa)
    txa                                      0x080021d5   Thumb Code    44  6502.o(i.txa)
    i.txs                                    0x08002204   Section        0  6502.o(i.txs)
    txs                                      0x08002205   Thumb Code     8  6502.o(i.txs)
    i.tya                                    0x08002210   Section        0  6502.o(i.tya)
    tya                                      0x08002211   Thumb Code    44  6502.o(i.tya)
    i.write6502                              0x08002240   Section        0  main.o(i.write6502)
    i.zp                                     0x08002244   Section        0  6502.o(i.zp)
    zp                                       0x08002245   Thumb Code    18  6502.o(i.zp)
    i.zpx                                    0x0800225c   Section        0  6502.o(i.zpx)
    zpx                                      0x0800225d   Thumb Code    24  6502.o(i.zpx)
    i.zpy                                    0x08002278   Section        0  6502.o(i.zpy)
    zpy                                      0x08002279   Thumb Code    24  6502.o(i.zpy)
    .constdata                               0x08002294   Section     1024  6502.o(.constdata)
    ticktable                                0x08002294   Data        1024  6502.o(.constdata)
    .constdata                               0x08002694   Section       16  system_stm32f4xx.o(.constdata)
    .constdata                               0x080026a4   Section        8  system_stm32f4xx.o(.constdata)
    .data                                    0x20000000   Section     2104  6502.o(.data)
    addrtable                                0x20000038   Data        1024  6502.o(.data)
    optable                                  0x20000438   Data        1024  6502.o(.data)
    .data                                    0x20000838   Section       12  stm32f4xx_hal.o(.data)
    .data                                    0x20000844   Section        4  system_stm32f4xx.o(.data)
    .data                                    0x20000848   Section        4  stdout.o(.data)
    .bss                                     0x2000084c   Section       64  main.o(.bss)
    STACK                                    0x20000890   Section     1024  startup_stm32f401xe.o(STACK)

    Global Symbols

    Symbol Name                              Value     Ov Type        Size  Object(Section)

    BuildAttributes$$THM_ISAv4$E$P$D$K$B$S$7EM$VFPi3$EXTD16$VFPS$VFMA$PE$A:L22UL41UL21$X:L11$S22US41US21$IEEE1$IW$USESV6$~STKCKD$USESV7$~SHL$OSPACE$ROPI$EBA8$MICROLIB$REQ8$PRES8$EABIv2 0x00000000   Number         0  anon$$obj.o ABSOLUTE
    __ARM_use_no_argv                        0x00000000   Number         0  main.o ABSOLUTE
    _printf_a                                0x00000000   Number         0  stubs.o ABSOLUTE
    _printf_c                                0x00000000   Number         0  stubs.o ABSOLUTE
    _printf_charcount                        0x00000000   Number         0  stubs.o ABSOLUTE
    _printf_d                                0x00000000   Number         0  stubs.o ABSOLUTE
    _printf_e                                0x00000000   Number         0  stubs.o ABSOLUTE
    _printf_f                                0x00000000   Number         0  stubs.o ABSOLUTE
    _printf_flags                            0x00000000   Number         0  stubs.o ABSOLUTE
    _printf_fp_dec                           0x00000000   Number         0  stubs.o ABSOLUTE
    _printf_fp_hex                           0x00000000   Number         0  stubs.o ABSOLUTE
    _printf_g                                0x00000000   Number         0  stubs.o ABSOLUTE
    _printf_i                                0x00000000   Number         0  stubs.o ABSOLUTE
    _printf_int_dec                          0x00000000   Number         0  stubs.o ABSOLUTE
    _printf_l                                0x00000000   Number         0  stubs.o ABSOLUTE
    _printf_lc                               0x00000000   Number         0  stubs.o ABSOLUTE
    _printf_ll                               0x00000000   Number         0  stubs.o ABSOLUTE
    _printf_lld                              0x00000000   Number         0  stubs.o ABSOLUTE
    _printf_lli                              0x00000000   Number         0  stubs.o ABSOLUTE
    _printf_llo                              0x00000000   Number         0  stubs.o ABSOLUTE
    _printf_llu                              0x00000000   Number         0  stubs.o ABSOLUTE
    _printf_llx                              0x00000000   Number         0  stubs.o ABSOLUTE
    _printf_longlong_dec                     0x00000000   Number         0  stubs.o ABSOLUTE
    _printf_longlong_hex                     0x00000000   Number         0  stubs.o ABSOLUTE
    _printf_longlong_oct                     0x00000000   Number         0  stubs.o ABSOLUTE
    _printf_ls                               0x00000000   Number         0  stubs.o ABSOLUTE
    _printf_mbtowc                           0x00000000   Number         0  stubs.o ABSOLUTE
    _printf_n                                0x00000000   Number         0  stubs.o ABSOLUTE
    _printf_o                                0x00000000   Number         0  stubs.o ABSOLUTE
    _printf_p                                0x00000000   Number         0  stubs.o ABSOLUTE
    _printf_percent                          0x00000000   Number         0  stubs.o ABSOLUTE
    _printf_pre_padding                      0x00000000   Number         0  stubs.o ABSOLUTE
    _printf_return_value                     0x00000000   Number         0  stubs.o ABSOLUTE
    _printf_s                                0x00000000   Number         0  stubs.o ABSOLUTE
    _printf_sizespec                         0x00000000   Number         0  stubs.o ABSOLUTE
    _printf_str                              0x00000000   Number         0  stubs.o ABSOLUTE
    _printf_truncate_signed                  0x00000000   Number         0  stubs.o ABSOLUTE
    _printf_truncate_unsigned                0x00000000   Number         0  stubs.o ABSOLUTE
    _printf_u                                0x00000000   Number         0  stubs.o ABSOLUTE
    _printf_wc                               0x00000000   Number         0  stubs.o ABSOLUTE
    _printf_wctomb                           0x00000000   Number         0  stubs.o ABSOLUTE
    _printf_widthprec                        0x00000000   Number         0  stubs.o ABSOLUTE
    _printf_x                                0x00000000   Number         0  stubs.o ABSOLUTE
    __cpp_initialize__aeabi_                  - Undefined Weak Reference
    __cxa_finalize                            - Undefined Weak Reference
    _clock_init                               - Undefined Weak Reference
    _microlib_exit                            - Undefined Weak Reference
    __Vectors_Size                           0x00000194   Number         0  startup_stm32f401xe.o ABSOLUTE
    __Vectors                                0x08000000   Data           4  startup_stm32f401xe.o(RESET)
    __Vectors_End                            0x08000194   Data           0  startup_stm32f401xe.o(RESET)
    __main                                   0x08000195   Thumb Code     0  entry.o(.ARM.Collect$$$$00000000)
    _main_stk                                0x08000195   Thumb Code     0  entry2.o(.ARM.Collect$$$$00000001)
    _main_scatterload                        0x08000199   Thumb Code     0  entry5.o(.ARM.Collect$$$$00000004)
    __main_after_scatterload                 0x0800019d   Thumb Code     0  entry5.o(.ARM.Collect$$$$00000004)
    _main_clock                              0x0800019d   Thumb Code     0  entry7b.o(.ARM.Collect$$$$00000008)
    _main_cpp_init                           0x0800019d   Thumb Code     0  entry8b.o(.ARM.Collect$$$$0000000A)
    _main_init                               0x0800019d   Thumb Code     0  entry9a.o(.ARM.Collect$$$$0000000B)
    __rt_final_cpp                           0x080001a5   Thumb Code     0  entry10a.o(.ARM.Collect$$$$0000000D)
    __rt_final_exit                          0x080001a5   Thumb Code     0  entry11a.o(.ARM.Collect$$$$0000000F)
    Reset_Handler                            0x080001a9   Thumb Code     8  startup_stm32f401xe.o(.text)
    ADC_IRQHandler                           0x080001c3   Thumb Code     0  startup_stm32f401xe.o(.text)
    DMA1_Stream0_IRQHandler                  0x080001c3   Thumb Code     0  startup_stm32f401xe.o(.text)
    DMA1_Stream1_IRQHandler                  0x080001c3   Thumb Code     0  startup_stm32f401xe.o(.text)
    DMA1_Stream2_IRQHandler                  0x080001c3   Thumb Code     0  startup_stm32f401xe.o(.text)
    DMA1_Stream3_IRQHandler                  0x080001c3   Thumb Code     0  startup_stm32f401xe.o(.text)
    DMA1_Stream4_IRQHandler                  0x080001c3   Thumb Code     0  startup_stm32f401xe.o(.text)
    DMA1_Stream5_IRQHandler                  0x080001c3   Thumb Code     0  startup_stm32f401xe.o(.text)
    DMA1_Stream6_IRQHandler                  0x080001c3   Thumb Code     0  startup_stm32f401xe.o(.text)
    DMA1_Stream7_IRQHandler                  0x080001c3   Thumb Code     0  startup_stm32f401xe.o(.text)
    DMA2_Stream0_IRQHandler                  0x080001c3   Thumb Code     0  startup_stm32f401xe.o(.text)
    DMA2_Stream1_IRQHandler                  0x080001c3   Thumb Code     0  startup_stm32f401xe.o(.text)
    DMA2_Stream2_IRQHandler                  0x080001c3   Thumb Code     0  startup_stm32f401xe.o(.text)
    DMA2_Stream3_IRQHandler                  0x080001c3   Thumb Code     0  startup_stm32f401xe.o(.text)
    DMA2_Stream4_IRQHandler                  0x080001c3   Thumb Code     0  startup_stm32f401xe.o(.text)
    DMA2_Stream5_IRQHandler                  0x080001c3   Thumb Code     0  startup_stm32f401xe.o(.text)
    DMA2_Stream6_IRQHandler                  0x080001c3   Thumb Code     0  startup_stm32f401xe.o(.text)
    DMA2_Stream7_IRQHandler                  0x080001c3   Thumb Code     0  startup_stm32f401xe.o(.text)
    EXTI0_IRQHandler                         0x080001c3   Thumb Code     0  startup_stm32f401xe.o(.text)
    EXTI15_10_IRQHandler                     0x080001c3   Thumb Code     0  startup_stm32f401xe.o(.text)
    EXTI1_IRQHandler                         0x080001c3   Thumb Code     0  startup_stm32f401xe.o(.text)
    EXTI2_IRQHandler                         0x080001c3   Thumb Code     0  startup_stm32f401xe.o(.text)
    EXTI3_IRQHandler                         0x080001c3   Thumb Code     0  startup_stm32f401xe.o(.text)
    EXTI4_IRQHandler                         0x080001c3   Thumb Code     0  startup_stm32f401xe.o(.text)
    EXTI9_5_IRQHandler                       0x080001c3   Thumb Code     0  startup_stm32f401xe.o(.text)
    FLASH_IRQHandler                         0x080001c3   Thumb Code     0  startup_stm32f401xe.o(.text)
    FPU_IRQHandler                           0x080001c3   Thumb Code     0  startup_stm32f401xe.o(.text)
    I2C1_ER_IRQHandler                       0x080001c3   Thumb Code     0  startup_stm32f401xe.o(.text)
    I2C1_EV_IRQHandler                       0x080001c3   Thumb Code     0  startup_stm32f401xe.o(.text)
    I2C2_ER_IRQHandler                       0x080001c3   Thumb Code     0  startup_stm32f401xe.o(.text)
    I2C2_EV_IRQHandler                       0x080001c3   Thumb Code     0  startup_stm32f401xe.o(.text)
    I2C3_ER_IRQHandler                       0x080001c3   Thumb Code     0  startup_stm32f401xe.o(.text)
    I2C3_EV_IRQHandler                       0x080001c3   Thumb Code     0  startup_stm32f401xe.o(.text)
    OTG_FS_IRQHandler                        0x080001c3   Thumb Code     0  startup_stm32f401xe.o(.text)
    OTG_FS_WKUP_IRQHandler                   0x080001c3   Thumb Code     0  startup_stm32f401xe.o(.text)
    PVD_IRQHandler                           0x080001c3   Thumb Code     0  startup_stm32f401xe.o(.text)
    RCC_IRQHandler                           0x080001c3   Thumb Code     0  startup_stm32f401xe.o(.text)
    RTC_Alarm_IRQHandler                     0x080001c3   Thumb Code     0  startup_stm32f401xe.o(.text)
    RTC_WKUP_IRQHandler                      0x080001c3   Thumb Code     0  startup_stm32f401xe.o(.text)
    SDIO_IRQHandler                          0x080001c3   Thumb Code     0  startup_stm32f401xe.o(.text)
    SPI1_IRQHandler                          0x080001c3   Thumb Code     0  startup_stm32f401xe.o(.text)
    SPI2_IRQHandler                          0x080001c3   Thumb Code     0  startup_stm32f401xe.o(.text)
    SPI3_IRQHandler                          0x080001c3   Thumb Code     0  startup_stm32f401xe.o(.text)
    SPI4_IRQHandler                          0x080001c3   Thumb Code     0  startup_stm32f401xe.o(.text)
    TAMP_STAMP_IRQHandler                    0x080001c3   Thumb Code     0  startup_stm32f401xe.o(.text)
    TIM1_BRK_TIM9_IRQHandler                 0x080001c3   Thumb Code     0  startup_stm32f401xe.o(.text)
    TIM1_CC_IRQHandler                       0x080001c3   Thumb Code     0  startup_stm32f401xe.o(.text)
    TIM1_TRG_COM_TIM11_IRQHandler            0x080001c3   Thumb Code     0  startup_stm32f401xe.o(.text)
    TIM1_UP_TIM10_IRQHandler                 0x080001c3   Thumb Code     0  startup_stm32f401xe.o(.text)
    TIM2_IRQHandler                          0x080001c3   Thumb Code     0  startup_stm32f401xe.o(.text)
    TIM3_IRQHandler                          0x080001c3   Thumb Code     0  startup_stm32f401xe.o(.text)
    TIM4_IRQHandler                          0x080001c3   Thumb Code     0  startup_stm32f401xe.o(.text)
    TIM5_IRQHandler                          0x080001c3   Thumb Code     0  startup_stm32f401xe.o(.text)
    USART1_IRQHandler                        0x080001c3   Thumb Code     0  startup_stm32f401xe.o(.text)
    USART2_IRQHandler                        0x080001c3   Thumb Code     0  startup_stm32f401xe.o(.text)
    USART6_IRQHandler                        0x080001c3   Thumb Code     0  startup_stm32f401xe.o(.text)
    WWDG_IRQHandler                          0x080001c3   Thumb Code     0  startup_stm32f401xe.o(.text)
    __aeabi_uldivmod                         0x080001cd   Thumb Code    98  uldiv.o(.text)
    __aeabi_memset                           0x0800022f   Thumb Code    14  memseta.o(.text)
    __aeabi_memset4                          0x0800022f   Thumb Code     0  memseta.o(.text)
    __aeabi_memset8                          0x0800022f   Thumb Code     0  memseta.o(.text)
    __aeabi_memclr                           0x0800023d   Thumb Code     4  memseta.o(.text)
    __aeabi_memclr4                          0x0800023d   Thumb Code     0  memseta.o(.text)
    __aeabi_memclr8                          0x0800023d   Thumb Code     0  memseta.o(.text)
    _memset$wrapper                          0x08000241   Thumb Code    18  memseta.o(.text)
    __aeabi_llsl                             0x08000253   Thumb Code    30  llshl.o(.text)
    _ll_shift_l                              0x08000253   Thumb Code     0  llshl.o(.text)
    __aeabi_llsr                             0x08000271   Thumb Code    32  llushr.o(.text)
    _ll_ushift_r                             0x08000271   Thumb Code     0  llushr.o(.text)
    __scatterload                            0x08000291   Thumb Code    28  init.o(.text)
    __scatterload_rt2                        0x08000291   Thumb Code     0  init.o(.text)
    __decompress                             0x080002b5   Thumb Code     0  __dczerorl2.o(.text)
    __decompress1                            0x080002b5   Thumb Code    86  __dczerorl2.o(.text)
    BusFault_Handler                         0x0800030b   Thumb Code     2  stm32f4xx_it.o(i.BusFault_Handler)
    DebugMon_Handler                         0x0800030d   Thumb Code     2  stm32f4xx_it.o(i.DebugMon_Handler)
    HAL_GPIO_Init                            0x08000311   Thumb Code   370  stm32f4xx_hal_gpio.o(i.HAL_GPIO_Init)
    HAL_GetTick                              0x080004a5   Thumb Code     6  stm32f4xx_hal.o(i.HAL_GetTick)
    HAL_IncTick                              0x080004b1   Thumb Code    12  stm32f4xx_hal.o(i.HAL_IncTick)
    HAL_Init                                 0x080004c1   Thumb Code    48  stm32f4xx_hal.o(i.HAL_Init)
    HAL_InitTick                             0x080004f5   Thumb Code    54  stm32f4xx_hal.o(i.HAL_InitTick)
    HAL_MspInit                              0x08000535   Thumb Code    42  stm32f4xx_hal_msp.o(i.HAL_MspInit)
    HAL_NVIC_SetPriority                     0x08000565   Thumb Code    60  stm32f4xx_hal_cortex.o(i.HAL_NVIC_SetPriority)
    HAL_NVIC_SetPriorityGrouping             0x080005a5   Thumb Code    26  stm32f4xx_hal_cortex.o(i.HAL_NVIC_SetPriorityGrouping)
    HAL_RCC_ClockConfig                      0x080005c9   Thumb Code   288  stm32f4xx_hal_rcc.o(i.HAL_RCC_ClockConfig)
    HAL_RCC_GetPCLK1Freq                     0x080006fd   Thumb Code    20  stm32f4xx_hal_rcc.o(i.HAL_RCC_GetPCLK1Freq)
    HAL_RCC_GetPCLK2Freq                     0x0800071d   Thumb Code    20  stm32f4xx_hal_rcc.o(i.HAL_RCC_GetPCLK2Freq)
    HAL_RCC_GetSysClockFreq                  0x0800073d   Thumb Code    88  stm32f4xx_hal_rcc.o(i.HAL_RCC_GetSysClockFreq)
    HAL_RCC_OscConfig                        0x080007a1   Thumb Code   834  stm32f4xx_hal_rcc.o(i.HAL_RCC_OscConfig)
    HAL_SYSTICK_Config                       0x08000afd   Thumb Code    40  stm32f4xx_hal_cortex.o(i.HAL_SYSTICK_Config)
    HAL_UART_Init                            0x08000b25   Thumb Code    98  stm32f4xx_hal_uart.o(i.HAL_UART_Init)
    HAL_UART_MspInit                         0x08000b89   Thumb Code    94  stm32f4xx_hal_msp.o(i.HAL_UART_MspInit)
    HAL_UART_Transmit                        0x08000bf5   Thumb Code   186  stm32f4xx_hal_uart.o(i.HAL_UART_Transmit)
    HardFault_Handler                        0x08000caf   Thumb Code     2  stm32f4xx_it.o(i.HardFault_Handler)
    MemManage_Handler                        0x08000cb1   Thumb Code     2  stm32f4xx_it.o(i.MemManage_Handler)
    NMI_Handler                              0x08000cb3   Thumb Code     2  stm32f4xx_it.o(i.NMI_Handler)
    PendSV_Handler                           0x08000cb5   Thumb Code     2  stm32f4xx_it.o(i.PendSV_Handler)
    SVC_Handler                              0x08000cb7   Thumb Code     2  stm32f4xx_it.o(i.SVC_Handler)
    SysTick_Handler                          0x08000cb9   Thumb Code     4  stm32f4xx_it.o(i.SysTick_Handler)
    SystemClock_Config                       0x08000cbd   Thumb Code   108  main.o(i.SystemClock_Config)
    SystemInit                               0x08000d31   Thumb Code    22  system_stm32f4xx.o(i.SystemInit)
    UsageFault_Handler                       0x08000ed9   Thumb Code     2  stm32f4xx_it.o(i.UsageFault_Handler)
    __0printf$5                              0x08000edd   Thumb Code    22  printf5.o(i.__0printf$5)
    __1printf$5                              0x08000edd   Thumb Code     0  printf5.o(i.__0printf$5)
    __2printf                                0x08000edd   Thumb Code     0  printf5.o(i.__0printf$5)
    __scatterload_copy                       0x08000f1d   Thumb Code    14  handlers.o(i.__scatterload_copy)
    __scatterload_null                       0x08000f2b   Thumb Code     2  handlers.o(i.__scatterload_null)
    __scatterload_zeroinit                   0x08000f2d   Thumb Code    14  handlers.o(i.__scatterload_zeroinit)
    fputc                                    0x08001891   Thumb Code    20  main.o(i.fputc)
    main                                     0x08001bb1   Thumb Code    50  main.o(i.main)
    pull16                                   0x08001cc1   Thumb Code    46  6502.o(i.pull16)
    pull8                                    0x08001cf5   Thumb Code    18  6502.o(i.pull8)
    push16                                   0x08001d0d   Thumb Code    42  6502.o(i.push16)
    push8                                    0x08001d3d   Thumb Code    18  6502.o(i.push8)
    read6502                                 0x08001d7d   Thumb Code    14  main.o(i.read6502)
    reset6502                                0x08001dc1   Thumb Code    50  6502.o(i.reset6502)
    step6502                                 0x080020b9   Thumb Code   106  6502.o(i.step6502)
    write6502                                0x08002241   Thumb Code     2  main.o(i.write6502)
    AHBPrescTable                            0x08002694   Data          16  system_stm32f4xx.o(.constdata)
    APBPrescTable                            0x080026a4   Data           8  system_stm32f4xx.o(.constdata)
    Region$$Table$$Base                      0x080026ac   Number         0  anon$$obj.o(Region$$Table)
    Region$$Table$$Limit                     0x080026cc   Number         0  anon$$obj.o(Region$$Table)
    callexternal                             0x20000000   Data           1  6502.o(.data)
    sp                                       0x20000001   Data           1  6502.o(.data)
    a                                        0x20000002   Data           1  6502.o(.data)
    x                                        0x20000003   Data           1  6502.o(.data)
    y                                        0x20000004   Data           1  6502.o(.data)
    status                                   0x20000005   Data           1  6502.o(.data)
    opcode                                   0x20000006   Data           1  6502.o(.data)
    penaltyop                                0x20000007   Data           1  6502.o(.data)
    penaltyaddr                              0x20000008   Data           1  6502.o(.data)
    pc                                       0x2000000a   Data           2  6502.o(.data)
    oldpc                                    0x2000000c   Data           2  6502.o(.data)
    ea                                       0x2000000e   Data           2  6502.o(.data)
    reladdr                                  0x20000010   Data           2  6502.o(.data)
    value                                    0x20000012   Data           2  6502.o(.data)
    result                                   0x20000014   Data           2  6502.o(.data)
    loopexternal                             0x20000018   Data           4  6502.o(.data)
    instructions                             0x20000020   Data           8  6502.o(.data)
    clockticks6502                           0x20000028   Data           8  6502.o(.data)
    clockgoal6502                            0x20000030   Data           8  6502.o(.data)
    uwTickFreq                               0x20000838   Data           1  stm32f4xx_hal.o(.data)
    uwTickPrio                               0x2000083c   Data           4  stm32f4xx_hal.o(.data)
    uwTick                                   0x20000840   Data           4  stm32f4xx_hal.o(.data)
    SystemCoreClock                          0x20000844   Data           4  system_stm32f4xx.o(.data)
    __stdout                                 0x20000848   Data           4  stdout.o(.data)
    huart1                                   0x2000084c   Data          64  main.o(.bss)
    __initial_sp                             0x20000c90   Data           0  startup_stm32f401xe.o(STACK)



==============================================================================

Memory Map of the image

  Image Entry point : 0x08000195

  Load Region LR_IROM1 (Base: 0x08000000, Size: 0x00002f18, Max: 0x00080000, ABSOLUTE, COMPRESSED[0x00002888])

    Execution Region ER_IROM1 (Exec base: 0x08000000, Load base: 0x08000000, Size: 0x000026cc, Max: 0x00080000, ABSOLUTE)

    Exec Addr    Load Addr    Size         Type   Attr      Idx    E Section Name        Object

    0x08000000   0x08000000   0x00000194   Data   RO            3    RESET               startup_stm32f401xe.o
    0x08000194   0x08000194   0x00000000   Code   RO         2346  * .ARM.Collect$$$$00000000  mc_w.l(entry.o)
    0x08000194   0x08000194   0x00000004   Code   RO         2614    .ARM.Collect$$$$00000001  mc_w.l(entry2.o)
    0x08000198   0x08000198   0x00000004   Code   RO         2617    .ARM.Collect$$$$00000004  mc_w.l(entry5.o)
    0x0800019c   0x0800019c   0x00000000   Code   RO         2619    .ARM.Collect$$$$00000008  mc_w.l(entry7b.o)
    0x0800019c   0x0800019c   0x00000000   Code   RO         2621    .ARM.Collect$$$$0000000A  mc_w.l(entry8b.o)
    0x0800019c   0x0800019c   0x00000008   Code   RO         2622    .ARM.Collect$$$$0000000B  mc_w.l(entry9a.o)
    0x080001a4   0x080001a4   0x00000000   Code   RO         2624    .ARM.Collect$$$$0000000D  mc_w.l(entry10a.o)
    0x080001a4   0x080001a4   0x00000000   Code   RO         2626    .ARM.Collect$$$$0000000F  mc_w.l(entry11a.o)
    0x080001a4   0x080001a4   0x00000004   Code   RO         2615    .ARM.Collect$$$$00002712  mc_w.l(entry2.o)
    0x080001a8   0x080001a8   0x00000024   Code   RO            4    .text               startup_stm32f401xe.o
    0x080001cc   0x080001cc   0x00000062   Code   RO         2349    .text               mc_w.l(uldiv.o)
    0x0800022e   0x0800022e   0x00000024   Code   RO         2351    .text               mc_w.l(memseta.o)
    0x08000252   0x08000252   0x0000001e   Code   RO         2631    .text               mc_w.l(llshl.o)
    0x08000270   0x08000270   0x00000020   Code   RO         2633    .text               mc_w.l(llushr.o)
    0x08000290   0x08000290   0x00000024   Code   RO         2646    .text               mc_w.l(init.o)
    0x080002b4   0x080002b4   0x00000056   Code   RO         2660    .text               mc_w.l(__dczerorl2.o)
    0x0800030a   0x0800030a   0x00000002   Code   RO          168    i.BusFault_Handler  stm32f4xx_it.o
    0x0800030c   0x0800030c   0x00000002   Code   RO          169    i.DebugMon_Handler  stm32f4xx_it.o
    0x0800030e   0x0800030e   0x00000002   PAD
    0x08000310   0x08000310   0x00000194   Code   RO         1510    i.HAL_GPIO_Init     stm32f4xx_hal_gpio.o
    0x080004a4   0x080004a4   0x0000000c   Code   RO         2066    i.HAL_GetTick       stm32f4xx_hal.o
    0x080004b0   0x080004b0   0x00000010   Code   RO         2072    i.HAL_IncTick       stm32f4xx_hal.o
    0x080004c0   0x080004c0   0x00000034   Code   RO         2073    i.HAL_Init          stm32f4xx_hal.o
    0x080004f4   0x080004f4   0x00000040   Code   RO         2074    i.HAL_InitTick      stm32f4xx_hal.o
    0x08000534   0x08000534   0x00000030   Code   RO          243    i.HAL_MspInit       stm32f4xx_hal_msp.o
    0x08000564   0x08000564   0x00000040   Code   RO         1929    i.HAL_NVIC_SetPriority  stm32f4xx_hal_cortex.o
    0x080005a4   0x080005a4   0x00000024   Code   RO         1930    i.HAL_NVIC_SetPriorityGrouping  stm32f4xx_hal_cortex.o
    0x080005c8   0x080005c8   0x00000134   Code   RO         1132    i.HAL_RCC_ClockConfig  stm32f4xx_hal_rcc.o
    0x080006fc   0x080006fc   0x00000020   Code   RO         1139    i.HAL_RCC_GetPCLK1Freq  stm32f4xx_hal_rcc.o
    0x0800071c   0x0800071c   0x00000020   Code   RO         1140    i.HAL_RCC_GetPCLK2Freq  stm32f4xx_hal_rcc.o
    0x0800073c   0x0800073c   0x00000064   Code   RO         1141    i.HAL_RCC_GetSysClockFreq  stm32f4xx_hal_rcc.o
    0x080007a0   0x080007a0   0x0000035c   Code   RO         1144    i.HAL_RCC_OscConfig  stm32f4xx_hal_rcc.o
    0x08000afc   0x08000afc   0x00000028   Code   RO         1934    i.HAL_SYSTICK_Config  stm32f4xx_hal_cortex.o
    0x08000b24   0x08000b24   0x00000062   Code   RO          830    i.HAL_UART_Init     stm32f4xx_hal_uart.o
    0x08000b86   0x08000b86   0x00000002   PAD
    0x08000b88   0x08000b88   0x0000006c   Code   RO          245    i.HAL_UART_MspInit  stm32f4xx_hal_msp.o
    0x08000bf4   0x08000bf4   0x000000ba   Code   RO          838    i.HAL_UART_Transmit  stm32f4xx_hal_uart.o
    0x08000cae   0x08000cae   0x00000002   Code   RO          170    i.HardFault_Handler  stm32f4xx_it.o
    0x08000cb0   0x08000cb0   0x00000002   Code   RO          171    i.MemManage_Handler  stm32f4xx_it.o
    0x08000cb2   0x08000cb2   0x00000002   Code   RO          172    i.NMI_Handler       stm32f4xx_it.o
    0x08000cb4   0x08000cb4   0x00000002   Code   RO          173    i.PendSV_Handler    stm32f4xx_it.o
    0x08000cb6   0x08000cb6   0x00000002   Code   RO          174    i.SVC_Handler       stm32f4xx_it.o
    0x08000cb8   0x08000cb8   0x00000004   Code   RO          175    i.SysTick_Handler   stm32f4xx_it.o
    0x08000cbc   0x08000cbc   0x00000074   Code   RO           14    i.SystemClock_Config  main.o
    0x08000d30   0x08000d30   0x0000001c   Code   RO         2312    i.SystemInit        system_stm32f4xx.o
    0x08000d4c   0x08000d4c   0x00000128   Code   RO          856    i.UART_SetConfig    stm32f4xx_hal_uart.o
    0x08000e74   0x08000e74   0x00000064   Code   RO          858    i.UART_WaitOnFlagUntilTimeout  stm32f4xx_hal_uart.o
    0x08000ed8   0x08000ed8   0x00000002   Code   RO          176    i.UsageFault_Handler  stm32f4xx_it.o
    0x08000eda   0x08000eda   0x00000002   PAD
    0x08000edc   0x08000edc   0x00000020   Code   RO         2486    i.__0printf$5       mc_w.l(printf5.o)
    0x08000efc   0x08000efc   0x00000020   Code   RO         1936    i.__NVIC_SetPriority  stm32f4xx_hal_cortex.o
    0x08000f1c   0x08000f1c   0x0000000e   Code   RO         2654    i.__scatterload_copy  mc_w.l(handlers.o)
    0x08000f2a   0x08000f2a   0x00000002   Code   RO         2655    i.__scatterload_null  mc_w.l(handlers.o)
    0x08000f2c   0x08000f2c   0x0000000e   Code   RO         2656    i.__scatterload_zeroinit  mc_w.l(handlers.o)
    0x08000f3a   0x08000f3a   0x00000002   PAD
    0x08000f3c   0x08000f3c   0x000002c0   Code   RO         2493    i._printf_core      mc_w.l(printf5.o)
    0x080011fc   0x080011fc   0x00000028   Code   RO          279    i.abso              6502.o
    0x08001224   0x08001224   0x0000003c   Code   RO          280    i.absx              6502.o
    0x08001260   0x08001260   0x0000003c   Code   RO          281    i.absy              6502.o
    0x0800129c   0x0800129c   0x00000002   Code   RO          282    i.acc               6502.o
    0x0800129e   0x0800129e   0x00000002   PAD
    0x080012a0   0x080012a0   0x000000b0   Code   RO          283    i.adc               6502.o
    0x08001350   0x08001350   0x00000040   Code   RO          284    i.and               6502.o
    0x08001390   0x08001390   0x00000058   Code   RO          285    i.asl               6502.o
    0x080013e8   0x080013e8   0x0000003c   Code   RO          286    i.bcc               6502.o
    0x08001424   0x08001424   0x0000003c   Code   RO          287    i.bcs               6502.o
    0x08001460   0x08001460   0x0000003c   Code   RO          288    i.beq               6502.o
    0x0800149c   0x0800149c   0x00000030   Code   RO          289    i.bit               6502.o
    0x080014cc   0x080014cc   0x0000003c   Code   RO          290    i.bmi               6502.o
    0x08001508   0x08001508   0x0000003c   Code   RO          291    i.bne               6502.o
    0x08001544   0x08001544   0x0000003c   Code   RO          292    i.bpl               6502.o
    0x08001580   0x08001580   0x00000040   Code   RO          293    i.brk               6502.o
    0x080015c0   0x080015c0   0x0000003c   Code   RO          294    i.bvc               6502.o
    0x080015fc   0x080015fc   0x0000003c   Code   RO          295    i.bvs               6502.o
    0x08001638   0x08001638   0x00000010   Code   RO          296    i.clc               6502.o
    0x08001648   0x08001648   0x00000010   Code   RO          297    i.cld               6502.o
    0x08001658   0x08001658   0x00000010   Code   RO          298    i.cli               6502.o
    0x08001668   0x08001668   0x00000010   Code   RO          299    i.clv               6502.o
    0x08001678   0x08001678   0x00000054   Code   RO          300    i.cmp               6502.o
    0x080016cc   0x080016cc   0x00000050   Code   RO          301    i.cpx               6502.o
    0x0800171c   0x0800171c   0x00000050   Code   RO          302    i.cpy               6502.o
    0x0800176c   0x0800176c   0x0000002c   Code   RO          303    i.dcp               6502.o
    0x08001798   0x08001798   0x00000044   Code   RO          304    i.dec               6502.o
    0x080017dc   0x080017dc   0x00000038   Code   RO          305    i.dex               6502.o
    0x08001814   0x08001814   0x00000038   Code   RO          306    i.dey               6502.o
    0x0800184c   0x0800184c   0x00000044   Code   RO          307    i.eor               6502.o
    0x08001890   0x08001890   0x00000018   Code   RO           15    i.fputc             main.o
    0x080018a8   0x080018a8   0x00000024   Code   RO          311    i.getvalue          6502.o
    0x080018cc   0x080018cc   0x00000010   Code   RO          313    i.imm               6502.o
    0x080018dc   0x080018dc   0x00000002   Code   RO          314    i.imp               6502.o
    0x080018de   0x080018de   0x00000002   PAD
    0x080018e0   0x080018e0   0x00000044   Code   RO          315    i.inc               6502.o
    0x08001924   0x08001924   0x00000044   Code   RO          316    i.ind               6502.o
    0x08001968   0x08001968   0x00000030   Code   RO          317    i.indx              6502.o
    0x08001998   0x08001998   0x00000040   Code   RO          318    i.indy              6502.o
    0x080019d8   0x080019d8   0x00000038   Code   RO          319    i.inx               6502.o
    0x08001a10   0x08001a10   0x00000038   Code   RO          320    i.iny               6502.o
    0x08001a48   0x08001a48   0x0000002c   Code   RO          322    i.isb               6502.o
    0x08001a74   0x08001a74   0x0000000c   Code   RO          323    i.jmp               6502.o
    0x08001a80   0x08001a80   0x00000018   Code   RO          324    i.jsr               6502.o
    0x08001a98   0x08001a98   0x0000000e   Code   RO          325    i.lax               6502.o
    0x08001aa6   0x08001aa6   0x00000002   PAD
    0x08001aa8   0x08001aa8   0x0000003c   Code   RO          326    i.lda               6502.o
    0x08001ae4   0x08001ae4   0x0000003c   Code   RO          327    i.ldx               6502.o
    0x08001b20   0x08001b20   0x0000003c   Code   RO          328    i.ldy               6502.o
    0x08001b5c   0x08001b5c   0x00000054   Code   RO          329    i.lsr               6502.o
    0x08001bb0   0x08001bb0   0x0000003c   Code   RO           16    i.main              main.o
    0x08001bec   0x08001bec   0x0000002c   Code   RO          331    i.nop               6502.o
    0x08001c18   0x08001c18   0x00000044   Code   RO          332    i.ora               6502.o
    0x08001c5c   0x08001c5c   0x0000000c   Code   RO          333    i.pha               6502.o
    0x08001c68   0x08001c68   0x00000010   Code   RO          334    i.php               6502.o
    0x08001c78   0x08001c78   0x00000034   Code   RO          335    i.pla               6502.o
    0x08001cac   0x08001cac   0x00000014   Code   RO          336    i.plp               6502.o
    0x08001cc0   0x08001cc0   0x00000034   Code   RO          337    i.pull16            6502.o
    0x08001cf4   0x08001cf4   0x00000018   Code   RO          338    i.pull8             6502.o
    0x08001d0c   0x08001d0c   0x00000030   Code   RO          339    i.push16            6502.o
    0x08001d3c   0x08001d3c   0x00000018   Code   RO          340    i.push8             6502.o
    0x08001d54   0x08001d54   0x00000028   Code   RO          341    i.putvalue          6502.o
    0x08001d7c   0x08001d7c   0x00000024   Code   RO           17    i.read6502          main.o
    0x08001da0   0x08001da0   0x00000020   Code   RO          342    i.rel               6502.o
    0x08001dc0   0x08001dc0   0x00000038   Code   RO          343    i.reset6502         6502.o
    0x08001df8   0x08001df8   0x0000002c   Code   RO          344    i.rla               6502.o
    0x08001e24   0x08001e24   0x00000058   Code   RO          345    i.rol               6502.o
    0x08001e7c   0x08001e7c   0x0000005c   Code   RO          346    i.ror               6502.o
    0x08001ed8   0x08001ed8   0x0000002c   Code   RO          347    i.rra               6502.o
    0x08001f04   0x08001f04   0x00000018   Code   RO          348    i.rti               6502.o
    0x08001f1c   0x08001f1c   0x00000014   Code   RO          349    i.rts               6502.o
    0x08001f30   0x08001f30   0x00000038   Code   RO          350    i.sax               6502.o
    0x08001f68   0x08001f68   0x000000bc   Code   RO          351    i.sbc               6502.o
    0x08002024   0x08002024   0x00000010   Code   RO          352    i.sec               6502.o
    0x08002034   0x08002034   0x00000010   Code   RO          353    i.sed               6502.o
    0x08002044   0x08002044   0x00000010   Code   RO          354    i.sei               6502.o
    0x08002054   0x08002054   0x0000002c   Code   RO          355    i.slo               6502.o
    0x08002080   0x08002080   0x0000002c   Code   RO          356    i.sre               6502.o
    0x080020ac   0x080020ac   0x0000000c   Code   RO          357    i.sta               6502.o
    0x080020b8   0x080020b8   0x00000074   Code   RO          358    i.step6502          6502.o
    0x0800212c   0x0800212c   0x0000000c   Code   RO          359    i.stx               6502.o
    0x08002138   0x08002138   0x0000000c   Code   RO          360    i.sty               6502.o
    0x08002144   0x08002144   0x00000030   Code   RO          361    i.tax               6502.o
    0x08002174   0x08002174   0x00000030   Code   RO          362    i.tay               6502.o
    0x080021a4   0x080021a4   0x00000030   Code   RO          363    i.tsx               6502.o
    0x080021d4   0x080021d4   0x00000030   Code   RO          364    i.txa               6502.o
    0x08002204   0x08002204   0x0000000c   Code   RO          365    i.txs               6502.o
    0x08002210   0x08002210   0x00000030   Code   RO          366    i.tya               6502.o
    0x08002240   0x08002240   0x00000002   Code   RO           18    i.write6502         main.o
    0x08002242   0x08002242   0x00000002   PAD
    0x08002244   0x08002244   0x00000018   Code   RO          367    i.zp                6502.o
    0x0800225c   0x0800225c   0x0000001c   Code   RO          368    i.zpx               6502.o
    0x08002278   0x08002278   0x0000001c   Code   RO          369    i.zpy               6502.o
    0x08002294   0x08002294   0x00000400   Data   RO          370    .constdata          6502.o
    0x08002694   0x08002694   0x00000010   Data   RO         2313    .constdata          system_stm32f4xx.o
    0x080026a4   0x080026a4   0x00000008   Data   RO         2314    .constdata          system_stm32f4xx.o
    0x080026ac   0x080026ac   0x00000020   Data   RO         2652    Region$$Table       anon$$obj.o


    Execution Region RW_IRAM1 (Exec base: 0x20000000, Load base: 0x080026cc, Size: 0x00000c90, Max: 0x00018000, ABSOLUTE, COMPRESSED[0x000001bc])

    Exec Addr    Load Addr    Size         Type   Attr      Idx    E Section Name        Object

    0x20000000   COMPRESSED   0x00000838   Data   RW          371    .data               6502.o
    0x20000838   COMPRESSED   0x0000000c   Data   RW         2080    .data               stm32f4xx_hal.o
    0x20000844   COMPRESSED   0x00000004   Data   RW         2315    .data               system_stm32f4xx.o
    0x20000848   COMPRESSED   0x00000004   Data   RW         2628    .data               mc_w.l(stdout.o)
    0x2000084c        -       0x00000040   Zero   RW           19    .bss                main.o
    0x2000088c   COMPRESSED   0x00000004   PAD
    0x20000890        -       0x00000400   Zero   RW            1    STACK               startup_stm32f401xe.o


==============================================================================

Image component sizes


      Code (inc. data)   RO Data    RW Data    ZI Data      Debug   Object Name

      4118        400       1024       2104          0      39398   6502.o
       238         44          0          0         64     386300   main.o
        36          8        404          0       1024        848   startup_stm32f401xe.o
       144         24          0         12          0       8701   stm32f4xx_hal.o
       172         14          0          0          0      33306   stm32f4xx_hal_cortex.o
       404         34          0          0          0       1740   stm32f4xx_hal_gpio.o
       156         20          0          0          0       1585   stm32f4xx_hal_msp.o
      1332         82          0          0          0       5292   stm32f4xx_hal_rcc.o
       680         10          0          0          0       4172   stm32f4xx_hal_uart.o
        20          0          0          0          0       4190   stm32f4xx_it.o
        28          6         24          4          0       1163   system_stm32f4xx.o

    ----------------------------------------------------------------------
      7342        642       1484       2120       1092     486695   Object Totals
         0          0         32          0          0          0   (incl. Generated)
        14          0          0          0          4          0   (incl. Padding)

    ----------------------------------------------------------------------

      Code (inc. data)   RO Data    RW Data    ZI Data      Debug   Library Member Name

        86          0          0          0          0          0   __dczerorl2.o
         0          0          0          0          0          0   entry.o
         0          0          0          0          0          0   entry10a.o
         0          0          0          0          0          0   entry11a.o
         8          4          0          0          0          0   entry2.o
         4          0          0          0          0          0   entry5.o
         0          0          0          0          0          0   entry7b.o
         0          0          0          0          0          0   entry8b.o
         8          4          0          0          0          0   entry9a.o
        30          0          0          0          0          0   handlers.o
        36          8          0          0          0         68   init.o
        30          0          0          0          0         68   llshl.o
        32          0          0          0          0         68   llushr.o
        36          0          0          0          0        108   memseta.o
       736         56          0          0          0        184   printf5.o
         0          0          0          4          0          0   stdout.o
        98          0          0          0          0         92   uldiv.o

    ----------------------------------------------------------------------
      1106         72          0          4          0        588   Library Totals
         2          0          0          0          0          0   (incl. Padding)

    ----------------------------------------------------------------------

      Code (inc. data)   RO Data    RW Data    ZI Data      Debug   Library Name

      1104         72          0          4          0        588   mc_w.l

    ----------------------------------------------------------------------
      1106         72          0          4          0        588   Library Totals

    ----------------------------------------------------------------------

==============================================================================


      Code (inc. data)   RO Data    RW Data    ZI Data      Debug   

      8448        714       1484       2124       1092     476059   Grand Totals
      8448        714       1484        444       1092     476059   ELF Image Totals (compressed)
      8448        714       1484        444          0          0   ROM Totals

==============================================================================

    Total RO  Size (Code + RO Data)                 9932 (   9.70kB)
    Total RW  Size (RW Data + ZI Data)              3216 (   3.14kB)
    Total ROM Size (Code + RO Data + RW Data)      10376 (  10.13kB)

==============================================================================

