Component: ARM Compiler 5.06 update 6 (build 750) Tool: armlink [4d35ed]

==============================================================================

Section Cross References

    startup_stm32f401xe.o(RESET) refers to startup_stm32f401xe.o(STACK) for __initial_sp
    startup_stm32f401xe.o(RESET) refers to startup_stm32f401xe.o(.text) for Reset_Handler
    startup_stm32f401xe.o(RESET) refers to stm32f4xx_it.o(i.NMI_Handler) for NMI_Handler
    startup_stm32f401xe.o(RESET) refers to stm32f4xx_it.o(i.HardFault_Handler) for HardFault_Handler
    startup_stm32f401xe.o(RESET) refers to stm32f4xx_it.o(i.MemManage_Handler) for MemManage_Handler
    startup_stm32f401xe.o(RESET) refers to stm32f4xx_it.o(i.BusFault_Handler) for BusFault_Handler
    startup_stm32f401xe.o(RESET) refers to stm32f4xx_it.o(i.UsageFault_Handler) for UsageFault_Handler
    startup_stm32f401xe.o(RESET) refers to stm32f4xx_it.o(i.SVC_Handler) for SVC_Handler
    startup_stm32f401xe.o(RESET) refers to stm32f4xx_it.o(i.DebugMon_Handler) for DebugMon_Handler
    startup_stm32f401xe.o(RESET) refers to stm32f4xx_it.o(i.PendSV_Handler) for PendSV_Handler
    startup_stm32f401xe.o(RESET) refers to stm32f4xx_it.o(i.SysTick_Handler) for SysTick_Handler
    startup_stm32f401xe.o(RESET) refers to main.o(i.USART1_IRQHandler) for USART1_IRQHandler
    startup_stm32f401xe.o(.text) refers to system_stm32f4xx.o(i.SystemInit) for SystemInit
    startup_stm32f401xe.o(.text) refers to entry.o(.ARM.Collect$$$$00000000) for __main
    main.o(i.HAL_UART_RxCpltCallback) refers to stm32f4xx_hal_uart.o(i.HAL_UART_Receive_IT) for HAL_UART_Receive_IT
    main.o(i.HAL_UART_RxCpltCallback) refers to main.o(.data) for .data
    main.o(i.HAL_UART_RxCpltCallback) refers to main.o(.bss) for .bss
    main.o(i.MX_USART1_UART_Init) refers to stm32f4xx_hal_uart.o(i.HAL_UART_Init) for HAL_UART_Init
    main.o(i.MX_USART1_UART_Init) refers to stm32f4xx_hal_cortex.o(i.HAL_NVIC_SetPriority) for HAL_NVIC_SetPriority
    main.o(i.MX_USART1_UART_Init) refers to stm32f4xx_hal_cortex.o(i.HAL_NVIC_EnableIRQ) for HAL_NVIC_EnableIRQ
    main.o(i.MX_USART1_UART_Init) refers to main.o(.bss) for .bss
    main.o(i.SystemClock_Config) refers to memseta.o(.text) for __aeabi_memclr4
    main.o(i.SystemClock_Config) refers to stm32f4xx_hal_rcc.o(i.HAL_RCC_OscConfig) for HAL_RCC_OscConfig
    main.o(i.SystemClock_Config) refers to stm32f4xx_hal_rcc.o(i.HAL_RCC_ClockConfig) for HAL_RCC_ClockConfig
    main.o(i.SystemClock_Config) refers to system_stm32f4xx.o(i.SystemCoreClockUpdate) for SystemCoreClockUpdate
    main.o(i.SystemClock_Config) refers to stm32f4xx_hal_rcc.o(i.HAL_RCC_GetHCLKFreq) for HAL_RCC_GetHCLKFreq
    main.o(i.SystemClock_Config) refers to stm32f4xx_hal_cortex.o(i.HAL_SYSTICK_Config) for HAL_SYSTICK_Config
    main.o(i.SystemClock_Config) refers to stm32f4xx_hal_cortex.o(i.HAL_SYSTICK_CLKSourceConfig) for HAL_SYSTICK_CLKSourceConfig
    main.o(i.USART1_IRQHandler) refers to stm32f4xx_hal_uart.o(i.HAL_UART_IRQHandler) for HAL_UART_IRQHandler
    main.o(i.USART1_IRQHandler) refers to main.o(.bss) for .bss
    main.o(i.fgetc) refers to stm32f4xx_hal_uart.o(i.HAL_UART_Receive) for HAL_UART_Receive
    main.o(i.fgetc) refers to main.o(.bss) for .bss
    main.o(i.fputc) refers to stm32f4xx_hal_uart.o(i.HAL_UART_Transmit) for HAL_UART_Transmit
    main.o(i.fputc) refers to main.o(.bss) for .bss
    main.o(i.getkey) refers to main.o(.data) for .data
    main.o(i.main) refers to stm32f4xx_hal.o(i.HAL_Init) for HAL_Init
    main.o(i.main) refers to main.o(i.SystemClock_Config) for SystemClock_Config
    main.o(i.main) refers to main.o(i.MX_USART1_UART_Init) for MX_USART1_UART_Init
    main.o(i.main) refers to 6502.o(i.reset6502) for reset6502
    main.o(i.main) refers to stm32f4xx_hal_uart.o(i.HAL_UART_Receive_IT) for HAL_UART_Receive_IT
    main.o(i.main) refers to 6502.o(i.exec6502) for exec6502
    main.o(i.main) refers to main.o(.data) for .data
    main.o(i.main) refers to main.o(.bss) for .bss
    main.o(i.read6502) refers to main.o(i.getkey) for getkey
    main.o(i.read6502) refers to rom.o(.constdata) for BIOS
    main.o(i.read6502) refers to main.o(.constdata) for .constdata
    main.o(i.read6502) refers to main.o(.bss) for .bss
    main.o(i.serout) refers to printf2.o(i.__0printf$2) for __2printf
    main.o(i.write6502) refers to main.o(i.serout) for serout
    main.o(i.write6502) refers to main.o(.bss) for .bss
    stm32f4xx_it.o(i.SysTick_Handler) refers to stm32f4xx_hal.o(i.HAL_IncTick) for HAL_IncTick
    stm32f4xx_hal_msp.o(i.HAL_UART_MspDeInit) refers to stm32f4xx_hal_gpio.o(i.HAL_GPIO_DeInit) for HAL_GPIO_DeInit
    stm32f4xx_hal_msp.o(i.HAL_UART_MspInit) refers to memseta.o(.text) for __aeabi_memclr4
    stm32f4xx_hal_msp.o(i.HAL_UART_MspInit) refers to stm32f4xx_hal_gpio.o(i.HAL_GPIO_Init) for HAL_GPIO_Init
    6502.o(i.abso) refers to main.o(i.read6502) for read6502
    6502.o(i.abso) refers to 6502.o(.data) for .data
[...]
    Removing stm32f4xx_hal_uart.o(i.UART_DMARxHalfCplt), (10 bytes).
    Removing stm32f4xx_hal_uart.o(i.UART_DMARxOnlyAbortCallback), (20 bytes).
    Removing stm32f4xx_hal_uart.o(i.UART_DMATransmitCplt), (46 bytes).
    Removing stm32f4xx_hal_uart.o(i.UART_DMATxAbortCallback), (42 bytes).
    Removing stm32f4xx_hal_uart.o(i.UART_DMATxHalfCplt), (10 bytes).
    Removing stm32f4xx_hal_uart.o(i.UART_DMATxOnlyAbortCallback), (20 bytes).
    Removing stm32f4xx_hal_uart.o(i.UART_EndTxTransfer), (18 bytes).
    Removing stm32f4xx_hal_rcc.o(.rev16_text), (4 bytes).
    Removing stm32f4xx_hal_rcc.o(.revsh_text), (4 bytes).
    Removing stm32f4xx_hal_rcc.o(.rrx_text), (6 bytes).
    Removing stm32f4xx_hal_rcc.o(i.HAL_RCC_CSSCallback), (2 bytes).
    Removing stm32f4xx_hal_rcc.o(i.HAL_RCC_DeInit), (4 bytes).
    Removing stm32f4xx_hal_rcc.o(i.HAL_RCC_DisableCSS), (12 bytes).
    Removing stm32f4xx_hal_rcc.o(i.HAL_RCC_EnableCSS), (12 bytes).
    Removing stm32f4xx_hal_rcc.o(i.HAL_RCC_GetClockConfig), (64 bytes).
    Removing stm32f4xx_hal_rcc.o(i.HAL_RCC_GetOscConfig), (180 bytes).
    Removing stm32f4xx_hal_rcc.o(i.HAL_RCC_MCOConfig), (140 bytes).
    Removing stm32f4xx_hal_rcc.o(i.HAL_RCC_NMI_IRQHandler), (28 bytes).
    Removing stm32f4xx_hal_rcc_ex.o(.rev16_text), (4 bytes).
    Removing stm32f4xx_hal_rcc_ex.o(.revsh_text), (4 bytes).
    Removing stm32f4xx_hal_rcc_ex.o(.rrx_text), (6 bytes).
    Removing stm32f4xx_hal_rcc_ex.o(i.HAL_RCCEx_DisablePLLI2S), (52 bytes).
    Removing stm32f4xx_hal_rcc_ex.o(i.HAL_RCCEx_EnablePLLI2S), (104 bytes).
    Removing stm32f4xx_hal_rcc_ex.o(i.HAL_RCCEx_GetPeriphCLKConfig), (72 bytes).
    Removing stm32f4xx_hal_rcc_ex.o(i.HAL_RCCEx_GetPeriphCLKFreq), (92 bytes).
    Removing stm32f4xx_hal_rcc_ex.o(i.HAL_RCCEx_PeriphCLKConfig), (336 bytes).
    Removing stm32f4xx_hal_rcc_ex.o(i.HAL_RCC_DeInit), (308 bytes).
    Removing stm32f4xx_hal_flash.o(.rev16_text), (4 bytes).
    Removing stm32f4xx_hal_flash.o(.revsh_text), (4 bytes).
    Removing stm32f4xx_hal_flash.o(.rrx_text), (6 bytes).
    Removing stm32f4xx_hal_flash.o(i.FLASH_Program_Byte), (32 bytes).
    Removing stm32f4xx_hal_flash.o(i.FLASH_Program_DoubleWord), (44 bytes).
    Removing stm32f4xx_hal_flash.o(i.FLASH_Program_HalfWord), (36 bytes).
    Removing stm32f4xx_hal_flash.o(i.FLASH_Program_Word), (36 bytes).
    Removing stm32f4xx_hal_flash.o(i.FLASH_SetErrorCode), (124 bytes).
    Removing stm32f4xx_hal_flash.o(i.FLASH_WaitForLastOperation), (80 bytes).
    Removing stm32f4xx_hal_flash.o(i.HAL_FLASH_EndOfOperationCallback), (2 bytes).
    Removing stm32f4xx_hal_flash.o(i.HAL_FLASH_GetError), (12 bytes).
    Removing stm32f4xx_hal_flash.o(i.HAL_FLASH_IRQHandler), (204 bytes).
    Removing stm32f4xx_hal_flash.o(i.HAL_FLASH_Lock), (20 bytes).
    Removing stm32f4xx_hal_flash.o(i.HAL_FLASH_OB_Launch), (24 bytes).
    Removing stm32f4xx_hal_flash.o(i.HAL_FLASH_OB_Lock), (20 bytes).
    Removing stm32f4xx_hal_flash.o(i.HAL_FLASH_OB_Unlock), (40 bytes).
    Removing stm32f4xx_hal_flash.o(i.HAL_FLASH_OperationErrorCallback), (2 bytes).
    Removing stm32f4xx_hal_flash.o(i.HAL_FLASH_Program), (124 bytes).
    Removing stm32f4xx_hal_flash.o(i.HAL_FLASH_Program_IT), (108 bytes).
    Removing stm32f4xx_hal_flash.o(i.HAL_FLASH_Unlock), (44 bytes).
    Removing stm32f4xx_hal_flash.o(.bss), (32 bytes).
    Removing stm32f4xx_hal_flash_ex.o(.rev16_text), (4 bytes).
    Removing stm32f4xx_hal_flash_ex.o(.revsh_text), (4 bytes).
    Removing stm32f4xx_hal_flash_ex.o(.rrx_text), (6 bytes).
    Removing stm32f4xx_hal_flash_ex.o(i.FLASH_Erase_Sector), (80 bytes).
    Removing stm32f4xx_hal_flash_ex.o(i.FLASH_FlushCaches), (84 bytes).
    Removing stm32f4xx_hal_flash_ex.o(i.FLASH_MassErase), (40 bytes).
    Removing stm32f4xx_hal_flash_ex.o(i.HAL_FLASHEx_AdvOBGetConfig), (12 bytes).
    Removing stm32f4xx_hal_flash_ex.o(i.HAL_FLASHEx_AdvOBProgram), (60 bytes).
    Removing stm32f4xx_hal_flash_ex.o(i.HAL_FLASHEx_Erase), (152 bytes).
    Removing stm32f4xx_hal_flash_ex.o(i.HAL_FLASHEx_Erase_IT), (104 bytes).
    Removing stm32f4xx_hal_flash_ex.o(i.HAL_FLASHEx_OBGetConfig), (64 bytes).
    Removing stm32f4xx_hal_flash_ex.o(i.HAL_FLASHEx_OBProgram), (204 bytes).
    Removing stm32f4xx_hal_flash_ex.o(i.HAL_FLASHEx_OB_DeSelectPCROP), (20 bytes).
    Removing stm32f4xx_hal_flash_ex.o(i.HAL_FLASHEx_OB_SelectPCROP), (24 bytes).
    Removing stm32f4xx_hal_flash_ramfunc.o(.rev16_text), (4 bytes).
    Removing stm32f4xx_hal_flash_ramfunc.o(.revsh_text), (4 bytes).
    Removing stm32f4xx_hal_flash_ramfunc.o(.rrx_text), (6 bytes).
    Removing stm32f4xx_hal_gpio.o(.rev16_text), (4 bytes).
    Removing stm32f4xx_hal_gpio.o(.revsh_text), (4 bytes).
    Removing stm32f4xx_hal_gpio.o(.rrx_text), (6 bytes).
    Removing stm32f4xx_hal_gpio.o(i.HAL_GPIO_DeInit), (300 bytes).
    Removing stm32f4xx_hal_gpio.o(i.HAL_GPIO_EXTI_Callback), (2 bytes).
    Removing stm32f4xx_hal_gpio.o(i.HAL_GPIO_EXTI_IRQHandler), (24 bytes).
    Removing stm32f4xx_hal_gpio.o(i.HAL_GPIO_LockPin), (34 bytes).
    Removing stm32f4xx_hal_gpio.o(i.HAL_GPIO_ReadPin), (10 bytes).
    Removing stm32f4xx_hal_gpio.o(i.HAL_GPIO_TogglePin), (14 bytes).
    Removing stm32f4xx_hal_gpio.o(i.HAL_GPIO_WritePin), (10 bytes).
    Removing stm32f4xx_hal_dma_ex.o(.rev16_text), (4 bytes).
    Removing stm32f4xx_hal_dma_ex.o(.revsh_text), (4 bytes).
    Removing stm32f4xx_hal_dma_ex.o(.rrx_text), (6 bytes).
    Removing stm32f4xx_hal_dma_ex.o(i.DMA_MultiBufferSetConfig), (30 bytes).
    Removing stm32f4xx_hal_dma_ex.o(i.HAL_DMAEx_ChangeMemory), (14 bytes).
    Removing stm32f4xx_hal_dma_ex.o(i.HAL_DMAEx_MultiBufferStart), (100 bytes).
    Removing stm32f4xx_hal_dma_ex.o(i.HAL_DMAEx_MultiBufferStart_IT), (2432 bytes).
    Removing stm32f4xx_hal_dma.o(.rev16_text), (4 bytes).
    Removing stm32f4xx_hal_dma.o(.revsh_text), (4 bytes).
    Removing stm32f4xx_hal_dma.o(.rrx_text), (6 bytes).
    Removing stm32f4xx_hal_dma.o(i.DMA_CalcBaseAndBitshift), (40 bytes).
    Removing stm32f4xx_hal_dma.o(i.DMA_CheckFifoParam), (84 bytes).
    Removing stm32f4xx_hal_dma.o(i.DMA_SetConfig), (40 bytes).
    Removing stm32f4xx_hal_dma.o(i.HAL_DMA_Abort), (142 bytes).
    Removing stm32f4xx_hal_dma.o(i.HAL_DMA_DeInit), (98 bytes).
    Removing stm32f4xx_hal_dma.o(i.HAL_DMA_GetError), (4 bytes).
    Removing stm32f4xx_hal_dma.o(i.HAL_DMA_GetState), (6 bytes).
    Removing stm32f4xx_hal_dma.o(i.HAL_DMA_IRQHandler), (416 bytes).
    Removing stm32f4xx_hal_dma.o(i.HAL_DMA_Init), (212 bytes).
    Removing stm32f4xx_hal_dma.o(i.HAL_DMA_PollForTransfer), (292 bytes).
    Removing stm32f4xx_hal_dma.o(i.HAL_DMA_RegisterCallback), (80 bytes).
    Removing stm32f4xx_hal_dma.o(i.HAL_DMA_Start), (70 bytes).
    Removing stm32f4xx_hal_dma.o(i.HAL_DMA_Start_IT), (110 bytes).
    Removing stm32f4xx_hal_dma.o(i.HAL_DMA_UnRegisterCallback), (96 bytes).
    Removing stm32f4xx_hal_dma.o(.constdata), (8 bytes).
    Removing stm32f4xx_hal_pwr.o(.rev16_text), (4 bytes).
    Removing stm32f4xx_hal_pwr.o(.revsh_text), (4 bytes).
    Removing stm32f4xx_hal_pwr.o(.rrx_text), (6 bytes).
    Removing stm32f4xx_hal_pwr.o(i.HAL_PWR_ConfigPVD), (124 bytes).
    Removing stm32f4xx_hal_pwr.o(i.HAL_PWR_DeInit), (24 bytes).
    Removing stm32f4xx_hal_pwr.o(i.HAL_PWR_DisableBkUpAccess), (12 bytes).
    Removing stm32f4xx_hal_pwr.o(i.HAL_PWR_DisablePVD), (12 bytes).
    Removing stm32f4xx_hal_pwr.o(i.HAL_PWR_DisableSEVOnPend), (16 bytes).
    Removing stm32f4xx_hal_pwr.o(i.HAL_PWR_DisableSleepOnExit), (16 bytes).
    Removing stm32f4xx_hal_pwr.o(i.HAL_PWR_DisableWakeUpPin), (16 bytes).
    Removing stm32f4xx_hal_pwr.o(i.HAL_PWR_EnableBkUpAccess), (12 bytes).
    Removing stm32f4xx_hal_pwr.o(i.HAL_PWR_EnablePVD), (12 bytes).
    Removing stm32f4xx_hal_pwr.o(i.HAL_PWR_EnableSEVOnPend), (16 bytes).
    Removing stm32f4xx_hal_pwr.o(i.HAL_PWR_EnableSleepOnExit), (16 bytes).
    Removing stm32f4xx_hal_pwr.o(i.HAL_PWR_EnableWakeUpPin), (16 bytes).
    Removing stm32f4xx_hal_pwr.o(i.HAL_PWR_EnterSLEEPMode), (32 bytes).
    Removing stm32f4xx_hal_pwr.o(i.HAL_PWR_EnterSTANDBYMode), (32 bytes).
    Removing stm32f4xx_hal_pwr.o(i.HAL_PWR_EnterSTOPMode), (56 bytes).
    Removing stm32f4xx_hal_pwr.o(i.HAL_PWR_PVDCallback), (2 bytes).
    Removing stm32f4xx_hal_pwr.o(i.HAL_PWR_PVD_IRQHandler), (28 bytes).
    Removing stm32f4xx_hal_pwr_ex.o(.rev16_text), (4 bytes).
    Removing stm32f4xx_hal_pwr_ex.o(.revsh_text), (4 bytes).
    Removing stm32f4xx_hal_pwr_ex.o(.rrx_text), (6 bytes).
    Removing stm32f4xx_hal_pwr_ex.o(i.HAL_PWREx_ControlVoltageScaling), (176 bytes).
    Removing stm32f4xx_hal_pwr_ex.o(i.HAL_PWREx_DisableBkUpReg), (60 bytes).
    Removing stm32f4xx_hal_pwr_ex.o(i.HAL_PWREx_DisableFlashPowerDown), (12 bytes).
    Removing stm32f4xx_hal_pwr_ex.o(i.HAL_PWREx_DisableLowRegulatorLowVoltage), (12 bytes).
    Removing stm32f4xx_hal_pwr_ex.o(i.HAL_PWREx_DisableMainRegulatorLowVoltage), (12 bytes).
    Removing stm32f4xx_hal_pwr_ex.o(i.HAL_PWREx_EnableBkUpReg), (60 bytes).
    Removing stm32f4xx_hal_pwr_ex.o(i.HAL_PWREx_EnableFlashPowerDown), (12 bytes).
    Removing stm32f4xx_hal_pwr_ex.o(i.HAL_PWREx_EnableLowRegulatorLowVoltage), (12 bytes).
    Removing stm32f4xx_hal_pwr_ex.o(i.HAL_PWREx_EnableMainRegulatorLowVoltage), (12 bytes).
    Removing stm32f4xx_hal_pwr_ex.o(i.HAL_PWREx_GetVoltageRange), (16 bytes).
    Removing stm32f4xx_hal_cortex.o(.rev16_text), (4 bytes).
    Removing stm32f4xx_hal_cortex.o(.revsh_text), (4 bytes).
    Removing stm32f4xx_hal_cortex.o(.rrx_text), (6 bytes).
    Removing stm32f4xx_hal_cortex.o(i.HAL_MPU_ConfigRegion), (84 bytes).
    Removing stm32f4xx_hal_cortex.o(i.HAL_MPU_Disable), (28 bytes).
    Removing stm32f4xx_hal_cortex.o(i.HAL_MPU_Enable), (36 bytes).
    Removing stm32f4xx_hal_cortex.o(i.HAL_NVIC_ClearPendingIRQ), (26 bytes).
    Removing stm32f4xx_hal_cortex.o(i.HAL_NVIC_DisableIRQ), (34 bytes).
    Removing stm32f4xx_hal_cortex.o(i.HAL_NVIC_GetActive), (36 bytes).
    Removing stm32f4xx_hal_cortex.o(i.HAL_NVIC_GetPendingIRQ), (36 bytes).
    Removing stm32f4xx_hal_cortex.o(i.HAL_NVIC_GetPriority), (82 bytes).
    Removing stm32f4xx_hal_cortex.o(i.HAL_NVIC_GetPriorityGrouping), (16 bytes).
    Removing stm32f4xx_hal_cortex.o(i.HAL_NVIC_SetPendingIRQ), (26 bytes).
    Removing stm32f4xx_hal_cortex.o(i.HAL_NVIC_SystemReset), (36 bytes).
    Removing stm32f4xx_hal_cortex.o(i.HAL_SYSTICK_Callback), (2 bytes).
    Removing stm32f4xx_hal_cortex.o(i.HAL_SYSTICK_IRQHandler), (8 bytes).
    Removing stm32f4xx_hal.o(.rev16_text), (4 bytes).
    Removing stm32f4xx_hal.o(.revsh_text), (4 bytes).
    Removing stm32f4xx_hal.o(.rrx_text), (6 bytes).
    Removing stm32f4xx_hal.o(i.HAL_DBGMCU_DisableDBGSleepMode), (16 bytes).
    Removing stm32f4xx_hal.o(i.HAL_DBGMCU_DisableDBGStandbyMode), (16 bytes).
    Removing stm32f4xx_hal.o(i.HAL_DBGMCU_DisableDBGStopMode), (16 bytes).
    Removing stm32f4xx_hal.o(i.HAL_DBGMCU_EnableDBGSleepMode), (16 bytes).
    Removing stm32f4xx_hal.o(i.HAL_DBGMCU_EnableDBGStandbyMode), (16 bytes).
    Removing stm32f4xx_hal.o(i.HAL_DBGMCU_EnableDBGStopMode), (16 bytes).
    Removing stm32f4xx_hal.o(i.HAL_DeInit), (52 bytes).
    Removing stm32f4xx_hal.o(i.HAL_Delay), (36 bytes).
    Removing stm32f4xx_hal.o(i.HAL_DisableCompensationCell), (12 bytes).
    Removing stm32f4xx_hal.o(i.HAL_EnableCompensationCell), (12 bytes).
    Removing stm32f4xx_hal.o(i.HAL_GetDEVID), (16 bytes).
    Removing stm32f4xx_hal.o(i.HAL_GetHalVersion), (8 bytes).
    Removing stm32f4xx_hal.o(i.HAL_GetREVID), (12 bytes).
    Removing stm32f4xx_hal.o(i.HAL_GetTickFreq), (12 bytes).
    Removing stm32f4xx_hal.o(i.HAL_GetTickPrio), (12 bytes).
    Removing stm32f4xx_hal.o(i.HAL_GetUIDw0), (12 bytes).
    Removing stm32f4xx_hal.o(i.HAL_GetUIDw1), (12 bytes).
    Removing stm32f4xx_hal.o(i.HAL_GetUIDw2), (12 bytes).
    Removing stm32f4xx_hal.o(i.HAL_MspDeInit), (2 bytes).
    Removing stm32f4xx_hal.o(i.HAL_MspInit), (2 bytes).
    Removing stm32f4xx_hal.o(i.HAL_ResumeTick), (14 bytes).
    Removing stm32f4xx_hal.o(i.HAL_SetTickFreq), (36 bytes).
    Removing stm32f4xx_hal.o(i.HAL_SuspendTick), (14 bytes).
    Removing stm32f4xx_hal_exti.o(.rev16_text), (4 bytes).
    Removing stm32f4xx_hal_exti.o(.revsh_text), (4 bytes).
    Removing stm32f4xx_hal_exti.o(.rrx_text), (6 bytes).
    Removing stm32f4xx_hal_exti.o(i.HAL_EXTI_ClearConfigLine), (108 bytes).
    Removing stm32f4xx_hal_exti.o(i.HAL_EXTI_ClearPending), (20 bytes).
    Removing stm32f4xx_hal_exti.o(i.HAL_EXTI_GenerateSWI), (20 bytes).
    Removing stm32f4xx_hal_exti.o(i.HAL_EXTI_GetConfigLine), (156 bytes).
    Removing stm32f4xx_hal_exti.o(i.HAL_EXTI_GetHandle), (12 bytes).
    Removing stm32f4xx_hal_exti.o(i.HAL_EXTI_GetPending), (24 bytes).
    Removing stm32f4xx_hal_exti.o(i.HAL_EXTI_IRQHandler), (36 bytes).
    Removing stm32f4xx_hal_exti.o(i.HAL_EXTI_RegisterCallback), (14 bytes).
    Removing stm32f4xx_hal_exti.o(i.HAL_EXTI_SetConfigLine), (168 bytes).
    Removing system_stm32f4xx.o(.rev16_text), (4 bytes).
    Removing system_stm32f4xx.o(.revsh_text), (4 bytes).
    Removing system_stm32f4xx.o(.rrx_text), (6 bytes).
    Removing dadd.o(.text), (334 bytes).
    Removing dmul.o(.text), (228 bytes).
    Removing ddiv.o(.text), (222 bytes).
    Removing dfixul.o(.text), (48 bytes).
    Removing cdrcmple.o(.text), (48 bytes).
    Removing depilogue.o(.text), (186 bytes).

264 unused section(s) (total 14830 bytes) removed from the image.

==============================================================================

Image Symbol Table

    Local Symbols

    Symbol Name                              Value     Ov Type        Size  Object(Section)

    ../Drivers/STM32F4xx_HAL_Driver/Src/stm32f4xx_hal.c 0x00000000   Number         0  stm32f4xx_hal.o ABSOLUTE
    ../Drivers/STM32F4xx_HAL_Driver/Src/stm32f4xx_hal_cortex.c 0x00000000   Number         0  stm32f4xx_hal_cortex.o ABSOLUTE
    ../Drivers/STM32F4xx_HAL_Driver/Src/stm32f4xx_hal_dma.c 0x00000000   Number         0  stm32f4xx_hal_dma.o ABSOLUTE
    ../Drivers/STM32F4xx_HAL_Driver/Src/stm32f4xx_hal_dma_ex.c 0x00000000   Number         0  stm32f4xx_hal_dma_ex.o ABSOLUTE
    ../Drivers/STM32F4xx_HAL_Driver/Src/stm32f4xx_hal_exti.c 0x00000000   Number         0  stm32f4xx_hal_exti.o ABSOLUTE
    ../Drivers/STM32F4xx_HAL_Driver/Src/stm32f4xx_hal_flash.c 0x00000000   Number         0  stm32f4xx_hal_flash.o ABSOLUTE
    ../Drivers/STM32F4xx_HAL_Driver/Src/stm32f4xx_hal_flash_ex.c 0x00000000   Number         0  stm32f4xx_hal_flash_ex.o ABSOLUTE
    ../Drivers/STM32F4xx_HAL_Driver/Src/stm32f4xx_hal_flash_ramfunc.c 0x00000000   Number         0  stm32f4xx_hal_flash_ramfunc.o ABSOLUTE
    ../Drivers/STM32F4xx_HAL_Driver/Src/stm32f4xx_hal_gpio.c 0x00000000   Number         0  stm32f4xx_hal_gpio.o ABSOLUTE
    ../Drivers/STM32F4xx_HAL_Driver/Src/stm32f4xx_hal_pwr.c 0x00000000   Number         0  stm32f4xx_hal_pwr.o ABSOLUTE
    ../Drivers/STM32F4xx_HAL_Driver/Src/stm32f4xx_hal_pwr_ex.c 0x00000000   Number         0  stm32f4xx_hal_pwr_ex.o ABSOLUTE
    ../Drivers/STM32F4xx_HAL_Driver/Src/stm32f4xx_hal_rcc.c 0x00000000   Number         0  stm32f4xx_hal_rcc.o ABSOLUTE
    ../Drivers/STM32F4xx_HAL_Driver/Src/stm32f4xx_hal_rcc_ex.c 0x00000000   Number         0  stm32f4xx_hal_rcc_ex.o ABSOLUTE
    ../Drivers/STM32F4xx_HAL_Driver/Src/stm32f4xx_hal_tim.c 0x00000000   Number         0  stm32f4xx_hal_tim.o ABSOLUTE
    ../Drivers/STM32F4xx_HAL_Driver/Src/stm32f4xx_hal_tim_ex.c 0x00000000   Number         0  stm32f4xx_hal_tim_ex.o ABSOLUTE
    ../Drivers/STM32F4xx_HAL_Driver/Src/stm32f4xx_hal_uart.c 0x00000000   Number         0  stm32f4xx_hal_uart.o ABSOLUTE
    ../Src/main.c                            0x00000000   Number         0  main.o ABSOLUTE
    ../Src/stm32f4xx_hal_msp.c               0x00000000   Number         0  stm32f4xx_hal_msp.o ABSOLUTE
    ../Src/stm32f4xx_it.c                    0x00000000   Number         0  stm32f4xx_it.o ABSOLUTE
    ../Src/system_stm32f4xx.c                0x00000000   Number         0  system_stm32f4xx.o ABSOLUTE
    ../clib/../cmprslib/zerorunl2.c          0x00000000   Number         0  __dczerorl2.o ABSOLUTE
    ../clib/microlib/division.c              0x00000000   Number         0  uidiv.o ABSOLUTE
    ../clib/microlib/division.c              0x00000000   Number         0  uldiv.o ABSOLUTE
    ../clib/microlib/init/entry.s            0x00000000   Number         0  entry7a.o ABSOLUTE
    ../clib/microlib/init/entry.s            0x00000000   Number         0  entry5.o ABSOLUTE
    ../clib/microlib/init/entry.s            0x00000000   Number         0  entry2.o ABSOLUTE
    ../clib/microlib/init/entry.s            0x00000000   Number         0  entry8b.o ABSOLUTE
    ../clib/microlib/init/entry.s            0x00000000   Number         0  entry11a.o ABSOLUTE
    ../clib/microlib/init/entry.s            0x00000000   Number         0  entry8a.o ABSOLUTE
    ../clib/microlib/init/entry.s            0x00000000   Number         0  entry11b.o ABSOLUTE
    ../clib/microlib/init/entry.s            0x00000000   Number         0  entry9a.o ABSOLUTE
    ../clib/microlib/init/entry.s            0x00000000   Number         0  entry10b.o ABSOLUTE
    ../clib/microlib/init/entry.s            0x00000000   Number         0  entry.o ABSOLUTE
    ../clib/microlib/init/entry.s            0x00000000   Number         0  entry10a.o ABSOLUTE
    ../clib/microlib/init/entry.s            0x00000000   Number         0  entry9b.o ABSOLUTE
    ../clib/microlib/init/entry.s            0x00000000   Number         0  entry7b.o ABSOLUTE
    ../clib/microlib/longlong.c              0x00000000   Number         0  llshl.o ABSOLUTE
    ../clib/microlib/longlong.c              0x00000000   Number         0  llsshr.o ABSOLUTE
    ../clib/microlib/longlong.c              0x00000000   Number         0  llushr.o ABSOLUTE
    ../clib/microlib/printf/printf.c         0x00000000   Number         0  printf1.o ABSOLUTE
    ../clib/microlib/printf/printf.c         0x00000000   Number         0  printf0.o ABSOLUTE
    ../clib/microlib/printf/printf.c         0x00000000   Number         0  printf4.o ABSOLUTE
    ../clib/microlib/printf/printf.c         0x00000000   Number         0  printfb.o ABSOLUTE
    ../clib/microlib/printf/printf.c         0x00000000   Number         0  printf5.o ABSOLUTE
    ../clib/microlib/printf/printf.c         0x00000000   Number         0  printf6.o ABSOLUTE
    ../clib/microlib/printf/printf.c         0x00000000   Number         0  printf7.o ABSOLUTE
    ../clib/microlib/printf/printf.c         0x00000000   Number         0  printf8.o ABSOLUTE
    ../clib/microlib/printf/printf.c         0x00000000   Number         0  printfa.o ABSOLUTE
    ../clib/microlib/printf/printf.c         0x00000000   Number         0  printf3.o ABSOLUTE
    ../clib/microlib/printf/printf.c         0x00000000   Number         0  printf2.o ABSOLUTE
    ../clib/microlib/printf/stubs.s          0x00000000   Number         0  stubs.o ABSOLUTE
    ../clib/microlib/stdio/streams.c         0x00000000   Number         0  stdout.o ABSOLUTE
    ../clib/microlib/string/memset.c         0x00000000   Number         0  memseta.o ABSOLUTE
    ../clib/microlib/stubs.s                 0x00000000   Number         0  iusefp.o ABSOLUTE
    ../fplib/microlib/fpadd.c                0x00000000   Number         0  dadd.o ABSOLUTE
    ../fplib/microlib/fpdiv.c                0x00000000   Number         0  ddiv.o ABSOLUTE
    ../fplib/microlib/fpepilogue.c           0x00000000   Number         0  depilogue.o ABSOLUTE
    ../fplib/microlib/fpfix.c                0x00000000   Number         0  dfixul.o ABSOLUTE
    ../fplib/microlib/fpmul.c                0x00000000   Number         0  dmul.o ABSOLUTE
    ..\Drivers\STM32F4xx_HAL_Driver\Src\stm32f4xx_hal.c 0x00000000   Number         0  stm32f4xx_hal.o ABSOLUTE
    ..\Drivers\STM32F4xx_HAL_Driver\Src\stm32f4xx_hal_cortex.c 0x00000000   Number         0  stm32f4xx_hal_cortex.o ABSOLUTE
    ..\Drivers\STM32F4xx_HAL_Driver\Src\stm32f4xx_hal_dma.c 0x00000000   Number         0  stm32f4xx_hal_dma.o ABSOLUTE
    ..\Drivers\STM32F4xx_HAL_Driver\Src\stm32f4xx_hal_dma_ex.c 0x00000000   Number         0  stm32f4xx_hal_dma_ex.o ABSOLUTE
    ..\Drivers\STM32F4xx_HAL_Driver\Src\stm32f4xx_hal_exti.c 0x00000000   Number         0  stm32f4xx_hal_exti.o ABSOLUTE
    ..\Drivers\STM32F4xx_HAL_Driver\Src\stm32f4xx_hal_flash.c 0x00000000   Number         0  stm32f4xx_hal_flash.o ABSOLUTE
    ..\Drivers\STM32F4xx_HAL_Driver\Src\stm32f4xx_hal_flash_ex.c 0x00000000   Number         0  stm32f4xx_hal_flash_ex.o ABSOLUTE
    ..\Drivers\STM32F4xx_HAL_Driver\Src\stm32f4xx_hal_flash_ramfunc.c 0x00000000   Number         0  stm32f4xx_hal_flash_ramfunc.o ABSOLUTE
    ..\Drivers\STM32F4xx_HAL_Driver\Src\stm32f4xx_hal_gpio.c 0x00000000   Number         0  stm32f4xx_hal_gpio.o ABSOLUTE
    ..\Drivers\STM32F4xx_HAL_Driver\Src\stm32f4xx_hal_pwr.c 0x00000000   Number         0  stm32f4xx_hal_pwr.o ABSOLUTE
    ..\Drivers\STM32F4xx_HAL_Driver\Src\stm32f4xx_hal_pwr_ex.c 0x00000000   Number         0  stm32f4xx_hal_pwr_ex.o ABSOLUTE
    ..\Drivers\STM32F4xx_HAL_Driver\Src\stm32f4xx_hal_rcc.c 0x00000000   Number         0  stm32f4xx_hal_rcc.o ABSOLUTE
    ..\Drivers\STM32F4xx_HAL_Driver\Src\stm32f4xx_hal_rcc_ex.c 0x00000000   Number         0  stm32f4xx_hal_rcc_ex.o ABSOLUTE
    ..\Drivers\STM32F4xx_HAL_Driver\Src\stm32f4xx_hal_tim.c 0x00000000   Number         0  stm32f4xx_hal_tim.o ABSOLUTE
    ..\Drivers\STM32F4xx_HAL_Driver\Src\stm32f4xx_hal_tim_ex.c 0x00000000   Number         0  stm32f4xx_hal_tim_ex.o ABSOLUTE
    ..\Drivers\STM32F4xx_HAL_Driver\Src\stm32f4xx_hal_uart.c 0x00000000   Number         0  stm32f4xx_hal_uart.o ABSOLUTE
    ..\Src\6502.c                            0x00000000   Number         0  6502.o ABSOLUTE
    ..\Src\main.c                            0x00000000   Number         0  main.o ABSOLUTE
    ..\Src\rom.c                             0x00000000   Number         0  rom.o ABSOLUTE
    ..\Src\stm32f4xx_hal_msp.c               0x00000000   Number         0  stm32f4xx_hal_msp.o ABSOLUTE
    ..\Src\stm32f4xx_it.c                    0x00000000   Number         0  stm32f4xx_it.o ABSOLUTE
    ..\Src\system_stm32f4xx.c                0x00000000   Number         0  system_stm32f4xx.o ABSOLUTE
    ..\\Src\\6502.c                          0x00000000   Number         0  6502.o ABSOLUTE
    cdrcmple.s                               0x00000000   Number         0  cdrcmple.o ABSOLUTE
    dc.s                                     0x00000000   Number         0  dc.o ABSOLUTE
    handlers.s                               0x00000000   Number         0  handlers.o ABSOLUTE
    init.s                                   0x00000000   Number         0  init.o ABSOLUTE
    startup_stm32f401xe.s                    0x00000000   Number         0  startup_stm32f401xe.o ABSOLUTE
    RESET                                    0x08000000   Section      404  startup_stm32f401xe.o(RESET)
    .ARM.Collect$$$$00000000                 0x08000194   Section        0  entry.o(.ARM.Collect$$$$00000000)
    .ARM.Collect$$$$00000001                 0x08000194   Section        4  entry2.o(.ARM.Collect$$$$00000001)
    .ARM.Collect$$$$00000004                 0x08000198   Section        4  entry5.o(.ARM.Collect$$$$00000004)
    .ARM.Collect$$$$00000008                 0x0800019c   Section        0  entry7b.o(.ARM.Collect$$$$00000008)
    .ARM.Collect$$$$0000000A                 0x0800019c   Section        0  entry8b.o(.ARM.Collect$$$$0000000A)
    .ARM.Collect$$$$0000000B                 0x0800019c   Section        8  entry9a.o(.ARM.Collect$$$$0000000B)
    .ARM.Collect$$$$0000000D                 0x080001a4   Section        0  entry10a.o(.ARM.Collect$$$$0000000D)
    .ARM.Collect$$$$0000000F                 0x080001a4   Section        0  entry11a.o(.ARM.Collect$$$$0000000F)
    .ARM.Collect$$$$00002712                 0x080001a4   Section        4  entry2.o(.ARM.Collect$$$$00002712)
    __lit__00000000                          0x080001a4   Data           4  entry2.o(.ARM.Collect$$$$00002712)
    .text                                    0x080001a8   Section       36  startup_stm32f401xe.o(.text)
    $v0                                      0x080001a8   Number         0  startup_stm32f401xe.o(.text)
    .text                                    0x080001cc   Section        0  uldiv.o(.text)
    .text                                    0x0800022e   Section        0  memseta.o(.text)
    .text                                    0x08000252   Section        0  llshl.o(.text)
    .text                                    0x08000270   Section        0  llushr.o(.text)
    .text                                    0x08000290   Section       36  init.o(.text)
    .text                                    0x080002b4   Section        0  __dczerorl2.o(.text)
    i.BusFault_Handler                       0x0800030a   Section        0  stm32f4xx_it.o(i.BusFault_Handler)
    i.DebugMon_Handler                       0x0800030c   Section        0  stm32f4xx_it.o(i.DebugMon_Handler)
    i.HAL_DMA_Abort_IT                       0x0800030e   Section        0  stm32f4xx_hal_dma.o(i.HAL_DMA_Abort_IT)
    i.HAL_GPIO_Init                          0x08000334   Section        0  stm32f4xx_hal_gpio.o(i.HAL_GPIO_Init)
    i.HAL_GetTick                            0x080004c8   Section        0  stm32f4xx_hal.o(i.HAL_GetTick)
    i.HAL_IncTick                            0x080004d4   Section        0  stm32f4xx_hal.o(i.HAL_IncTick)
    i.HAL_Init                               0x080004e4   Section        0  stm32f4xx_hal.o(i.HAL_Init)
    i.HAL_InitTick                           0x08000518   Section        0  stm32f4xx_hal.o(i.HAL_InitTick)
    i.HAL_MspInit                            0x08000558   Section        0  stm32f4xx_hal_msp.o(i.HAL_MspInit)
    i.HAL_NVIC_EnableIRQ                     0x08000588   Section        0  stm32f4xx_hal_cortex.o(i.HAL_NVIC_EnableIRQ)
    i.HAL_NVIC_SetPriority                   0x080005a4   Section        0  stm32f4xx_hal_cortex.o(i.HAL_NVIC_SetPriority)
    i.HAL_NVIC_SetPriorityGrouping           0x080005e4   Section        0  stm32f4xx_hal_cortex.o(i.HAL_NVIC_SetPriorityGrouping)
    i.HAL_RCC_ClockConfig                    0x08000608   Section        0  stm32f4xx_hal_rcc.o(i.HAL_RCC_ClockConfig)
    i.HAL_RCC_GetHCLKFreq                    0x0800073c   Section        0  stm32f4xx_hal_rcc.o(i.HAL_RCC_GetHCLKFreq)
    i.HAL_RCC_GetPCLK1Freq                   0x08000748   Section        0  stm32f4xx_hal_rcc.o(i.HAL_RCC_GetPCLK1Freq)
    i.HAL_RCC_GetPCLK2Freq                   0x08000768   Section        0  stm32f4xx_hal_rcc.o(i.HAL_RCC_GetPCLK2Freq)
    i.HAL_RCC_GetSysClockFreq                0x08000788   Section        0  stm32f4xx_hal_rcc.o(i.HAL_RCC_GetSysClockFreq)
    i.HAL_RCC_OscConfig                      0x080007ec   Section        0  stm32f4xx_hal_rcc.o(i.HAL_RCC_OscConfig)
    i.HAL_SYSTICK_CLKSourceConfig            0x08000b48   Section        0  stm32f4xx_hal_cortex.o(i.HAL_SYSTICK_CLKSourceConfig)
    i.HAL_SYSTICK_Config                     0x08000b60   Section        0  stm32f4xx_hal_cortex.o(i.HAL_SYSTICK_Config)
    i.HAL_UART_ErrorCallback                 0x08000b88   Section        0  stm32f4xx_hal_uart.o(i.HAL_UART_ErrorCallback)
    i.HAL_UART_IRQHandler                    0x08000b8c   Section        0  stm32f4xx_hal_uart.o(i.HAL_UART_IRQHandler)
    i.HAL_UART_Init                          0x08000ca0   Section        0  stm32f4xx_hal_uart.o(i.HAL_UART_Init)
    i.HAL_UART_MspInit                       0x08000d04   Section        0  stm32f4xx_hal_msp.o(i.HAL_UART_MspInit)
    i.HAL_UART_Receive_IT                    0x08000d70   Section        0  stm32f4xx_hal_uart.o(i.HAL_UART_Receive_IT)
    i.HAL_UART_RxCpltCallback                0x08000dc4   Section        0  main.o(i.HAL_UART_RxCpltCallback)
    i.HAL_UART_Transmit                      0x08000de4   Section        0  stm32f4xx_hal_uart.o(i.HAL_UART_Transmit)
    i.HAL_UART_TxCpltCallback                0x08000e9e   Section        0  stm32f4xx_hal_uart.o(i.HAL_UART_TxCpltCallback)
    i.HardFault_Handler                      0x08000ea0   Section        0  stm32f4xx_it.o(i.HardFault_Handler)
    i.MX_USART1_UART_Init                    0x08000ea4   Section        0  main.o(i.MX_USART1_UART_Init)
    MX_USART1_UART_Init                      0x08000ea5   Thumb Code    54  main.o(i.MX_USART1_UART_Init)
    i.MemManage_Handler                      0x08000ee4   Section        0  stm32f4xx_it.o(i.MemManage_Handler)
    i.NMI_Handler                            0x08000ee6   Section        0  stm32f4xx_it.o(i.NMI_Handler)
    i.PendSV_Handler                         0x08000ee8   Section        0  stm32f4xx_it.o(i.PendSV_Handler)
    i.SVC_Handler                            0x08000eea   Section        0  stm32f4xx_it.o(i.SVC_Handler)
    i.SysTick_Handler                        0x08000eec   Section        0  stm32f4xx_it.o(i.SysTick_Handler)
    i.SystemClock_Config                     0x08000ef0   Section        0  main.o(i.SystemClock_Config)
    i.SystemCoreClockUpdate                  0x08000f7c   Section        0  system_stm32f4xx.o(i.SystemCoreClockUpdate)
    i.SystemInit                             0x08000ff8   Section        0  system_stm32f4xx.o(i.SystemInit)
    i.UART_DMAAbortOnError                   0x08001014   Section        0  stm32f4xx_hal_uart.o(i.UART_DMAAbortOnError)
    UART_DMAAbortOnError                     0x08001015   Thumb Code    16  stm32f4xx_hal_uart.o(i.UART_DMAAbortOnError)
    i.UART_EndRxTransfer                     0x08001024   Section        0  stm32f4xx_hal_uart.o(i.UART_EndRxTransfer)
    UART_EndRxTransfer                       0x08001025   Thumb Code    28  stm32f4xx_hal_uart.o(i.UART_EndRxTransfer)
    i.UART_Receive_IT                        0x08001040   Section        0  stm32f4xx_hal_uart.o(i.UART_Receive_IT)
    UART_Receive_IT                          0x08001041   Thumb Code   150  stm32f4xx_hal_uart.o(i.UART_Receive_IT)
    i.UART_SetConfig                         0x080010d8   Section        0  stm32f4xx_hal_uart.o(i.UART_SetConfig)
    UART_SetConfig                           0x080010d9   Thumb Code   286  stm32f4xx_hal_uart.o(i.UART_SetConfig)
    i.UART_Transmit_IT                       0x08001200   Section        0  stm32f4xx_hal_uart.o(i.UART_Transmit_IT)
    UART_Transmit_IT                         0x08001201   Thumb Code    98  stm32f4xx_hal_uart.o(i.UART_Transmit_IT)
    i.UART_WaitOnFlagUntilTimeout            0x08001262   Section        0  stm32f4xx_hal_uart.o(i.UART_WaitOnFlagUntilTimeout)
    UART_WaitOnFlagUntilTimeout              0x08001263   Thumb Code   100  stm32f4xx_hal_uart.o(i.UART_WaitOnFlagUntilTimeout)
    i.USART1_IRQHandler                      0x080012c8   Section        0  main.o(i.USART1_IRQHandler)
    i.UsageFault_Handler                     0x080012d4   Section        0  stm32f4xx_it.o(i.UsageFault_Handler)
    i.__0printf$2                            0x080012d8   Section        0  printf2.o(i.__0printf$2)
    i.__NVIC_SetPriority                     0x080012f8   Section        0  stm32f4xx_hal_cortex.o(i.__NVIC_SetPriority)
    __NVIC_SetPriority                       0x080012f9   Thumb Code    32  stm32f4xx_hal_cortex.o(i.__NVIC_SetPriority)
    i.__scatterload_copy                     0x08001318   Section       14  handlers.o(i.__scatterload_copy)
    i.__scatterload_null                     0x08001326   Section        2  handlers.o(i.__scatterload_null)
    i.__scatterload_zeroinit                 0x08001328   Section       14  handlers.o(i.__scatterload_zeroinit)
    i._printf_core                           0x08001336   Section        0  printf2.o(i._printf_core)
    _printf_core                             0x08001337   Thumb Code   214  printf2.o(i._printf_core)
    i.abso                                   0x0800140c   Section        0  6502.o(i.abso)
    abso                                     0x0800140d   Thumb Code    36  6502.o(i.abso)
    i.absx                                   0x08001434   Section        0  6502.o(i.absx)
    absx                                     0x08001435   Thumb Code    56  6502.o(i.absx)
    i.absy                                   0x08001470   Section        0  6502.o(i.absy)
    absy                                     0x08001471   Thumb Code    56  6502.o(i.absy)
    i.acc                                    0x080014ac   Section        0  6502.o(i.acc)
    acc                                      0x080014ad   Thumb Code     2  6502.o(i.acc)
    i.adc                                    0x080014b0   Section        0  6502.o(i.adc)
    adc                                      0x080014b1   Thumb Code   172  6502.o(i.adc)
    i.and                                    0x08001560   Section        0  6502.o(i.and)
    and                                      0x08001561   Thumb Code    58  6502.o(i.and)
    i.asl                                    0x080015a0   Section        0  6502.o(i.asl)
    asl                                      0x080015a1   Thumb Code    84  6502.o(i.asl)
    i.bcc                                    0x080015f8   Section        0  6502.o(i.bcc)
    bcc                                      0x080015f9   Thumb Code    54  6502.o(i.bcc)
    i.bcs                                    0x08001634   Section        0  6502.o(i.bcs)
    bcs                                      0x08001635   Thumb Code    54  6502.o(i.bcs)
    i.beq                                    0x08001670   Section        0  6502.o(i.beq)
    beq                                      0x08001671   Thumb Code    54  6502.o(i.beq)
    i.bit                                    0x080016ac   Section        0  6502.o(i.bit)
    bit                                      0x080016ad   Thumb Code    44  6502.o(i.bit)
    i.bmi                                    0x080016dc   Section        0  6502.o(i.bmi)
    bmi                                      0x080016dd   Thumb Code    54  6502.o(i.bmi)
    i.bne                                    0x08001718   Section        0  6502.o(i.bne)
    bne                                      0x08001719   Thumb Code    54  6502.o(i.bne)
    i.bpl                                    0x08001754   Section        0  6502.o(i.bpl)
    bpl                                      0x08001755   Thumb Code    54  6502.o(i.bpl)
    i.brk                                    0x08001790   Section        0  6502.o(i.brk)
    brk                                      0x08001791   Thumb Code    60  6502.o(i.brk)
    i.bvc                                    0x080017d0   Section        0  6502.o(i.bvc)
    bvc                                      0x080017d1   Thumb Code    54  6502.o(i.bvc)
    i.bvs                                    0x0800180c   Section        0  6502.o(i.bvs)
    bvs                                      0x0800180d   Thumb Code    54  6502.o(i.bvs)
    i.clc                                    0x08001848   Section        0  6502.o(i.clc)
    clc                                      0x08001849   Thumb Code    12  6502.o(i.clc)
    i.cld                                    0x08001858   Section        0  6502.o(i.cld)
    cld                                      0x08001859   Thumb Code    12  6502.o(i.cld)
    i.cli                                    0x08001868   Section        0  6502.o(i.cli)
    cli                                      0x08001869   Thumb Code    12  6502.o(i.cli)
    i.clv                                    0x08001878   Section        0  6502.o(i.clv)
    clv                                      0x08001879   Thumb Code    12  6502.o(i.clv)
    i.cmp                                    0x08001888   Section        0  6502.o(i.cmp)
    cmp                                      0x08001889   Thumb Code    80  6502.o(i.cmp)
    i.cpx                                    0x080018dc   Section        0  6502.o(i.cpx)
    cpx                                      0x080018dd   Thumb Code    76  6502.o(i.cpx)
    i.cpy                                    0x0800192c   Section        0  6502.o(i.cpy)
    cpy                                      0x0800192d   Thumb Code    76  6502.o(i.cpy)
    i.dcp                                    0x0800197c   Section        0  6502.o(i.dcp)
    dcp                                      0x0800197d   Thumb Code    40  6502.o(i.dcp)
    i.dec                                    0x080019a8   Section        0  6502.o(i.dec)
    dec                                      0x080019a9   Thumb Code    62  6502.o(i.dec)
    i.dex                                    0x080019ec   Section        0  6502.o(i.dex)
    dex                                      0x080019ed   Thumb Code    50  6502.o(i.dex)
    i.dey                                    0x08001a24   Section        0  6502.o(i.dey)
    dey                                      0x08001a25   Thumb Code    50  6502.o(i.dey)
    i.eor                                    0x08001a5c   Section        0  6502.o(i.eor)
    eor                                      0x08001a5d   Thumb Code    62  6502.o(i.eor)
    i.exec6502                               0x08001aa0   Section        0  6502.o(i.exec6502)
    i.fputc                                  0x08001b4c   Section        0  main.o(i.fputc)
    i.getkey                                 0x08001b64   Section        0  main.o(i.getkey)
    i.getvalue                               0x08001b78   Section        0  6502.o(i.getvalue)
    getvalue                                 0x08001b79   Thumb Code    28  6502.o(i.getvalue)
    i.imm                                    0x08001b9c   Section        0  6502.o(i.imm)
    imm                                      0x08001b9d   Thumb Code    12  6502.o(i.imm)
    i.imp                                    0x08001bac   Section        0  6502.o(i.imp)
    imp                                      0x08001bad   Thumb Code     2  6502.o(i.imp)
    i.inc                                    0x08001bb0   Section        0  6502.o(i.inc)
    inc                                      0x08001bb1   Thumb Code    62  6502.o(i.inc)
    i.ind                                    0x08001bf4   Section        0  6502.o(i.ind)
    ind                                      0x08001bf5   Thumb Code    62  6502.o(i.ind)
    i.indx                                   0x08001c38   Section        0  6502.o(i.indx)
    indx                                     0x08001c39   Thumb Code    44  6502.o(i.indx)
    i.indy                                   0x08001c68   Section        0  6502.o(i.indy)
    indy                                     0x08001c69   Thumb Code    60  6502.o(i.indy)
    i.inx                                    0x08001ca8   Section        0  6502.o(i.inx)
    inx                                      0x08001ca9   Thumb Code    50  6502.o(i.inx)
    i.iny                                    0x08001ce0   Section        0  6502.o(i.iny)
    iny                                      0x08001ce1   Thumb Code    50  6502.o(i.iny)
    i.isb                                    0x08001d18   Section        0  6502.o(i.isb)
    isb                                      0x08001d19   Thumb Code    40  6502.o(i.isb)
    i.jmp                                    0x08001d44   Section        0  6502.o(i.jmp)
    jmp                                      0x08001d45   Thumb Code     8  6502.o(i.jmp)
    i.jsr                                    0x08001d50   Section        0  6502.o(i.jsr)
    jsr                                      0x08001d51   Thumb Code    20  6502.o(i.jsr)
    i.lax                                    0x08001d68   Section        0  6502.o(i.lax)
    lax                                      0x08001d69   Thumb Code    14  6502.o(i.lax)
    i.lda                                    0x08001d78   Section        0  6502.o(i.lda)
    lda                                      0x08001d79   Thumb Code    56  6502.o(i.lda)
    i.ldx                                    0x08001db4   Section        0  6502.o(i.ldx)
    ldx                                      0x08001db5   Thumb Code    56  6502.o(i.ldx)
    i.ldy                                    0x08001df0   Section        0  6502.o(i.ldy)
    ldy                                      0x08001df1   Thumb Code    56  6502.o(i.ldy)
    i.lsr                                    0x08001e2c   Section        0  6502.o(i.lsr)
    lsr                                      0x08001e2d   Thumb Code    80  6502.o(i.lsr)
    i.main                                   0x08001e80   Section        0  main.o(i.main)
    i.nop                                    0x08001eb0   Section        0  6502.o(i.nop)
    nop                                      0x08001eb1   Thumb Code    38  6502.o(i.nop)
    i.ora                                    0x08001edc   Section        0  6502.o(i.ora)
    ora                                      0x08001edd   Thumb Code    62  6502.o(i.ora)
    i.pha                                    0x08001f20   Section        0  6502.o(i.pha)
    pha                                      0x08001f21   Thumb Code     8  6502.o(i.pha)
    i.php                                    0x08001f2c   Section        0  6502.o(i.php)
    php                                      0x08001f2d   Thumb Code    12  6502.o(i.php)
    i.pla                                    0x08001f3c   Section        0  6502.o(i.pla)
    pla                                      0x08001f3d   Thumb Code    46  6502.o(i.pla)
    i.plp                                    0x08001f70   Section        0  6502.o(i.plp)
    plp                                      0x08001f71   Thumb Code    16  6502.o(i.plp)
    i.pull16                                 0x08001f84   Section        0  6502.o(i.pull16)
    i.pull8                                  0x08001fb8   Section        0  6502.o(i.pull8)
    i.push16                                 0x08001fd0   Section        0  6502.o(i.push16)
    i.push8                                  0x08002000   Section        0  6502.o(i.push8)
    i.putvalue                               0x08002018   Section        0  6502.o(i.putvalue)
    putvalue                                 0x08002019   Thumb Code    30  6502.o(i.putvalue)
    i.read6502                               0x08002040   Section        0  main.o(i.read6502)
    i.rel                                    0x08002098   Section        0  6502.o(i.rel)
    rel                                      0x08002099   Thumb Code    28  6502.o(i.rel)
    i.reset6502                              0x080020b8   Section        0  6502.o(i.reset6502)
    i.rla                                    0x080020f0   Section        0  6502.o(i.rla)
    rla                                      0x080020f1   Thumb Code    40  6502.o(i.rla)
    i.rol                                    0x0800211c   Section        0  6502.o(i.rol)
    rol                                      0x0800211d   Thumb Code    84  6502.o(i.rol)
    i.ror                                    0x08002174   Section        0  6502.o(i.ror)
    ror                                      0x08002175   Thumb Code    88  6502.o(i.ror)
    i.rra                                    0x080021d0   Section        0  6502.o(i.rra)
    rra                                      0x080021d1   Thumb Code    40  6502.o(i.rra)
    i.rti                                    0x080021fc   Section        0  6502.o(i.rti)
    rti                                      0x080021fd   Thumb Code    20  6502.o(i.rti)
    i.rts                                    0x08002214   Section        0  6502.o(i.rts)
    rts                                      0x08002215   Thumb Code    16  6502.o(i.rts)
    i.sax                                    0x08002228   Section        0  6502.o(i.sax)
    sax                                      0x08002229   Thumb Code    50  6502.o(i.sax)
    i.sbc                                    0x08002260   Section        0  6502.o(i.sbc)
    sbc                                      0x08002261   Thumb Code   182  6502.o(i.sbc)
    i.sec                                    0x0800231c   Section        0  6502.o(i.sec)
    sec                                      0x0800231d   Thumb Code    12  6502.o(i.sec)
    i.sed                                    0x0800232c   Section        0  6502.o(i.sed)
    sed                                      0x0800232d   Thumb Code    12  6502.o(i.sed)
    i.sei                                    0x0800233c   Section        0  6502.o(i.sei)
    sei                                      0x0800233d   Thumb Code    12  6502.o(i.sei)
    i.serout                                 0x0800234c   Section        0  main.o(i.serout)
    i.slo                                    0x08002358   Section        0  6502.o(i.slo)
    slo                                      0x08002359   Thumb Code    40  6502.o(i.slo)
    i.sre                                    0x08002384   Section        0  6502.o(i.sre)
    sre                                      0x08002385   Thumb Code    40  6502.o(i.sre)
    i.sta                                    0x080023b0   Section        0  6502.o(i.sta)
    sta                                      0x080023b1   Thumb Code     8  6502.o(i.sta)
    i.stx                                    0x080023bc   Section        0  6502.o(i.stx)
    stx                                      0x080023bd   Thumb Code     8  6502.o(i.stx)
    i.sty                                    0x080023c8   Section        0  6502.o(i.sty)
    sty                                      0x080023c9   Thumb Code     8  6502.o(i.sty)
    i.tax                                    0x080023d4   Section        0  6502.o(i.tax)
    tax                                      0x080023d5   Thumb Code    44  6502.o(i.tax)
    i.tay                                    0x08002404   Section        0  6502.o(i.tay)
    tay                                      0x08002405   Thumb Code    44  6502.o(i.tay)
    i.tsx                                    0x08002434   Section        0  6502.o(i.tsx)
    tsx                                      0x08002435   Thumb Code    44  6502.o(i.tsx)
    i.txa                                    0x08002464   Section        0  6502.o(i.txa)
    txa                                      0x08002465   Thumb Code    44  6502.o(i.txa)
    i.txs                                    0x08002494   Section        0  6502.o(i.txs)
    txs                                      0x08002495   Thumb Code     8  6502.o(i.txs)
    i.tya                                    0x080024a0   Section        0  6502.o(i.tya)
    tya                                      0x080024a1   Thumb Code    44  6502.o(i.tya)
    i.write6502                              0x080024d0   Section        0  main.o(i.write6502)
    i.zp                                     0x080024f0   Section        0  6502.o(i.zp)
    zp                                       0x080024f1   Thumb Code    18  6502.o(i.zp)
    i.zpx                                    0x08002508   Section        0  6502.o(i.zpx)
    zpx                                      0x08002509   Thumb Code    24  6502.o(i.zpx)
    i.zpy                                    0x08002524   Section        0  6502.o(i.zpy)
    zpy                                      0x08002525   Thumb Code    24  6502.o(i.zpy)
    .constdata                               0x08002540   Section      256  main.o(.constdata)
    .constdata                               0x08002640   Section     1024  6502.o(.constdata)
    ticktable                                0x08002640   Data        1024  6502.o(.constdata)
    .constdata                               0x08002a40   Section    10525  rom.o(.constdata)
    .constdata                               0x0800535d   Section       16  system_stm32f4xx.o(.constdata)
    .constdata                               0x0800536d   Section        8  system_stm32f4xx.o(.constdata)
    .data                                    0x20000000   Section        1  main.o(.data)
    .data                                    0x20000008   Section     2104  6502.o(.data)
    addrtable                                0x20000040   Data        1024  6502.o(.data)
    optable                                  0x20000440   Data        1024  6502.o(.data)
    .data                                    0x20000840   Section       12  stm32f4xx_hal.o(.data)
    .data                                    0x2000084c   Section        4  system_stm32f4xx.o(.data)
    .data                                    0x20000850   Section        4  stdout.o(.data)
    .bss                                     0x20000854   Section    16448  main.o(.bss)
    STACK                                    0x20004898   Section     1024  startup_stm32f401xe.o(STACK)

    Global Symbols

    Symbol Name                              Value     Ov Type        Size  Object(Section)

    BuildAttributes$$THM_ISAv4$E$P$D$K$B$S$7EM$VFPi3$EXTD16$VFPS$VFMA$PE$A:L22UL41UL21$X:L11$S22US41US21$IEEE1$IW$USESV6$~STKCKD$USESV7$~SHL$OSPACE$ROPI$EBA8$MICROLIB$REQ8$PRES8$EABIv2 0x00000000   Number         0  anon$$obj.o ABSOLUTE
    __ARM_use_no_argv                        0x00000000   Number         0  main.o ABSOLUTE
    _printf_a                                0x00000000   Number         0  stubs.o ABSOLUTE
    _printf_c                                0x00000000   Number         0  stubs.o ABSOLUTE
    _printf_charcount                        0x00000000   Number         0  stubs.o ABSOLUTE
    _printf_d                                0x00000000   Number         0  stubs.o ABSOLUTE
    _printf_e                                0x00000000   Number         0  stubs.o ABSOLUTE
    _printf_f                                0x00000000   Number         0  stubs.o ABSOLUTE
    _printf_flags                            0x00000000   Number         0  stubs.o ABSOLUTE
    _printf_fp_dec                           0x00000000   Number         0  stubs.o ABSOLUTE
    _printf_fp_hex                           0x00000000   Number         0  stubs.o ABSOLUTE
    _printf_g                                0x00000000   Number         0  stubs.o ABSOLUTE
    _printf_i                                0x00000000   Number         0  stubs.o ABSOLUTE
    _printf_int_dec                          0x00000000   Number         0  stubs.o ABSOLUTE
    _printf_l                                0x00000000   Number         0  stubs.o ABSOLUTE
    _printf_lc                               0x00000000   Number         0  stubs.o ABSOLUTE
    _printf_ll                               0x00000000   Number         0  stubs.o ABSOLUTE
    _printf_lld                              0x00000000   Number         0  stubs.o ABSOLUTE
    _printf_lli                              0x00000000   Number         0  stubs.o ABSOLUTE
    _printf_llo                              0x00000000   Number         0  stubs.o ABSOLUTE
    _printf_llu                              0x00000000   Number         0  stubs.o ABSOLUTE
    _printf_llx                              0x00000000   Number         0  stubs.o ABSOLUTE
    _printf_longlong_dec                     0x00000000   Number         0  stubs.o ABSOLUTE
    _printf_longlong_hex                     0x00000000   Number         0  stubs.o ABSOLUTE
    _printf_longlong_oct                     0x00000000   Number         0  stubs.o ABSOLUTE
    _printf_ls                               0x00000000   Number         0  stubs.o ABSOLUTE
    _printf_mbtowc                           0x00000000   Number         0  stubs.o ABSOLUTE
    _printf_n                                0x00000000   Number         0  stubs.o ABSOLUTE
    _printf_o                                0x00000000   Number         0  stubs.o ABSOLUTE
    _printf_p                                0x00000000   Number         0  stubs.o ABSOLUTE
    _printf_percent                          0x00000000   Number         0  stubs.o ABSOLUTE
    _printf_pre_padding                      0x00000000   Number         0  stubs.o ABSOLUTE
    _printf_return_value                     0x00000000   Number         0  stubs.o ABSOLUTE
    _printf_s                                0x00000000   Number         0  stubs.o ABSOLUTE
    _printf_sizespec                         0x00000000   Number         0  stubs.o ABSOLUTE
    _printf_str                              0x00000000   Number         0  stubs.o ABSOLUTE
    _printf_truncate_signed                  0x00000000   Number         0  stubs.o ABSOLUTE
    _printf_truncate_unsigned                0x00000000   Number         0  stubs.o ABSOLUTE
    _printf_u                                0x00000000   Number         0  stubs.o ABSOLUTE
    _printf_wc                               0x00000000   Number         0  stubs.o ABSOLUTE
    _printf_wctomb                           0x00000000   Number         0  stubs.o ABSOLUTE
    _printf_widthprec                        0x00000000   Number         0  stubs.o ABSOLUTE
    _printf_x                                0x00000000   Number         0  stubs.o ABSOLUTE
    __cpp_initialize__aeabi_                  - Undefined Weak Reference
    __cxa_finalize                            - Undefined Weak Reference
    _clock_init                               - Undefined Weak Reference
    _microlib_exit                            - Undefined Weak Reference
    __Vectors_Size                           0x00000194   Number         0  startup_stm32f401xe.o ABSOLUTE
    __Vectors                                0x08000000   Data           4  startup_stm32f401xe.o(RESET)
    __Vectors_End                            0x08000194   Data           0  startup_stm32f401xe.o(RESET)
    __main                                   0x08000195   Thumb Code     0  entry.o(.ARM.Collect$$$$00000000)
    _main_stk                                0x08000195   Thumb Code     0  entry2.o(.ARM.Collect$$$$00000001)
    _main_scatterload                        0x08000199   Thumb Code     0  entry5.o(.ARM.Collect$$$$00000004)
    __main_after_scatterload                 0x0800019d   Thumb Code     0  entry5.o(.ARM.Collect$$$$00000004)
    _main_clock                              0x0800019d   Thumb Code     0  entry7b.o(.ARM.Collect$$$$00000008)
    _main_cpp_init                           0x0800019d   Thumb Code     0  entry8b.o(.ARM.Collect$$$$0000000A)
    _main_init                               0x0800019d   Thumb Code     0  entry9a.o(.ARM.Collect$$$$0000000B)
    __rt_final_cpp                           0x080001a5   Thumb Code     0  entry10a.o(.ARM.Collect$$$$0000000D)
    __rt_final_exit                          0x080001a5   Thumb Code     0  entry11a.o(.ARM.Collect$$$$0000000F)
    Reset_Handler                            0x080001a9   Thumb Code     8  startup_stm32f401xe.o(.text)
    ADC_IRQHandler                           0x080001c3   Thumb Code     0  startup_stm32f401xe.o(.text)
    DMA1_Stream0_IRQHandler                  0x080001c3   Thumb Code     0  startup_stm32f401xe.o(.text)
    DMA1_Stream1_IRQHandler                  0x080001c3   Thumb Code     0  startup_stm32f401xe.o(.text)
    DMA1_Stream2_IRQHandler                  0x080001c3   Thumb Code     0  startup_stm32f401xe.o(.text)
    DMA1_Stream3_IRQHandler                  0x080001c3   Thumb Code     0  startup_stm32f401xe.o(.text)
    DMA1_Stream4_IRQHandler                  0x080001c3   Thumb Code     0  startup_stm32f401xe.o(.text)
    DMA1_Stream5_IRQHandler                  0x080001c3   Thumb Code     0  startup_stm32f401xe.o(.text)
    DMA1_Stream6_IRQHandler                  0x080001c3   Thumb Code     0  startup_stm32f401xe.o(.text)
    DMA1_Stream7_IRQHandler                  0x080001c3   Thumb Code     0  startup_stm32f401xe.o(.text)
    DMA2_Stream0_IRQHandler                  0x080001c3   Thumb Code     0  startup_stm32f401xe.o(.text)
    DMA2_Stream1_IRQHandler                  0x080001c3   Thumb Code     0  startup_stm32f401xe.o(.text)
    DMA2_Stream2_IRQHandler                  0x080001c3   Thumb Code     0  startup_stm32f401xe.o(.text)
    DMA2_Stream3_IRQHandler                  0x080001c3   Thumb Code     0  startup_stm32f401xe.o(.text)
    DMA2_Stream4_IRQHandler                  0x080001c3   Thumb Code     0  startup_stm32f401xe.o(.text)
    DMA2_Stream5_IRQHandler                  0x080001c3   Thumb Code     0  startup_stm32f401xe.o(.text)
    DMA2_Stream6_IRQHandler                  0x080001c3   Thumb Code     0  startup_stm32f401xe.o(.text)
    DMA2_Stream7_IRQHandler                  0x080001c3   Thumb Code     0  startup_stm32f401xe.o(.text)
    EXTI0_IRQHandler                         0x080001c3   Thumb Code     0  startup_stm32f401xe.o(.text)
    EXTI15_10_IRQHandler                     0x080001c3   Thumb Code     0  startup_stm32f401xe.o(.text)
    EXTI1_IRQHandler                         0x080001c3   Thumb Code     0  startup_stm32f401xe.o(.text)
    EXTI2_IRQHandler                         0x080001c3   Thumb Code     0  startup_stm32f401xe.o(.text)
    EXTI3_IRQHandler                         0x080001c3   Thumb Code     0  startup_stm32f401xe.o(.text)
    EXTI4_IRQHandler                         0x080001c3   Thumb Code     0  startup_stm32f401xe.o(.text)
    EXTI9_5_IRQHandler                       0x080001c3   Thumb Code     0  startup_stm32f401xe.o(.text)
    FLASH_IRQHandler                         0x080001c3   Thumb Code     0  startup_stm32f401xe.o(.text)
    FPU_IRQHandler                           0x080001c3   Thumb Code     0  startup_stm32f401xe.o(.text)
    I2C1_ER_IRQHandler                       0x080001c3   Thumb Code     0  startup_stm32f401xe.o(.text)
    I2C1_EV_IRQHandler                       0x080001c3   Thumb Code     0  startup_stm32f401xe.o(.text)
    I2C2_ER_IRQHandler                       0x080001c3   Thumb Code     0  startup_stm32f401xe.o(.text)
    I2C2_EV_IRQHandler                       0x080001c3   Thumb Code     0  startup_stm32f401xe.o(.text)
    I2C3_ER_IRQHandler                       0x080001c3   Thumb Code     0  startup_stm32f401xe.o(.text)
    I2C3_EV_IRQHandler                       0x080001c3   Thumb Code     0  startup_stm32f401xe.o(.text)
    OTG_FS_IRQHandler                        0x080001c3   Thumb Code     0  startup_stm32f401xe.o(.text)
    OTG_FS_WKUP_IRQHandler                   0x080001c3   Thumb Code     0  startup_stm32f401xe.o(.text)
    PVD_IRQHandler                           0x080001c3   Thumb Code     0  startup_stm32f401xe.o(.text)
    RCC_IRQHandler                           0x080001c3   Thumb Code     0  startup_stm32f401xe.o(.text)
    RTC_Alarm_IRQHandler                     0x080001c3   Thumb Code     0  startup_stm32f401xe.o(.text)
    RTC_WKUP_IRQHandler                      0x080001c3   Thumb Code     0  startup_stm32f401xe.o(.text)
    SDIO_IRQHandler                          0x080001c3   Thumb Code     0  startup_stm32f401xe.o(.text)
    SPI1_IRQHandler                          0x080001c3   Thumb Code     0  startup_stm32f401xe.o(.text)
    SPI2_IRQHandler                          0x080001c3   Thumb Code     0  startup_stm32f401xe.o(.text)
    SPI3_IRQHandler                          0x080001c3   Thumb Code     0  startup_stm32f401xe.o(.text)
    SPI4_IRQHandler                          0x080001c3   Thumb Code     0  startup_stm32f401xe.o(.text)
    TAMP_STAMP_IRQHandler                    0x080001c3   Thumb Code     0  startup_stm32f401xe.o(.text)
    TIM1_BRK_TIM9_IRQHandler                 0x080001c3   Thumb Code     0  startup_stm32f401xe.o(.text)
    TIM1_CC_IRQHandler                       0x080001c3   Thumb Code     0  startup_stm32f401xe.o(.text)
    TIM1_TRG_COM_TIM11_IRQHandler            0x080001c3   Thumb Code     0  startup_stm32f401xe.o(.text)
    TIM1_UP_TIM10_IRQHandler                 0x080001c3   Thumb Code     0  startup_stm32f401xe.o(.text)
    TIM2_IRQHandler                          0x080001c3   Thumb Code     0  startup_stm32f401xe.o(.text)
    TIM3_IRQHandler                          0x080001c3   Thumb Code     0  startup_stm32f401xe.o(.text)
    TIM4_IRQHandler                          0x080001c3   Thumb Code     0  startup_stm32f401xe.o(.text)
    TIM5_IRQHandler                          0x080001c3   Thumb Code     0  startup_stm32f401xe.o(.text)
    USART2_IRQHandler                        0x080001c3   Thumb Code     0  startup_stm32f401xe.o(.text)
    USART6_IRQHandler                        0x080001c3   Thumb Code     0  startup_stm32f401xe.o(.text)
    WWDG_IRQHandler                          0x080001c3   Thumb Code     0  startup_stm32f401xe.o(.text)
    __aeabi_uldivmod                         0x080001cd   Thumb Code    98  uldiv.o(.text)
    __aeabi_memset                           0x0800022f   Thumb Code    14  memseta.o(.text)
    __aeabi_memset4                          0x0800022f   Thumb Code     0  memseta.o(.text)
    __aeabi_memset8                          0x0800022f   Thumb Code     0  memseta.o(.text)
    __aeabi_memclr                           0x0800023d   Thumb Code     4  memseta.o(.text)
    __aeabi_memclr4                          0x0800023d   Thumb Code     0  memseta.o(.text)
    __aeabi_memclr8                          0x0800023d   Thumb Code     0  memseta.o(.text)
    _memset$wrapper                          0x08000241   Thumb Code    18  memseta.o(.text)
    __aeabi_llsl                             0x08000253   Thumb Code    30  llshl.o(.text)
    _ll_shift_l                              0x08000253   Thumb Code     0  llshl.o(.text)
    __aeabi_llsr                             0x08000271   Thumb Code    32  llushr.o(.text)
    _ll_ushift_r                             0x08000271   Thumb Code     0  llushr.o(.text)
    __scatterload                            0x08000291   Thumb Code    28  init.o(.text)
    __scatterload_rt2                        0x08000291   Thumb Code     0  init.o(.text)
    __decompress                             0x080002b5   Thumb Code     0  __dczerorl2.o(.text)
    __decompress1                            0x080002b5   Thumb Code    86  __dczerorl2.o(.text)
    BusFault_Handler                         0x0800030b   Thumb Code     2  stm32f4xx_it.o(i.BusFault_Handler)
    DebugMon_Handler                         0x0800030d   Thumb Code     2  stm32f4xx_it.o(i.DebugMon_Handler)
    HAL_DMA_Abort_IT                         0x0800030f   Thumb Code    36  stm32f4xx_hal_dma.o(i.HAL_DMA_Abort_IT)
    HAL_GPIO_Init                            0x08000335   Thumb Code   370  stm32f4xx_hal_gpio.o(i.HAL_GPIO_Init)
    HAL_GetTick                              0x080004c9   Thumb Code     6  stm32f4xx_hal.o(i.HAL_GetTick)
    HAL_IncTick                              0x080004d5   Thumb Code    12  stm32f4xx_hal.o(i.HAL_IncTick)
    HAL_Init                                 0x080004e5   Thumb Code    48  stm32f4xx_hal.o(i.HAL_Init)
    HAL_InitTick                             0x08000519   Thumb Code    54  stm32f4xx_hal.o(i.HAL_InitTick)
    HAL_MspInit                              0x08000559   Thumb Code    42  stm32f4xx_hal_msp.o(i.HAL_MspInit)
    HAL_NVIC_EnableIRQ                       0x08000589   Thumb Code    26  stm32f4xx_hal_cortex.o(i.HAL_NVIC_EnableIRQ)
    HAL_NVIC_SetPriority                     0x080005a5   Thumb Code    60  stm32f4xx_hal_cortex.o(i.HAL_NVIC_SetPriority)
    HAL_NVIC_SetPriorityGrouping             0x080005e5   Thumb Code    26  stm32f4xx_hal_cortex.o(i.HAL_NVIC_SetPriorityGrouping)
    HAL_RCC_ClockConfig                      0x08000609   Thumb Code   288  stm32f4xx_hal_rcc.o(i.HAL_RCC_ClockConfig)
    HAL_RCC_GetHCLKFreq                      0x0800073d   Thumb Code     6  stm32f4xx_hal_rcc.o(i.HAL_RCC_GetHCLKFreq)
    HAL_RCC_GetPCLK1Freq                     0x08000749   Thumb Code    20  stm32f4xx_hal_rcc.o(i.HAL_RCC_GetPCLK1Freq)
    HAL_RCC_GetPCLK2Freq                     0x08000769   Thumb Code    20  stm32f4xx_hal_rcc.o(i.HAL_RCC_GetPCLK2Freq)
    HAL_RCC_GetSysClockFreq                  0x08000789   Thumb Code    88  stm32f4xx_hal_rcc.o(i.HAL_RCC_GetSysClockFreq)
    HAL_RCC_OscConfig                        0x080007ed   Thumb Code   834  stm32f4xx_hal_rcc.o(i.HAL_RCC_OscConfig)
    HAL_SYSTICK_CLKSourceConfig              0x08000b49   Thumb Code    24  stm32f4xx_hal_cortex.o(i.HAL_SYSTICK_CLKSourceConfig)
    HAL_SYSTICK_Config                       0x08000b61   Thumb Code    40  stm32f4xx_hal_cortex.o(i.HAL_SYSTICK_Config)
    HAL_UART_ErrorCallback                   0x08000b89   Thumb Code     2  stm32f4xx_hal_uart.o(i.HAL_UART_ErrorCallback)
    HAL_UART_IRQHandler                      0x08000b8d   Thumb Code   270  stm32f4xx_hal_uart.o(i.HAL_UART_IRQHandler)
    HAL_UART_Init                            0x08000ca1   Thumb Code    98  stm32f4xx_hal_uart.o(i.HAL_UART_Init)
    HAL_UART_MspInit                         0x08000d05   Thumb Code    94  stm32f4xx_hal_msp.o(i.HAL_UART_MspInit)
    HAL_UART_Receive_IT                      0x08000d71   Thumb Code    82  stm32f4xx_hal_uart.o(i.HAL_UART_Receive_IT)
    HAL_UART_RxCpltCallback                  0x08000dc5   Thumb Code    20  main.o(i.HAL_UART_RxCpltCallback)
    HAL_UART_Transmit                        0x08000de5   Thumb Code   186  stm32f4xx_hal_uart.o(i.HAL_UART_Transmit)
    HAL_UART_TxCpltCallback                  0x08000e9f   Thumb Code     2  stm32f4xx_hal_uart.o(i.HAL_UART_TxCpltCallback)
    HardFault_Handler                        0x08000ea1   Thumb Code     2  stm32f4xx_it.o(i.HardFault_Handler)
    MemManage_Handler                        0x08000ee5   Thumb Code     2  stm32f4xx_it.o(i.MemManage_Handler)
    NMI_Handler                              0x08000ee7   Thumb Code     2  stm32f4xx_it.o(i.NMI_Handler)
    PendSV_Handler                           0x08000ee9   Thumb Code     2  stm32f4xx_it.o(i.PendSV_Handler)
    SVC_Handler                              0x08000eeb   Thumb Code     2  stm32f4xx_it.o(i.SVC_Handler)
    SysTick_Handler                          0x08000eed   Thumb Code     4  stm32f4xx_it.o(i.SysTick_Handler)
    SystemClock_Config                       0x08000ef1   Thumb Code   132  main.o(i.SystemClock_Config)
    SystemCoreClockUpdate                    0x08000f7d   Thumb Code   104  system_stm32f4xx.o(i.SystemCoreClockUpdate)
    SystemInit                               0x08000ff9   Thumb Code    22  system_stm32f4xx.o(i.SystemInit)
    USART1_IRQHandler                        0x080012c9   Thumb Code     6  main.o(i.USART1_IRQHandler)
    UsageFault_Handler                       0x080012d5   Thumb Code     2  stm32f4xx_it.o(i.UsageFault_Handler)
    __0printf$2                              0x080012d9   Thumb Code    22  printf2.o(i.__0printf$2)
    __1printf$2                              0x080012d9   Thumb Code     0  printf2.o(i.__0printf$2)
    __2printf                                0x080012d9   Thumb Code     0  printf2.o(i.__0printf$2)
    __scatterload_copy                       0x08001319   Thumb Code    14  handlers.o(i.__scatterload_copy)
    __scatterload_null                       0x08001327   Thumb Code     2  handlers.o(i.__scatterload_null)
    __scatterload_zeroinit                   0x08001329   Thumb Code    14  handlers.o(i.__scatterload_zeroinit)
    exec6502                                 0x08001aa1   Thumb Code   158  6502.o(i.exec6502)
    fputc                                    0x08001b4d   Thumb Code    18  main.o(i.fputc)
    getkey                                   0x08001b65   Thumb Code    14  main.o(i.getkey)
    main                                     0x08001e81   Thumb Code    40  main.o(i.main)
    pull16                                   0x08001f85   Thumb Code    46  6502.o(i.pull16)
    pull8                                    0x08001fb9   Thumb Code    18  6502.o(i.pull8)
    push16                                   0x08001fd1   Thumb Code    42  6502.o(i.push16)
    push8                                    0x08002001   Thumb Code    18  6502.o(i.push8)
    read6502                                 0x08002041   Thumb Code    74  main.o(i.read6502)
    reset6502                                0x080020b9   Thumb Code    50  6502.o(i.reset6502)
    serout                                   0x0800234d   Thumb Code     8  main.o(i.serout)
    write6502                                0x080024d1   Thumb Code    26  main.o(i.write6502)
    BIOStop                                  0x08002540   Data         256  main.o(.constdata)
    BIOS                                     0x08002a40   Data       10525  rom.o(.constdata)
    AHBPrescTable                            0x0800535d   Data          16  system_stm32f4xx.o(.constdata)
    APBPrescTable                            0x0800536d   Data           8  system_stm32f4xx.o(.constdata)
    Region$$Table$$Base                      0x08005378   Number         0  anon$$obj.o(Region$$Table)
    Region$$Table$$Limit                     0x08005398   Number         0  anon$$obj.o(Region$$Table)
    curkey                                   0x20000000   Data           1  main.o(.data)
    callexternal                             0x20000008   Data           1  6502.o(.data)
    sp                                       0x20000009   Data           1  6502.o(.data)
    a                                        0x2000000a   Data           1  6502.o(.data)
    x                                        0x2000000b   Data           1  6502.o(.data)
    y                                        0x2000000c   Data           1  6502.o(.data)
    status                                   0x2000000d   Data           1  6502.o(.data)
    opcode                                   0x2000000e   Data           1  6502.o(.data)
    penaltyop                                0x2000000f   Data           1  6502.o(.data)
    penaltyaddr                              0x20000010   Data           1  6502.o(.data)
    pc                                       0x20000012   Data           2  6502.o(.data)
    oldpc                                    0x20000014   Data           2  6502.o(.data)
    ea                                       0x20000016   Data           2  6502.o(.data)
    reladdr                                  0x20000018   Data           2  6502.o(.data)
    value                                    0x2000001a   Data           2  6502.o(.data)
    result                                   0x2000001c   Data           2  6502.o(.data)
    loopexternal                             0x20000020   Data           4  6502.o(.data)
    instructions                             0x20000028   Data           8  6502.o(.data)
    clockticks6502                           0x20000030   Data           8  6502.o(.data)
    clockgoal6502                            0x20000038   Data           8  6502.o(.data)
    uwTickFreq                               0x20000840   Data           1  stm32f4xx_hal.o(.data)
    uwTickPrio                               0x20000844   Data           4  stm32f4xx_hal.o(.data)
    uwTick                                   0x20000848   Data           4  stm32f4xx_hal.o(.data)
    SystemCoreClock                          0x2000084c   Data           4  system_stm32f4xx.o(.data)
    __stdout                                 0x20000850   Data           4  stdout.o(.data)
    huart1                                   0x20000854   Data          64  main.o(.bss)
    RAM                                      0x20000894   Data       16384  main.o(.bss)
    __initial_sp                             0x20004c98   Data           0  startup_stm32f401xe.o(STACK)



==============================================================================

Memory Map of the image

  Image Entry point : 0x08000195

  Load Region LR_IROM1 (Base: 0x08000000, Size: 0x00005bec, Max: 0x00080000, ABSOLUTE, COMPRESSED[0x00005550])

    Execution Region ER_IROM1 (Exec base: 0x08000000, Load base: 0x08000000, Size: 0x00005398, Max: 0x00080000, ABSOLUTE)

    Exec Addr    Load Addr    Size         Type   Attr      Idx    E Section Name        Object

    0x08000000   0x08000000   0x00000194   Data   RO            3    RESET               startup_stm32f401xe.o
    0x08000194   0x08000194   0x00000000   Code   RO         2392  * .ARM.Collect$$$$00000000  mc_w.l(entry.o)
    0x08000194   0x08000194   0x00000004   Code   RO         2660    .ARM.Collect$$$$00000001  mc_w.l(entry2.o)
    0x08000198   0x08000198   0x00000004   Code   RO         2663    .ARM.Collect$$$$00000004  mc_w.l(entry5.o)
    0x0800019c   0x0800019c   0x00000000   Code   RO         2665    .ARM.Collect$$$$00000008  mc_w.l(entry7b.o)
    0x0800019c   0x0800019c   0x00000000   Code   RO         2667    .ARM.Collect$$$$0000000A  mc_w.l(entry8b.o)
    0x0800019c   0x0800019c   0x00000008   Code   RO         2668    .ARM.Collect$$$$0000000B  mc_w.l(entry9a.o)
    0x080001a4   0x080001a4   0x00000000   Code   RO         2670    .ARM.Collect$$$$0000000D  mc_w.l(entry10a.o)
    0x080001a4   0x080001a4   0x00000000   Code   RO         2672    .ARM.Collect$$$$0000000F  mc_w.l(entry11a.o)
    0x080001a4   0x080001a4   0x00000004   Code   RO         2661    .ARM.Collect$$$$00002712  mc_w.l(entry2.o)
    0x080001a8   0x080001a8   0x00000024   Code   RO            4    .text               startup_stm32f401xe.o
    0x080001cc   0x080001cc   0x00000062   Code   RO         2395    .text               mc_w.l(uldiv.o)
    0x0800022e   0x0800022e   0x00000024   Code   RO         2397    .text               mc_w.l(memseta.o)
    0x08000252   0x08000252   0x0000001e   Code   RO         2677    .text               mc_w.l(llshl.o)
    0x08000270   0x08000270   0x00000020   Code   RO         2679    .text               mc_w.l(llushr.o)
    0x08000290   0x08000290   0x00000024   Code   RO         2692    .text               mc_w.l(init.o)
    0x080002b4   0x080002b4   0x00000056   Code   RO         2706    .text               mc_w.l(__dczerorl2.o)
    0x0800030a   0x0800030a   0x00000002   Code   RO          207    i.BusFault_Handler  stm32f4xx_it.o
    0x0800030c   0x0800030c   0x00000002   Code   RO          208    i.DebugMon_Handler  stm32f4xx_it.o
    0x0800030e   0x0800030e   0x00000024   Code   RO         1664    i.HAL_DMA_Abort_IT  stm32f4xx_hal_dma.o
    0x08000332   0x08000332   0x00000002   PAD
    0x08000334   0x08000334   0x00000194   Code   RO         1556    i.HAL_GPIO_Init     stm32f4xx_hal_gpio.o
    0x080004c8   0x080004c8   0x0000000c   Code   RO         2112    i.HAL_GetTick       stm32f4xx_hal.o
    0x080004d4   0x080004d4   0x00000010   Code   RO         2118    i.HAL_IncTick       stm32f4xx_hal.o
    0x080004e4   0x080004e4   0x00000034   Code   RO         2119    i.HAL_Init          stm32f4xx_hal.o
    0x08000518   0x08000518   0x00000040   Code   RO         2120    i.HAL_InitTick      stm32f4xx_hal.o
    0x08000558   0x08000558   0x00000030   Code   RO          282    i.HAL_MspInit       stm32f4xx_hal_msp.o
    0x08000588   0x08000588   0x0000001a   Code   RO         1969    i.HAL_NVIC_EnableIRQ  stm32f4xx_hal_cortex.o
    0x080005a2   0x080005a2   0x00000002   PAD
    0x080005a4   0x080005a4   0x00000040   Code   RO         1975    i.HAL_NVIC_SetPriority  stm32f4xx_hal_cortex.o
    0x080005e4   0x080005e4   0x00000024   Code   RO         1976    i.HAL_NVIC_SetPriorityGrouping  stm32f4xx_hal_cortex.o
    0x08000608   0x08000608   0x00000134   Code   RO         1178    i.HAL_RCC_ClockConfig  stm32f4xx_hal_rcc.o
    0x0800073c   0x0800073c   0x0000000c   Code   RO         1183    i.HAL_RCC_GetHCLKFreq  stm32f4xx_hal_rcc.o
    0x08000748   0x08000748   0x00000020   Code   RO         1185    i.HAL_RCC_GetPCLK1Freq  stm32f4xx_hal_rcc.o
    0x08000768   0x08000768   0x00000020   Code   RO         1186    i.HAL_RCC_GetPCLK2Freq  stm32f4xx_hal_rcc.o
    0x08000788   0x08000788   0x00000064   Code   RO         1187    i.HAL_RCC_GetSysClockFreq  stm32f4xx_hal_rcc.o
    0x080007ec   0x080007ec   0x0000035c   Code   RO         1190    i.HAL_RCC_OscConfig  stm32f4xx_hal_rcc.o
    0x08000b48   0x08000b48   0x00000018   Code   RO         1978    i.HAL_SYSTICK_CLKSourceConfig  stm32f4xx_hal_cortex.o
    0x08000b60   0x08000b60   0x00000028   Code   RO         1980    i.HAL_SYSTICK_Config  stm32f4xx_hal_cortex.o
    0x08000b88   0x08000b88   0x00000002   Code   RO          872    i.HAL_UART_ErrorCallback  stm32f4xx_hal_uart.o
    0x08000b8a   0x08000b8a   0x00000002   PAD
    0x08000b8c   0x08000b8c   0x00000114   Code   RO          875    i.HAL_UART_IRQHandler  stm32f4xx_hal_uart.o
    0x08000ca0   0x08000ca0   0x00000062   Code   RO          876    i.HAL_UART_Init     stm32f4xx_hal_uart.o
    0x08000d02   0x08000d02   0x00000002   PAD
    0x08000d04   0x08000d04   0x0000006c   Code   RO          284    i.HAL_UART_MspInit  stm32f4xx_hal_msp.o
    0x08000d70   0x08000d70   0x00000052   Code   RO          881    i.HAL_UART_Receive_IT  stm32f4xx_hal_uart.o
    0x08000dc2   0x08000dc2   0x00000002   PAD
    0x08000dc4   0x08000dc4   0x00000020   Code   RO           14    i.HAL_UART_RxCpltCallback  main.o
    0x08000de4   0x08000de4   0x000000ba   Code   RO          884    i.HAL_UART_Transmit  stm32f4xx_hal_uart.o
    0x08000e9e   0x08000e9e   0x00000002   Code   RO          887    i.HAL_UART_TxCpltCallback  stm32f4xx_hal_uart.o
    0x08000ea0   0x08000ea0   0x00000002   Code   RO          209    i.HardFault_Handler  stm32f4xx_it.o
    0x08000ea2   0x08000ea2   0x00000002   PAD
    0x08000ea4   0x08000ea4   0x00000040   Code   RO           15    i.MX_USART1_UART_Init  main.o
    0x08000ee4   0x08000ee4   0x00000002   Code   RO          210    i.MemManage_Handler  stm32f4xx_it.o
    0x08000ee6   0x08000ee6   0x00000002   Code   RO          211    i.NMI_Handler       stm32f4xx_it.o
    0x08000ee8   0x08000ee8   0x00000002   Code   RO          212    i.PendSV_Handler    stm32f4xx_it.o
    0x08000eea   0x08000eea   0x00000002   Code   RO          213    i.SVC_Handler       stm32f4xx_it.o
    0x08000eec   0x08000eec   0x00000004   Code   RO          214    i.SysTick_Handler   stm32f4xx_it.o
    0x08000ef0   0x08000ef0   0x0000008c   Code   RO           16    i.SystemClock_Config  main.o
    0x08000f7c   0x08000f7c   0x0000007c   Code   RO         2357    i.SystemCoreClockUpdate  system_stm32f4xx.o
    0x08000ff8   0x08000ff8   0x0000001c   Code   RO         2358    i.SystemInit        system_stm32f4xx.o
    0x08001014   0x08001014   0x00000010   Code   RO          889    i.UART_DMAAbortOnError  stm32f4xx_hal_uart.o
    0x08001024   0x08001024   0x0000001c   Code   RO          899    i.UART_EndRxTransfer  stm32f4xx_hal_uart.o
    0x08001040   0x08001040   0x00000096   Code   RO          901    i.UART_Receive_IT   stm32f4xx_hal_uart.o
    0x080010d6   0x080010d6   0x00000002   PAD
    0x080010d8   0x080010d8   0x00000128   Code   RO          902    i.UART_SetConfig    stm32f4xx_hal_uart.o
    0x08001200   0x08001200   0x00000062   Code   RO          903    i.UART_Transmit_IT  stm32f4xx_hal_uart.o
    0x08001262   0x08001262   0x00000064   Code   RO          904    i.UART_WaitOnFlagUntilTimeout  stm32f4xx_hal_uart.o
    0x080012c6   0x080012c6   0x00000002   PAD
    0x080012c8   0x080012c8   0x0000000c   Code   RO           17    i.USART1_IRQHandler  main.o
    0x080012d4   0x080012d4   0x00000002   Code   RO          215    i.UsageFault_Handler  stm32f4xx_it.o
    0x080012d6   0x080012d6   0x00000002   PAD
    0x080012d8   0x080012d8   0x00000020   Code   RO         2466    i.__0printf$2       mc_w.l(printf2.o)
    0x080012f8   0x080012f8   0x00000020   Code   RO         1982    i.__NVIC_SetPriority  stm32f4xx_hal_cortex.o
    0x08001318   0x08001318   0x0000000e   Code   RO         2700    i.__scatterload_copy  mc_w.l(handlers.o)
    0x08001326   0x08001326   0x00000002   Code   RO         2701    i.__scatterload_null  mc_w.l(handlers.o)
    0x08001328   0x08001328   0x0000000e   Code   RO         2702    i.__scatterload_zeroinit  mc_w.l(handlers.o)
    0x08001336   0x08001336   0x000000d6   Code   RO         2473    i._printf_core      mc_w.l(printf2.o)
    0x0800140c   0x0800140c   0x00000028   Code   RO          318    i.abso              6502.o
    0x08001434   0x08001434   0x0000003c   Code   RO          319    i.absx              6502.o
    0x08001470   0x08001470   0x0000003c   Code   RO          320    i.absy              6502.o
    0x080014ac   0x080014ac   0x00000002   Code   RO          321    i.acc               6502.o
    0x080014ae   0x080014ae   0x00000002   PAD
    0x080014b0   0x080014b0   0x000000b0   Code   RO          322    i.adc               6502.o
    0x08001560   0x08001560   0x00000040   Code   RO          323    i.and               6502.o
    0x080015a0   0x080015a0   0x00000058   Code   RO          324    i.asl               6502.o
    0x080015f8   0x080015f8   0x0000003c   Code   RO          325    i.bcc               6502.o
    0x08001634   0x08001634   0x0000003c   Code   RO          326    i.bcs               6502.o
    0x08001670   0x08001670   0x0000003c   Code   RO          327    i.beq               6502.o
    0x080016ac   0x080016ac   0x00000030   Code   RO          328    i.bit               6502.o
    0x080016dc   0x080016dc   0x0000003c   Code   RO          329    i.bmi               6502.o
    0x08001718   0x08001718   0x0000003c   Code   RO          330    i.bne               6502.o
    0x08001754   0x08001754   0x0000003c   Code   RO          331    i.bpl               6502.o
    0x08001790   0x08001790   0x00000040   Code   RO          332    i.brk               6502.o
    0x080017d0   0x080017d0   0x0000003c   Code   RO          333    i.bvc               6502.o
    0x0800180c   0x0800180c   0x0000003c   Code   RO          334    i.bvs               6502.o
    0x08001848   0x08001848   0x00000010   Code   RO          335    i.clc               6502.o
    0x08001858   0x08001858   0x00000010   Code   RO          336    i.cld               6502.o
    0x08001868   0x08001868   0x00000010   Code   RO          337    i.cli               6502.o
    0x08001878   0x08001878   0x00000010   Code   RO          338    i.clv               6502.o
    0x08001888   0x08001888   0x00000054   Code   RO          339    i.cmp               6502.o
    0x080018dc   0x080018dc   0x00000050   Code   RO          340    i.cpx               6502.o
    0x0800192c   0x0800192c   0x00000050   Code   RO          341    i.cpy               6502.o
    0x0800197c   0x0800197c   0x0000002c   Code   RO          342    i.dcp               6502.o
    0x080019a8   0x080019a8   0x00000044   Code   RO          343    i.dec               6502.o
    0x080019ec   0x080019ec   0x00000038   Code   RO          344    i.dex               6502.o
    0x08001a24   0x08001a24   0x00000038   Code   RO          345    i.dey               6502.o
    0x08001a5c   0x08001a5c   0x00000044   Code   RO          346    i.eor               6502.o
    0x08001aa0   0x08001aa0   0x000000ac   Code   RO          347    i.exec6502          6502.o
    0x08001b4c   0x08001b4c   0x00000018   Code   RO           19    i.fputc             main.o
    0x08001b64   0x08001b64   0x00000014   Code   RO           20    i.getkey            main.o
    0x08001b78   0x08001b78   0x00000024   Code   RO          350    i.getvalue          6502.o
    0x08001b9c   0x08001b9c   0x00000010   Code   RO          352    i.imm               6502.o
    0x08001bac   0x08001bac   0x00000002   Code   RO          353    i.imp               6502.o
    0x08001bae   0x08001bae   0x00000002   PAD
    0x08001bb0   0x08001bb0   0x00000044   Code   RO          354    i.inc               6502.o
    0x08001bf4   0x08001bf4   0x00000044   Code   RO          355    i.ind               6502.o
    0x08001c38   0x08001c38   0x00000030   Code   RO          356    i.indx              6502.o
    0x08001c68   0x08001c68   0x00000040   Code   RO          357    i.indy              6502.o
    0x08001ca8   0x08001ca8   0x00000038   Code   RO          358    i.inx               6502.o
    0x08001ce0   0x08001ce0   0x00000038   Code   RO          359    i.iny               6502.o
    0x08001d18   0x08001d18   0x0000002c   Code   RO          361    i.isb               6502.o
    0x08001d44   0x08001d44   0x0000000c   Code   RO          362    i.jmp               6502.o
    0x08001d50   0x08001d50   0x00000018   Code   RO          363    i.jsr               6502.o
    0x08001d68   0x08001d68   0x0000000e   Code   RO          364    i.lax               6502.o
    0x08001d76   0x08001d76   0x00000002   PAD
    0x08001d78   0x08001d78   0x0000003c   Code   RO          365    i.lda               6502.o
    0x08001db4   0x08001db4   0x0000003c   Code   RO          366    i.ldx               6502.o
    0x08001df0   0x08001df0   0x0000003c   Code   RO          367    i.ldy               6502.o
    0x08001e2c   0x08001e2c   0x00000054   Code   RO          368    i.lsr               6502.o
    0x08001e80   0x08001e80   0x00000030   Code   RO           21    i.main              main.o
    0x08001eb0   0x08001eb0   0x0000002c   Code   RO          370    i.nop               6502.o
    0x08001edc   0x08001edc   0x00000044   Code   RO          371    i.ora               6502.o
    0x08001f20   0x08001f20   0x0000000c   Code   RO          372    i.pha               6502.o
    0x08001f2c   0x08001f2c   0x00000010   Code   RO          373    i.php               6502.o
    0x08001f3c   0x08001f3c   0x00000034   Code   RO          374    i.pla               6502.o
    0x08001f70   0x08001f70   0x00000014   Code   RO          375    i.plp               6502.o
    0x08001f84   0x08001f84   0x00000034   Code   RO          376    i.pull16            6502.o
    0x08001fb8   0x08001fb8   0x00000018   Code   RO          377    i.pull8             6502.o
    0x08001fd0   0x08001fd0   0x00000030   Code   RO          378    i.push16            6502.o
    0x08002000   0x08002000   0x00000018   Code   RO          379    i.push8             6502.o
    0x08002018   0x08002018   0x00000028   Code   RO          380    i.putvalue          6502.o
    0x08002040   0x08002040   0x00000058   Code   RO           22    i.read6502          main.o
    0x08002098   0x08002098   0x00000020   Code   RO          381    i.rel               6502.o
    0x080020b8   0x080020b8   0x00000038   Code   RO          382    i.reset6502         6502.o
    0x080020f0   0x080020f0   0x0000002c   Code   RO          383    i.rla               6502.o
    0x0800211c   0x0800211c   0x00000058   Code   RO          384    i.rol               6502.o
    0x08002174   0x08002174   0x0000005c   Code   RO          385    i.ror               6502.o
    0x080021d0   0x080021d0   0x0000002c   Code   RO          386    i.rra               6502.o
    0x080021fc   0x080021fc   0x00000018   Code   RO          387    i.rti               6502.o
    0x08002214   0x08002214   0x00000014   Code   RO          388    i.rts               6502.o
    0x08002228   0x08002228   0x00000038   Code   RO          389    i.sax               6502.o
    0x08002260   0x08002260   0x000000bc   Code   RO          390    i.sbc               6502.o
    0x0800231c   0x0800231c   0x00000010   Code   RO          391    i.sec               6502.o
    0x0800232c   0x0800232c   0x00000010   Code   RO          392    i.sed               6502.o
    0x0800233c   0x0800233c   0x00000010   Code   RO          393    i.sei               6502.o
    0x0800234c   0x0800234c   0x0000000c   Code   RO           23    i.serout            main.o
    0x08002358   0x08002358   0x0000002c   Code   RO          394    i.slo               6502.o
    0x08002384   0x08002384   0x0000002c   Code   RO          395    i.sre               6502.o
    0x080023b0   0x080023b0   0x0000000c   Code   RO          396    i.sta               6502.o
    0x080023bc   0x080023bc   0x0000000c   Code   RO          398    i.stx               6502.o
    0x080023c8   0x080023c8   0x0000000c   Code   RO          399    i.sty               6502.o
    0x080023d4   0x080023d4   0x00000030   Code   RO          400    i.tax               6502.o
    0x08002404   0x08002404   0x00000030   Code   RO          401    i.tay               6502.o
    0x08002434   0x08002434   0x00000030   Code   RO          402    i.tsx               6502.o
    0x08002464   0x08002464   0x00000030   Code   RO          403    i.txa               6502.o
    0x08002494   0x08002494   0x0000000c   Code   RO          404    i.txs               6502.o
    0x080024a0   0x080024a0   0x00000030   Code   RO          405    i.tya               6502.o
    0x080024d0   0x080024d0   0x00000020   Code   RO           24    i.write6502         main.o
    0x080024f0   0x080024f0   0x00000018   Code   RO          406    i.zp                6502.o
    0x08002508   0x08002508   0x0000001c   Code   RO          407    i.zpx               6502.o
    0x08002524   0x08002524   0x0000001c   Code   RO          408    i.zpy               6502.o
    0x08002540   0x08002540   0x00000100   Data   RO           26    .constdata          main.o
    0x08002640   0x08002640   0x00000400   Data   RO          409    .constdata          6502.o
    0x08002a40   0x08002a40   0x0000291d   Data   RO          805    .constdata          rom.o
    0x0800535d   0x0800535d   0x00000010   Data   RO         2359    .constdata          system_stm32f4xx.o
    0x0800536d   0x0800536d   0x00000008   Data   RO         2360    .constdata          system_stm32f4xx.o
    0x08005375   0x08005375   0x00000003   PAD
    0x08005378   0x08005378   0x00000020   Data   RO         2698    Region$$Table       anon$$obj.o


    Execution Region RW_IRAM1 (Exec base: 0x20000000, Load base: 0x08005398, Size: 0x00004c98, Max: 0x00018000, ABSOLUTE, COMPRESSED[0x000001b8])

    Exec Addr    Load Addr    Size         Type   Attr      Idx    E Section Name        Object

    0x20000000   COMPRESSED   0x00000001   Data   RW           27    .data               main.o
    0x20000001   COMPRESSED   0x00000007   PAD
    0x20000008   COMPRESSED   0x00000838   Data   RW          410    .data               6502.o
    0x20000840   COMPRESSED   0x0000000c   Data   RW         2126    .data               stm32f4xx_hal.o
    0x2000084c   COMPRESSED   0x00000004   Data   RW         2361    .data               system_stm32f4xx.o
    0x20000850   COMPRESSED   0x00000004   Data   RW         2674    .data               mc_w.l(stdout.o)
    0x20000854        -       0x00004040   Zero   RW           25    .bss                main.o
    0x20004894   COMPRESSED   0x00000004   PAD
    0x20004898        -       0x00000400   Zero   RW            1    STACK               startup_stm32f401xe.o


==============================================================================

Image component sizes


      Code (inc. data)   RO Data    RW Data    ZI Data      Debug   Object Name

      4174        404       1024       2104          0      38842   6502.o
       472         80        256          1      16448     388967   main.o
         0          0      10525          0          0        375   rom.o
        36          8        404          0       1024        840   startup_stm32f401xe.o
       144         24          0         12          0       8645   stm32f4xx_hal.o
       222         14          0          0          0      34593   stm32f4xx_hal_cortex.o
        36          0          0          0          0       1219   stm32f4xx_hal_dma.o
       404         34          0          0          0       1724   stm32f4xx_hal_gpio.o
       156         20          0          0          0       1561   stm32f4xx_hal_msp.o
      1344         88          0          0          0       5728   stm32f4xx_hal_rcc.o
      1334         16          0          0          0       9811   stm32f4xx_hal_uart.o
        20          0          0          0          0       4118   stm32f4xx_it.o
       152         26         24          4          0       1875   system_stm32f4xx.o

    ----------------------------------------------------------------------
      8518        714      12268       2128      17476     498298   Object Totals
         0          0         32          0          0          0   (incl. Generated)
        24          0          3          7          4          0   (incl. Padding)

    ----------------------------------------------------------------------

      Code (inc. data)   RO Data    RW Data    ZI Data      Debug   Library Member Name

        86          0          0          0          0          0   __dczerorl2.o
         0          0          0          0          0          0   entry.o
         0          0          0          0          0          0   entry10a.o
         0          0          0          0          0          0   entry11a.o
         8          4          0          0          0          0   entry2.o
         4          0          0          0          0          0   entry5.o
         0          0          0          0          0          0   entry7b.o
         0          0          0          0          0          0   entry8b.o
         8          4          0          0          0          0   entry9a.o
        30          0          0          0          0          0   handlers.o
        36          8          0          0          0         68   init.o
        30          0          0          0          0         68   llshl.o
        32          0          0          0          0         68   llushr.o
        36          0          0          0          0        108   memseta.o
       246         10          0          0          0        176   printf2.o
         0          0          0          4          0          0   stdout.o
        98          0          0          0          0         92   uldiv.o

    ----------------------------------------------------------------------
       614         26          0          4          0        580   Library Totals
         0          0          0          0          0          0   (incl. Padding)

    ----------------------------------------------------------------------

      Code (inc. data)   RO Data    RW Data    ZI Data      Debug   Library Name

       614         26          0          4          0        580   mc_w.l

    ----------------------------------------------------------------------
       614         26          0          4          0        580   Library Totals

    ----------------------------------------------------------------------

==============================================================================


      Code (inc. data)   RO Data    RW Data    ZI Data      Debug   

      9132        740      12268       2132      17476     486054   Grand Totals
      9132        740      12268        440      17476     486054   ELF Image Totals (compressed)
      9132        740      12268        440          0          0   ROM Totals

==============================================================================

    Total RO  Size (Code + RO Data)                21400 (  20.90kB)
    Total RW  Size (RW Data + ZI Data)             19608 (  19.15kB)
    Total ROM Size (Code + RO Data + RW Data)      21840 (  21.33kB)

==============================================================================

